Archive member included to satisfy reference by file (symbol)

c:/users/shan_/documents/dev/gcc-arm-none-eabi/bin/../lib/gcc/arm-none-eabi/10.3.1/thumb/v7-m/nofp\libgcc.a(_arm_muldf3.o)
                              CMakeFiles/DEV.elf.dir/Core/Src/ntc.c.obj (__aeabi_dmul)
c:/users/shan_/documents/dev/gcc-arm-none-eabi/bin/../lib/gcc/arm-none-eabi/10.3.1/thumb/v7-m/nofp\libgcc.a(_arm_mulsf3.o)
                              CMakeFiles/DEV.elf.dir/Core/Src/led.c.obj (__aeabi_fmul)
c:/users/shan_/documents/dev/gcc-arm-none-eabi/bin/../lib/gcc/arm-none-eabi/10.3.1/thumb/v7-m/nofp\libgcc.a(_arm_addsubdf3.o)
                              CMakeFiles/DEV.elf.dir/Core/Src/ntc.c.obj (__aeabi_dadd)
c:/users/shan_/documents/dev/gcc-arm-none-eabi/bin/../lib/gcc/arm-none-eabi/10.3.1/thumb/v7-m/nofp\libgcc.a(_arm_muldivdf3.o)
                              CMakeFiles/DEV.elf.dir/Core/Src/ntc.c.obj (__aeabi_ddiv)
c:/users/shan_/documents/dev/gcc-arm-none-eabi/bin/../lib/gcc/arm-none-eabi/10.3.1/thumb/v7-m/nofp\libgcc.a(_arm_truncdfsf2.o)
                              CMakeFiles/DEV.elf.dir/Core/Src/ntc.c.obj (__aeabi_d2f)
c:/users/shan_/documents/dev/gcc-arm-none-eabi/bin/../lib/gcc/arm-none-eabi/10.3.1/thumb/v7-m/nofp\libgcc.a(_arm_addsubsf3.o)
                              CMakeFiles/DEV.elf.dir/Core/Src/ntc.c.obj (__aeabi_fsub)
c:/users/shan_/documents/dev/gcc-arm-none-eabi/bin/../lib/gcc/arm-none-eabi/10.3.1/thumb/v7-m/nofp\libgcc.a(_arm_muldivsf3.o)
                              CMakeFiles/DEV.elf.dir/Core/Src/led.c.obj (__aeabi_fdiv)
c:/users/shan_/documents/dev/gcc-arm-none-eabi/bin/../lib/gcc/arm-none-eabi/10.3.1/thumb/v7-m/nofp\libgcc.a(_arm_cmpsf2.o)
                              CMakeFiles/DEV.elf.dir/Core/Src/led.c.obj (__aeabi_fcmpgt)
c:/users/shan_/documents/dev/gcc-arm-none-eabi/bin/../lib/gcc/arm-none-eabi/10.3.1/thumb/v7-m/nofp\libgcc.a(_arm_fixunssfsi.o)
                              CMakeFiles/DEV.elf.dir/Core/Src/led.c.obj (__aeabi_f2uiz)
c:/users/shan_/documents/dev/gcc-arm-none-eabi/bin/../lib/gcc/arm-none-eabi/10.3.1/../../../../arm-none-eabi/lib/thumb/v7-m/nofp\libg.a(lib_a-errno.o)
                              CMakeFiles/DEV.elf.dir/Core/Src/syscalls.c.obj (__errno)
c:/users/shan_/documents/dev/gcc-arm-none-eabi/bin/../lib/gcc/arm-none-eabi/10.3.1/../../../../arm-none-eabi/lib/thumb/v7-m/nofp\libg.a(lib_a-exit.o)
                              c:/users/shan_/documents/dev/gcc-arm-none-eabi/bin/../lib/gcc/arm-none-eabi/10.3.1/../../../../arm-none-eabi/lib/thumb/v7-m/nofp/crt0.o (exit)
c:/users/shan_/documents/dev/gcc-arm-none-eabi/bin/../lib/gcc/arm-none-eabi/10.3.1/../../../../arm-none-eabi/lib/thumb/v7-m/nofp\libg.a(lib_a-impure.o)
                              c:/users/shan_/documents/dev/gcc-arm-none-eabi/bin/../lib/gcc/arm-none-eabi/10.3.1/../../../../arm-none-eabi/lib/thumb/v7-m/nofp\libg.a(lib_a-exit.o) (_global_impure_ptr)
c:/users/shan_/documents/dev/gcc-arm-none-eabi/bin/../lib/gcc/arm-none-eabi/10.3.1/../../../../arm-none-eabi/lib/thumb/v7-m/nofp\libg.a(lib_a-init.o)
                              c:/users/shan_/documents/dev/gcc-arm-none-eabi/bin/../lib/gcc/arm-none-eabi/10.3.1/../../../../arm-none-eabi/lib/thumb/v7-m/nofp/crt0.o (__libc_init_array)
c:/users/shan_/documents/dev/gcc-arm-none-eabi/bin/../lib/gcc/arm-none-eabi/10.3.1/../../../../arm-none-eabi/lib/thumb/v7-m/nofp\libg.a(lib_a-memset.o)
                              c:/users/shan_/documents/dev/gcc-arm-none-eabi/bin/../lib/gcc/arm-none-eabi/10.3.1/../../../../arm-none-eabi/lib/thumb/v7-m/nofp/crt0.o (memset)
c:/users/shan_/documents/dev/gcc-arm-none-eabi/bin/../lib/gcc/arm-none-eabi/10.3.1/../../../../arm-none-eabi/lib/thumb/v7-m/nofp\libg.a(lib_a-__call_atexit.o)
                              c:/users/shan_/documents/dev/gcc-arm-none-eabi/bin/../lib/gcc/arm-none-eabi/10.3.1/../../../../arm-none-eabi/lib/thumb/v7-m/nofp\libg.a(lib_a-exit.o) (__call_exitprocs)
c:/users/shan_/documents/dev/gcc-arm-none-eabi/bin/../lib/gcc/arm-none-eabi/10.3.1/../../../../arm-none-eabi/lib/thumb/v7-m/nofp\libg.a(lib_a-atexit.o)
                              c:/users/shan_/documents/dev/gcc-arm-none-eabi/bin/../lib/gcc/arm-none-eabi/10.3.1/../../../../arm-none-eabi/lib/thumb/v7-m/nofp\libg.a(lib_a-__call_atexit.o) (atexit)
c:/users/shan_/documents/dev/gcc-arm-none-eabi/bin/../lib/gcc/arm-none-eabi/10.3.1/../../../../arm-none-eabi/lib/thumb/v7-m/nofp\libg.a(lib_a-fini.o)
                              c:/users/shan_/documents/dev/gcc-arm-none-eabi/bin/../lib/gcc/arm-none-eabi/10.3.1/../../../../arm-none-eabi/lib/thumb/v7-m/nofp\libg.a(lib_a-__call_atexit.o) (__libc_fini_array)
c:/users/shan_/documents/dev/gcc-arm-none-eabi/bin/../lib/gcc/arm-none-eabi/10.3.1/../../../../arm-none-eabi/lib/thumb/v7-m/nofp\libg.a(lib_a-lock.o)
                              c:/users/shan_/documents/dev/gcc-arm-none-eabi/bin/../lib/gcc/arm-none-eabi/10.3.1/../../../../arm-none-eabi/lib/thumb/v7-m/nofp\libg.a(lib_a-__call_atexit.o) (__retarget_lock_acquire_recursive)
[...]
Memory Configuration

Name             Origin             Length             Attributes
RAM              0x20000000         0x00005000         xrw
FLASH            0x08000000         0x00010000         xr
*default*        0x00000000         0xffffffff

Linker script and memory map

LOAD c:/users/shan_/documents/dev/gcc-arm-none-eabi/bin/../lib/gcc/arm-none-eabi/10.3.1/thumb/v7-m/nofp/crti.o
LOAD c:/users/shan_/documents/dev/gcc-arm-none-eabi/bin/../lib/gcc/arm-none-eabi/10.3.1/thumb/v7-m/nofp/crtbegin.o
LOAD c:/users/shan_/documents/dev/gcc-arm-none-eabi/bin/../lib/gcc/arm-none-eabi/10.3.1/../../../../arm-none-eabi/lib/thumb/v7-m/nofp/crt0.o
LOAD CMakeFiles/DEV.elf.dir/Core/Src/adc.c.obj
LOAD CMakeFiles/DEV.elf.dir/Core/Src/exti.c.obj
LOAD CMakeFiles/DEV.elf.dir/Core/Src/gpio.c.obj
LOAD CMakeFiles/DEV.elf.dir/Core/Src/key.c.obj
LOAD CMakeFiles/DEV.elf.dir/Core/Src/led.c.obj
LOAD CMakeFiles/DEV.elf.dir/Core/Src/main.c.obj
LOAD CMakeFiles/DEV.elf.dir/Core/Src/ntc.c.obj
LOAD CMakeFiles/DEV.elf.dir/Core/Src/stm32f1xx_hal_msp.c.obj
LOAD CMakeFiles/DEV.elf.dir/Core/Src/stm32f1xx_it.c.obj
LOAD CMakeFiles/DEV.elf.dir/Core/Src/syscalls.c.obj
LOAD CMakeFiles/DEV.elf.dir/Core/Src/sysmem.c.obj
LOAD CMakeFiles/DEV.elf.dir/Core/Src/system_stm32f1xx.c.obj
LOAD CMakeFiles/DEV.elf.dir/Core/Src/tim.c.obj
LOAD CMakeFiles/DEV.elf.dir/Core/Startup/startup_stm32f103c8tx.s.obj
LOAD CMakeFiles/DEV.elf.dir/Drivers/STM32F1xx_HAL_Driver/Src/stm32f1xx_hal.c.obj
LOAD CMakeFiles/DEV.elf.dir/Drivers/STM32F1xx_HAL_Driver/Src/stm32f1xx_hal_adc.c.obj
LOAD CMakeFiles/DEV.elf.dir/Drivers/STM32F1xx_HAL_Driver/Src/stm32f1xx_hal_adc_ex.c.obj
LOAD CMakeFiles/DEV.elf.dir/Drivers/STM32F1xx_HAL_Driver/Src/stm32f1xx_hal_cortex.c.obj
LOAD CMakeFiles/DEV.elf.dir/Drivers/STM32F1xx_HAL_Driver/Src/stm32f1xx_hal_dma.c.obj
LOAD CMakeFiles/DEV.elf.dir/Drivers/STM32F1xx_HAL_Driver/Src/stm32f1xx_hal_exti.c.obj
LOAD CMakeFiles/DEV.elf.dir/Drivers/STM32F1xx_HAL_Driver/Src/stm32f1xx_hal_flash.c.obj
LOAD CMakeFiles/DEV.elf.dir/Drivers/STM32F1xx_HAL_Driver/Src/stm32f1xx_hal_flash_ex.c.obj
LOAD CMakeFiles/DEV.elf.dir/Drivers/STM32F1xx_HAL_Driver/Src/stm32f1xx_hal_gpio.c.obj
LOAD CMakeFiles/DEV.elf.dir/Drivers/STM32F1xx_HAL_Driver/Src/stm32f1xx_hal_gpio_ex.c.obj
LOAD CMakeFiles/DEV.elf.dir/Drivers/STM32F1xx_HAL_Driver/Src/stm32f1xx_hal_pwr.c.obj
LOAD CMakeFiles/DEV.elf.dir/Drivers/STM32F1xx_HAL_Driver/Src/stm32f1xx_hal_rcc.c.obj
LOAD CMakeFiles/DEV.elf.dir/Drivers/STM32F1xx_HAL_Driver/Src/stm32f1xx_hal_rcc_ex.c.obj
LOAD CMakeFiles/DEV.elf.dir/Drivers/STM32F1xx_HAL_Driver/Src/stm32f1xx_hal_tim.c.obj
LOAD CMakeFiles/DEV.elf.dir/Drivers/STM32F1xx_HAL_Driver/Src/stm32f1xx_hal_tim_ex.c.obj
START GROUP
LOAD c:/users/shan_/documents/dev/gcc-arm-none-eabi/bin/../lib/gcc/arm-none-eabi/10.3.1/thumb/v7-m/nofp\libgcc.a
LOAD c:/users/shan_/documents/dev/gcc-arm-none-eabi/bin/../lib/gcc/arm-none-eabi/10.3.1/../../../../arm-none-eabi/lib/thumb/v7-m/nofp\libg.a
LOAD c:/users/shan_/documents/dev/gcc-arm-none-eabi/bin/../lib/gcc/arm-none-eabi/10.3.1/../../../../arm-none-eabi/lib/thumb/v7-m/nofp\libc.a
END GROUP
LOAD c:/users/shan_/documents/dev/gcc-arm-none-eabi/bin/../lib/gcc/arm-none-eabi/10.3.1/thumb/v7-m/nofp/crtend.o
LOAD c:/users/shan_/documents/dev/gcc-arm-none-eabi/bin/../lib/gcc/arm-none-eabi/10.3.1/thumb/v7-m/nofp/crtn.o
                0x20005000                _estack = (ORIGIN (RAM) + LENGTH (RAM))
                0x00000200                _Min_Heap_Size = 0x200
                0x00000400                _Min_Stack_Size = 0x400

.isr_vector     0x08000000      0x10c
                0x08000000                . = ALIGN (0x4)
 *(.isr_vector)
 .isr_vector    0x08000000      0x10c CMakeFiles/DEV.elf.dir/Core/Startup/startup_stm32f103c8tx.s.obj
                0x08000000                g_pfnVectors
                0x0800010c                . = ALIGN (0x4)

.text           0x08000110     0x33a4
                0x08000110                . = ALIGN (0x4)
 *(.text)
 .text          0x08000110      0x378 c:/users/shan_/documents/dev/gcc-arm-none-eabi/bin/../lib/gcc/arm-none-eabi/10.3.1/thumb/v7-m/nofp\libgcc.a(_arm_addsubdf3.o)
                0x08000110                __aeabi_drsub
                0x08000118                __aeabi_dsub
                0x08000118                __subdf3
                0x0800011c                __aeabi_dadd
                0x0800011c                __adddf3
                0x08000394                __floatunsidf
                0x08000394                __aeabi_ui2d
                0x080003b4                __floatsidf
                0x080003b4                __aeabi_i2d
                0x080003d8                __aeabi_f2d
                0x080003d8                __extendsfdf2
                0x0800041c                __floatundidf
                0x0800041c                __aeabi_ul2d
                0x0800042c                __floatdidf
                0x0800042c                __aeabi_l2d
 .text          0x08000488      0x424 c:/users/shan_/documents/dev/gcc-arm-none-eabi/bin/../lib/gcc/arm-none-eabi/10.3.1/thumb/v7-m/nofp\libgcc.a(_arm_muldivdf3.o)
                0x08000488                __aeabi_dmul
                0x08000488                __muldf3
                0x080006dc                __divdf3
                0x080006dc                __aeabi_ddiv
 .text          0x080008ac       0xa0 c:/users/shan_/documents/dev/gcc-arm-none-eabi/bin/../lib/gcc/arm-none-eabi/10.3.1/thumb/v7-m/nofp\libgcc.a(_arm_truncdfsf2.o)
                0x080008ac                __truncdfsf2
                0x080008ac                __aeabi_d2f
 .text          0x0800094c      0x21c c:/users/shan_/documents/dev/gcc-arm-none-eabi/bin/../lib/gcc/arm-none-eabi/10.3.1/thumb/v7-m/nofp\libgcc.a(_arm_addsubsf3.o)
                0x0800094c                __aeabi_frsub
                0x08000954                __subsf3
                0x08000954                __aeabi_fsub
                0x08000958                __aeabi_fadd
                0x08000958                __addsf3
                0x08000ab8                __aeabi_ui2f
                0x08000ab8                __floatunsisf
                0x08000ac0                __aeabi_i2f
                0x08000ac0                __floatsisf
                0x08000adc                __aeabi_ul2f
                0x08000adc                __floatundisf
                0x08000aec                __aeabi_l2f
                0x08000aec                __floatdisf
 .text          0x08000b68      0x2a0 c:/users/shan_/documents/dev/gcc-arm-none-eabi/bin/../lib/gcc/arm-none-eabi/10.3.1/thumb/v7-m/nofp\libgcc.a(_arm_muldivsf3.o)
                0x08000b68                __mulsf3
                0x08000b68                __aeabi_fmul
                0x08000cd0                __aeabi_fdiv
                0x08000cd0                __divsf3
 .text          0x08000e08       0xec c:/users/shan_/documents/dev/gcc-arm-none-eabi/bin/../lib/gcc/arm-none-eabi/10.3.1/thumb/v7-m/nofp\libgcc.a(_arm_cmpsf2.o)
                0x08000e08                __gesf2
                0x08000e08                __gtsf2
                0x08000e10                __lesf2
                0x08000e10                __ltsf2
                0x08000e18                __nesf2
                0x08000e18                __eqsf2
                0x08000e18                __cmpsf2
                0x08000e78                __aeabi_cfrcmple
                0x08000e80                __aeabi_cfcmpeq
                0x08000e80                __aeabi_cfcmple
                0x08000e90                __aeabi_fcmpeq
                0x08000ea4                __aeabi_fcmplt
                0x08000eb8                __aeabi_fcmple
                0x08000ecc                __aeabi_fcmpge
                0x08000ee0                __aeabi_fcmpgt
 .text          0x08000ef4       0x40 c:/users/shan_/documents/dev/gcc-arm-none-eabi/bin/../lib/gcc/arm-none-eabi/10.3.1/thumb/v7-m/nofp\libgcc.a(_arm_fixunssfsi.o)
                0x08000ef4                __fixunssfsi
                0x08000ef4                __aeabi_f2uiz
 .text          0x08000f34      0x110 c:/users/shan_/documents/dev/gcc-arm-none-eabi/bin/../lib/gcc/arm-none-eabi/10.3.1/thumb/v7-m/nofp\libgcc.a(_arm_cmpdf2.o)
                0x08000f34                __gtdf2
                0x08000f34                __gedf2
                0x08000f3c                __ltdf2
                0x08000f3c                __ledf2
                0x08000f44                __nedf2
                0x08000f44                __eqdf2
                0x08000f44                __cmpdf2
                0x08000fc0                __aeabi_cdrcmple
                0x08000fd0                __aeabi_cdcmpeq
                0x08000fd0                __aeabi_cdcmple
                0x08000fe0                __aeabi_dcmpeq
                0x08000ff4                __aeabi_dcmplt
                0x08001008                __aeabi_dcmple
                0x0800101c                __aeabi_dcmpge
                0x08001030                __aeabi_dcmpgt
 .text          0x08001044       0x2c c:/users/shan_/documents/dev/gcc-arm-none-eabi/bin/../lib/gcc/arm-none-eabi/10.3.1/thumb/v7-m/nofp\libgcc.a(_arm_unorddf2.o)
                0x08001044                __unorddf2
                0x08001044                __aeabi_dcmpun
 *(.text*)
 .text.MX_ADC2_Init
                0x08001070       0x5c CMakeFiles/DEV.elf.dir/Core/Src/adc.c.obj
                0x08001070                MX_ADC2_Init
 .text.HAL_ADC_MspInit
                0x080010cc       0x60 CMakeFiles/DEV.elf.dir/Core/Src/adc.c.obj
                0x080010cc                HAL_ADC_MspInit
 .text.Read_Temperature
                0x0800112c       0x24 CMakeFiles/DEV.elf.dir/Core/Src/adc.c.obj
                0x0800112c                Read_Temperature
 .text.MX_GPIO_Init
                0x08001150       0xbc CMakeFiles/DEV.elf.dir/Core/Src/gpio.c.obj
                0x08001150                MX_GPIO_Init
 .text.ConvertToFahrenheit
                0x0800120c       0x14 CMakeFiles/DEV.elf.dir/Core/Src/led.c.obj
                0x0800120c                ConvertToFahrenheit
 .text.ClearAllSegments
                0x08001220       0x40 CMakeFiles/DEV.elf.dir/Core/Src/led.c.obj
                0x08001220                ClearAllSegments
 .text.LightSegment
                0x08001260       0x28 CMakeFiles/DEV.elf.dir/Core/Src/led.c.obj
                0x08001260                LightSegment
 .text.DisplayDigit
                0x08001288       0x38 CMakeFiles/DEV.elf.dir/Core/Src/led.c.obj
                0x08001288                DisplayDigit
 .text.DisplayDigithundreds
                0x080012c0       0x1e CMakeFiles/DEV.elf.dir/Core/Src/led.c.obj
                0x080012c0                DisplayDigithundreds
 *fill*         0x080012de        0x2 
 .text.DisplayHotTemp
                0x080012e0       0x2c CMakeFiles/DEV.elf.dir/Core/Src/led.c.obj
                0x080012e0                DisplayHotTemp
 .text.DisplayHotLEDsByRate
                0x0800130c       0x18 CMakeFiles/DEV.elf.dir/Core/Src/led.c.obj
                0x0800130c                DisplayHotLEDsByRate
 .text.DisplayConversionC
                0x08001324        0xa CMakeFiles/DEV.elf.dir/Core/Src/led.c.obj
                0x08001324                DisplayConversionC
 .text.DisplayConversionF
                0x0800132e        0xa CMakeFiles/DEV.elf.dir/Core/Src/led.c.obj
                0x0800132e                DisplayConversionF
 .text.DisplayNumber
                0x08001338        0xc CMakeFiles/DEV.elf.dir/Core/Src/led.c.obj
                0x08001338                DisplayNumber
 .text.Set_LevelBar
                0x08001344       0x30 CMakeFiles/DEV.elf.dir/Core/Src/led.c.obj
                0x08001344                Set_LevelBar
 .text.RefreshDisplay
                0x08001374      0x150 CMakeFiles/DEV.elf.dir/Core/Src/led.c.obj
                0x08001374                RefreshDisplay
 .text.LED_Process
                0x080014c4       0x64 CMakeFiles/DEV.elf.dir/Core/Src/led.c.obj
                0x080014c4                LED_Process
 .text.ntc      0x08001528       0xb4 CMakeFiles/DEV.elf.dir/Core/Src/led.c.obj
                0x08001528                ntc
 .text.Error_Handler
                0x080015dc        0x4 CMakeFiles/DEV.elf.dir/Core/Src/main.c.obj
                0x080015dc                Error_Handler
 .text.SystemClock_Config
                0x080015e0       0x84 CMakeFiles/DEV.elf.dir/Core/Src/main.c.obj
                0x080015e0                SystemClock_Config
 .text.main     0x08001664       0x1c CMakeFiles/DEV.elf.dir/Core/Src/main.c.obj
                0x08001664                main
 .text.NTC_ConvertToCelsius
                0x08001680       0xc0 CMakeFiles/DEV.elf.dir/Core/Src/ntc.c.obj
                0x08001680                NTC_ConvertToCelsius
 .text.HAL_MspInit
                0x08001740       0x4c CMakeFiles/DEV.elf.dir/Core/Src/stm32f1xx_hal_msp.c.obj
                0x08001740                HAL_MspInit
 .text.NMI_Handler
                0x0800178c        0x2 CMakeFiles/DEV.elf.dir/Core/Src/stm32f1xx_it.c.obj
                0x0800178c                NMI_Handler
 .text.HardFault_Handler
                0x0800178e        0x2 CMakeFiles/DEV.elf.dir/Core/Src/stm32f1xx_it.c.obj
                0x0800178e                HardFault_Handler
 .text.MemManage_Handler
                0x08001790        0x2 CMakeFiles/DEV.elf.dir/Core/Src/stm32f1xx_it.c.obj
                0x08001790                MemManage_Handler
 .text.BusFault_Handler
                0x08001792        0x2 CMakeFiles/DEV.elf.dir/Core/Src/stm32f1xx_it.c.obj
                0x08001792                BusFault_Handler
 .text.UsageFault_Handler
                0x08001794        0x2 CMakeFiles/DEV.elf.dir/Core/Src/stm32f1xx_it.c.obj
                0x08001794                UsageFault_Handler
 .text.SVC_Handler
                0x08001796        0x2 CMakeFiles/DEV.elf.dir/Core/Src/stm32f1xx_it.c.obj
                0x08001796                SVC_Handler
 .text.DebugMon_Handler
                0x08001798        0x2 CMakeFiles/DEV.elf.dir/Core/Src/stm32f1xx_it.c.obj
                0x08001798                DebugMon_Handler
 .text.PendSV_Handler
                0x0800179a        0x2 CMakeFiles/DEV.elf.dir/Core/Src/stm32f1xx_it.c.obj
                0x0800179a                PendSV_Handler
 .text.SysTick_Handler
                0x0800179c        0x8 CMakeFiles/DEV.elf.dir/Core/Src/stm32f1xx_it.c.obj
                0x0800179c                SysTick_Handler
 .text.SystemInit
                0x080017a4        0x2 CMakeFiles/DEV.elf.dir/Core/Src/system_stm32f1xx.c.obj
                0x080017a4                SystemInit
 *fill*         0x080017a6        0x2 
 .text.MX_TIM2_Init
                0x080017a8       0xa0 CMakeFiles/DEV.elf.dir/Core/Src/tim.c.obj
                0x080017a8                MX_TIM2_Init
 .text.HAL_TIM_Base_MspInit
                0x08001848       0x58 CMakeFiles/DEV.elf.dir/Core/Src/tim.c.obj
                0x08001848                HAL_TIM_Base_MspInit
 .text.Reset_Handler
                0x080018a0       0x48 CMakeFiles/DEV.elf.dir/Core/Startup/startup_stm32f103c8tx.s.obj
                0x080018a0                Reset_Handler
 .text.Default_Handler
                0x080018e8        0x2 CMakeFiles/DEV.elf.dir/Core/Startup/startup_stm32f103c8tx.s.obj
                0x080018e8                RTC_Alarm_IRQHandler
                0x080018e8                EXTI2_IRQHandler
                0x080018e8                TIM1_CC_IRQHandler
                0x080018e8                PVD_IRQHandler
                0x080018e8                EXTI3_IRQHandler
                0x080018e8                EXTI0_IRQHandler
                0x080018e8                I2C2_EV_IRQHandler
                0x080018e8                ADC1_2_IRQHandler
                0x080018e8                SPI1_IRQHandler
                0x080018e8                TAMPER_IRQHandler
                0x080018e8                DMA1_Channel4_IRQHandler
                0x080018e8                USART3_IRQHandler
                0x080018e8                RTC_IRQHandler
                0x080018e8                DMA1_Channel7_IRQHandler
                0x080018e8                CAN1_RX1_IRQHandler
                0x080018e8                TIM4_IRQHandler
                0x080018e8                I2C1_EV_IRQHandler
                0x080018e8                DMA1_Channel6_IRQHandler
                0x080018e8                TIM3_IRQHandler
                0x080018e8                RCC_IRQHandler
                0x080018e8                TIM1_TRG_COM_IRQHandler
                0x080018e8                DMA1_Channel1_IRQHandler
                0x080018e8                Default_Handler
                0x080018e8                EXTI15_10_IRQHandler
                0x080018e8                EXTI9_5_IRQHandler
                0x080018e8                SPI2_IRQHandler
                0x080018e8                DMA1_Channel5_IRQHandler
                0x080018e8                EXTI4_IRQHandler
                0x080018e8                USB_LP_CAN1_RX0_IRQHandler
                0x080018e8                USB_HP_CAN1_TX_IRQHandler
                0x080018e8                DMA1_Channel3_IRQHandler
                0x080018e8                TIM1_UP_IRQHandler
                0x080018e8                WWDG_IRQHandler
                0x080018e8                TIM2_IRQHandler
                0x080018e8                TIM1_BRK_IRQHandler
                0x080018e8                EXTI1_IRQHandler
                0x080018e8                USART2_IRQHandler
                0x080018e8                I2C2_ER_IRQHandler
                0x080018e8                DMA1_Channel2_IRQHandler
                0x080018e8                CAN1_SCE_IRQHandler
                0x080018e8                FLASH_IRQHandler
                0x080018e8                USART1_IRQHandler
                0x080018e8                I2C1_ER_IRQHandler
                0x080018e8                USBWakeUp_IRQHandler
 *fill*         0x080018ea        0x2 
 .text.HAL_InitTick
                0x080018ec       0x4c CMakeFiles/DEV.elf.dir/Drivers/STM32F1xx_HAL_Driver/Src/stm32f1xx_hal.c.obj
                0x080018ec                HAL_InitTick
 .text.HAL_Init
                0x08001938       0x24 CMakeFiles/DEV.elf.dir/Drivers/STM32F1xx_HAL_Driver/Src/stm32f1xx_hal.c.obj
                0x08001938                HAL_Init
 .text.HAL_IncTick
                0x0800195c       0x18 CMakeFiles/DEV.elf.dir/Drivers/STM32F1xx_HAL_Driver/Src/stm32f1xx_hal.c.obj
                0x0800195c                HAL_IncTick
 .text.HAL_GetTick
                0x08001974        0xc CMakeFiles/DEV.elf.dir/Drivers/STM32F1xx_HAL_Driver/Src/stm32f1xx_hal.c.obj
                0x08001974                HAL_GetTick
 .text.HAL_Delay
                0x08001980       0x28 CMakeFiles/DEV.elf.dir/Drivers/STM32F1xx_HAL_Driver/Src/stm32f1xx_hal.c.obj
                0x08001980                HAL_Delay
 .text.HAL_ADC_PollForConversion
                0x080019a8      0x184 CMakeFiles/DEV.elf.dir/Drivers/STM32F1xx_HAL_Driver/Src/stm32f1xx_hal_adc.c.obj
                0x080019a8                HAL_ADC_PollForConversion
 .text.HAL_ADC_GetValue
                0x08001b2c        0x6 CMakeFiles/DEV.elf.dir/Drivers/STM32F1xx_HAL_Driver/Src/stm32f1xx_hal_adc.c.obj
                0x08001b2c                HAL_ADC_GetValue
 *fill*         0x08001b32        0x2 
 .text.HAL_ADC_ConfigChannel
                0x08001b34      0x144 CMakeFiles/DEV.elf.dir/Drivers/STM32F1xx_HAL_Driver/Src/stm32f1xx_hal_adc.c.obj
                0x08001b34                HAL_ADC_ConfigChannel
 .text.ADC_Enable
                0x08001c78       0x88 CMakeFiles/DEV.elf.dir/Drivers/STM32F1xx_HAL_Driver/Src/stm32f1xx_hal_adc.c.obj
                0x08001c78                ADC_Enable
 .text.HAL_ADC_Start
                0x08001d00       0xe8 CMakeFiles/DEV.elf.dir/Drivers/STM32F1xx_HAL_Driver/Src/stm32f1xx_hal_adc.c.obj
                0x08001d00                HAL_ADC_Start
 .text.ADC_ConversionStop_Disable
                0x08001de8       0x56 CMakeFiles/DEV.elf.dir/Drivers/STM32F1xx_HAL_Driver/Src/stm32f1xx_hal_adc.c.obj
                0x08001de8                ADC_ConversionStop_Disable
 *fill*         0x08001e3e        0x2 
 .text.HAL_ADC_Init
                0x08001e40      0x108 CMakeFiles/DEV.elf.dir/Drivers/STM32F1xx_HAL_Driver/Src/stm32f1xx_hal_adc.c.obj
                0x08001e40                HAL_ADC_Init
 .text.HAL_NVIC_SetPriorityGrouping
                0x08001f48       0x24 CMakeFiles/DEV.elf.dir/Drivers/STM32F1xx_HAL_Driver/Src/stm32f1xx_hal_cortex.c.obj
                0x08001f48                HAL_NVIC_SetPriorityGrouping
 .text.HAL_NVIC_SetPriority
                0x08001f6c       0x70 CMakeFiles/DEV.elf.dir/Drivers/STM32F1xx_HAL_Driver/Src/stm32f1xx_hal_cortex.c.obj
                0x08001f6c                HAL_NVIC_SetPriority
 .text.HAL_SYSTICK_Config
                0x08001fdc       0x28 CMakeFiles/DEV.elf.dir/Drivers/STM32F1xx_HAL_Driver/Src/stm32f1xx_hal_cortex.c.obj
                0x08001fdc                HAL_SYSTICK_Config
 .text.HAL_GPIO_Init
                0x08002004      0x224 CMakeFiles/DEV.elf.dir/Drivers/STM32F1xx_HAL_Driver/Src/stm32f1xx_hal_gpio.c.obj
                0x08002004                HAL_GPIO_Init
 .text.HAL_GPIO_ReadPin
                0x08002228        0xe CMakeFiles/DEV.elf.dir/Drivers/STM32F1xx_HAL_Driver/Src/stm32f1xx_hal_gpio.c.obj
                0x08002228                HAL_GPIO_ReadPin
 .text.HAL_GPIO_WritePin
                0x08002236        0xc CMakeFiles/DEV.elf.dir/Drivers/STM32F1xx_HAL_Driver/Src/stm32f1xx_hal_gpio.c.obj
                0x08002236                HAL_GPIO_WritePin
 *fill*         0x08002242        0x2 
 .text.RCC_Delay
                0x08002244       0x2c CMakeFiles/DEV.elf.dir/Drivers/STM32F1xx_HAL_Driver/Src/stm32f1xx_hal_rcc.c.obj
 .text.HAL_RCC_OscConfig
                0x08002270      0x410 CMakeFiles/DEV.elf.dir/Drivers/STM32F1xx_HAL_Driver/Src/stm32f1xx_hal_rcc.c.obj
                0x08002270                HAL_RCC_OscConfig
 .text.HAL_RCC_GetSysClockFreq
                0x08002680       0x54 CMakeFiles/DEV.elf.dir/Drivers/STM32F1xx_HAL_Driver/Src/stm32f1xx_hal_rcc.c.obj
                0x08002680                HAL_RCC_GetSysClockFreq
 .text.HAL_RCC_ClockConfig
                0x080026d4      0x16c CMakeFiles/DEV.elf.dir/Drivers/STM32F1xx_HAL_Driver/Src/stm32f1xx_hal_rcc.c.obj
                0x080026d4                HAL_RCC_ClockConfig
 .text.HAL_RCC_GetHCLKFreq
                0x08002840        0xc CMakeFiles/DEV.elf.dir/Drivers/STM32F1xx_HAL_Driver/Src/stm32f1xx_hal_rcc.c.obj
                0x08002840                HAL_RCC_GetHCLKFreq
 .text.HAL_RCC_GetPCLK2Freq
                0x0800284c       0x20 CMakeFiles/DEV.elf.dir/Drivers/STM32F1xx_HAL_Driver/Src/stm32f1xx_hal_rcc.c.obj
                0x0800284c                HAL_RCC_GetPCLK2Freq
 .text.HAL_RCCEx_PeriphCLKConfig
                0x0800286c      0x118 CMakeFiles/DEV.elf.dir/Drivers/STM32F1xx_HAL_Driver/Src/stm32f1xx_hal_rcc_ex.c.obj
                0x0800286c                HAL_RCCEx_PeriphCLKConfig
 .text.HAL_RCCEx_GetPeriphCLKFreq
                0x08002984       0xd8 CMakeFiles/DEV.elf.dir/Drivers/STM32F1xx_HAL_Driver/Src/stm32f1xx_hal_rcc_ex.c.obj
                0x08002984                HAL_RCCEx_GetPeriphCLKFreq
 .text.TIM_TI1_ConfigInputStage
                0x08002a5c       0x24 CMakeFiles/DEV.elf.dir/Drivers/STM32F1xx_HAL_Driver/Src/stm32f1xx_hal_tim.c.obj
 .text.TIM_TI2_SetConfig
                0x08002a80       0x36 CMakeFiles/DEV.elf.dir/Drivers/STM32F1xx_HAL_Driver/Src/stm32f1xx_hal_tim.c.obj
 .text.TIM_TI2_ConfigInputStage
                0x08002ab6       0x26 CMakeFiles/DEV.elf.dir/Drivers/STM32F1xx_HAL_Driver/Src/stm32f1xx_hal_tim.c.obj
 .text.TIM_TI3_SetConfig
                0x08002adc       0x36 CMakeFiles/DEV.elf.dir/Drivers/STM32F1xx_HAL_Driver/Src/stm32f1xx_hal_tim.c.obj
 .text.TIM_TI4_SetConfig
                0x08002b12       0x36 CMakeFiles/DEV.elf.dir/Drivers/STM32F1xx_HAL_Driver/Src/stm32f1xx_hal_tim.c.obj
 .text.TIM_ITRx_SetConfig
                0x08002b48       0x10 CMakeFiles/DEV.elf.dir/Drivers/STM32F1xx_HAL_Driver/Src/stm32f1xx_hal_tim.c.obj
 .text.HAL_TIM_IC_MspInit
                0x08002b58        0x2 CMakeFiles/DEV.elf.dir/Drivers/STM32F1xx_HAL_Driver/Src/stm32f1xx_hal_tim.c.obj
                0x08002b58                HAL_TIM_IC_MspInit
 *fill*         0x08002b5a        0x2 
 .text.TIM_Base_SetConfig
                0x08002b5c       0x84 CMakeFiles/DEV.elf.dir/Drivers/STM32F1xx_HAL_Driver/Src/stm32f1xx_hal_tim.c.obj
                0x08002b5c                TIM_Base_SetConfig
 .text.HAL_TIM_Base_Init
                0x08002be0       0x58 CMakeFiles/DEV.elf.dir/Drivers/STM32F1xx_HAL_Driver/Src/stm32f1xx_hal_tim.c.obj
                0x08002be0                HAL_TIM_Base_Init
 .text.HAL_TIM_IC_Init
                0x08002c38       0x58 CMakeFiles/DEV.elf.dir/Drivers/STM32F1xx_HAL_Driver/Src/stm32f1xx_hal_tim.c.obj
                0x08002c38                HAL_TIM_IC_Init
 .text.TIM_TI1_SetConfig
                0x08002c90       0x58 CMakeFiles/DEV.elf.dir/Drivers/STM32F1xx_HAL_Driver/Src/stm32f1xx_hal_tim.c.obj
                0x08002c90                TIM_TI1_SetConfig
 .text.HAL_TIM_IC_ConfigChannel
                0x08002ce8       0xc4 CMakeFiles/DEV.elf.dir/Drivers/STM32F1xx_HAL_Driver/Src/stm32f1xx_hal_tim.c.obj
                0x08002ce8                HAL_TIM_IC_ConfigChannel
 .text.TIM_ETR_SetConfig
                0x08002dac       0x18 CMakeFiles/DEV.elf.dir/Drivers/STM32F1xx_HAL_Driver/Src/stm32f1xx_hal_tim.c.obj
                0x08002dac                TIM_ETR_SetConfig
 .text.HAL_TIM_ConfigClockSource
                0x08002dc4       0xfe CMakeFiles/DEV.elf.dir/Drivers/STM32F1xx_HAL_Driver/Src/stm32f1xx_hal_tim.c.obj
                0x08002dc4                HAL_TIM_ConfigClockSource
 *fill*         0x08002ec2        0x2 
 .text.HAL_TIMEx_MasterConfigSynchronization
                0x08002ec4       0x6c CMakeFiles/DEV.elf.dir/Drivers/STM32F1xx_HAL_Driver/Src/stm32f1xx_hal_tim_ex.c.obj
                0x08002ec4                HAL_TIMEx_MasterConfigSynchronization
 .text.__errno  0x08002f30        0xc c:/users/shan_/documents/dev/gcc-arm-none-eabi/bin/../lib/gcc/arm-none-eabi/10.3.1/../../../../arm-none-eabi/lib/thumb/v7-m/nofp\libg.a(lib_a-errno.o)
                0x08002f30                __errno
 .text.__libc_init_array
                0x08002f3c       0x48 c:/users/shan_/documents/dev/gcc-arm-none-eabi/bin/../lib/gcc/arm-none-eabi/10.3.1/../../../../arm-none-eabi/lib/thumb/v7-m/nofp\libg.a(lib_a-init.o)
                0x08002f3c                __libc_init_array
 .text.memset   0x08002f84       0xa4 c:/users/shan_/documents/dev/gcc-arm-none-eabi/bin/../lib/gcc/arm-none-eabi/10.3.1/../../../../arm-none-eabi/lib/thumb/v7-m/nofp\libg.a(lib_a-memset.o)
                0x08002f84                memset
 .text.log      0x08003028       0x68 c:/users/shan_/documents/dev/gcc-arm-none-eabi/bin/../lib/gcc/arm-none-eabi/10.3.1/../../../../arm-none-eabi/lib/thumb/v7-m/nofp\libm.a(lib_a-w_log.o)
                0x08003028                log
 .text.__ieee754_log
                0x08003090      0x400 c:/users/shan_/documents/dev/gcc-arm-none-eabi/bin/../lib/gcc/arm-none-eabi/10.3.1/../../../../arm-none-eabi/lib/thumb/v7-m/nofp\libm.a(lib_a-e_log.o)
                0x08003090                __ieee754_log
 .text.nan      0x08003490        0xc c:/users/shan_/documents/dev/gcc-arm-none-eabi/bin/../lib/gcc/arm-none-eabi/10.3.1/../../../../arm-none-eabi/lib/thumb/v7-m/nofp\libm.a(lib_a-s_nan.o)
                0x08003490                nan
 *(.glue_7)
 .glue_7        0x0800349c        0x0 linker stubs
 *(.glue_7t)
 .glue_7t       0x0800349c        0x0 linker stubs
 *(.eh_frame)
 *(.init)
 .init          0x0800349c        0x4 c:/users/shan_/documents/dev/gcc-arm-none-eabi/bin/../lib/gcc/arm-none-eabi/10.3.1/thumb/v7-m/nofp/crti.o
                0x0800349c                _init
 .init          0x080034a0        0x8 c:/users/shan_/documents/dev/gcc-arm-none-eabi/bin/../lib/gcc/arm-none-eabi/10.3.1/thumb/v7-m/nofp/crtn.o
 *(.fini)
 .fini          0x080034a8        0x4 c:/users/shan_/documents/dev/gcc-arm-none-eabi/bin/../lib/gcc/arm-none-eabi/10.3.1/thumb/v7-m/nofp/crti.o
                0x080034a8                _fini
 .fini          0x080034ac        0x8 c:/users/shan_/documents/dev/gcc-arm-none-eabi/bin/../lib/gcc/arm-none-eabi/10.3.1/thumb/v7-m/nofp/crtn.o
                0x080034b4                . = ALIGN (0x4)
                0x080034b4                _etext = .

.vfp11_veneer   0x080034b4        0x0
 .vfp11_veneer  0x080034b4        0x0 linker stubs

.v4_bx          0x080034b4        0x0
 .v4_bx         0x080034b4        0x0 linker stubs

.iplt           0x080034b4        0x0
 .iplt          0x080034b4        0x0 CMakeFiles/DEV.elf.dir/Core/Src/adc.c.obj

.rodata         0x080034b4       0x84
                0x080034b4                . = ALIGN (0x4)
 *(.rodata)
 *(.rodata*)
 .rodata.column_pins
                0x080034b4        0xc CMakeFiles/DEV.elf.dir/Core/Src/led.c.obj
                0x080034b4                column_pins
 .rodata.level_bar_rows
                0x080034c0       0x12 CMakeFiles/DEV.elf.dir/Core/Src/led.c.obj
                0x080034c0                level_bar_rows
 *fill*         0x080034d2        0x2 
 .rodata.row_pins
                0x080034d4       0x14 CMakeFiles/DEV.elf.dir/Core/Src/led.c.obj
                0x080034d4                row_pins
 .rodata.segment_table
                0x080034e8        0xa CMakeFiles/DEV.elf.dir/Core/Src/led.c.obj
                0x080034e8                segment_table
 *fill*         0x080034f2        0x2 
 .rodata.AHBPrescTable
                0x080034f4       0x10 CMakeFiles/DEV.elf.dir/Core/Src/system_stm32f1xx.c.obj
                0x080034f4                AHBPrescTable
 .rodata.APBPrescTable
                0x08003504        0x8 CMakeFiles/DEV.elf.dir/Core/Src/system_stm32f1xx.c.obj
                0x08003504                APBPrescTable
 .rodata.aPLLMULFactorTable.1
                0x0800350c       0x10 CMakeFiles/DEV.elf.dir/Drivers/STM32F1xx_HAL_Driver/Src/stm32f1xx_hal_rcc.c.obj
 .rodata.aPredivFactorTable.0
                0x0800351c        0x2 CMakeFiles/DEV.elf.dir/Drivers/STM32F1xx_HAL_Driver/Src/stm32f1xx_hal_rcc.c.obj
 *fill*         0x0800351e        0x2 
 .rodata.aPLLMULFactorTable.1
                0x08003520       0x10 CMakeFiles/DEV.elf.dir/Drivers/STM32F1xx_HAL_Driver/Src/stm32f1xx_hal_rcc_ex.c.obj
 .rodata.aPredivFactorTable.0
                0x08003530        0x2 CMakeFiles/DEV.elf.dir/Drivers/STM32F1xx_HAL_Driver/Src/stm32f1xx_hal_rcc_ex.c.obj
 *fill*         0x08003532        0x2 
 .rodata.log.str1.4
                0x08003534        0x1 c:/users/shan_/documents/dev/gcc-arm-none-eabi/bin/../lib/gcc/arm-none-eabi/10.3.1/../../../../arm-none-eabi/lib/thumb/v7-m/nofp\libm.a(lib_a-w_log.o)
                0x08003538                . = ALIGN (0x4)
 *fill*         0x08003535        0x3 
                0x08003538                _sidata = LOADADDR (.data)

.rel.dyn        0x08003538        0x0
 .rel.iplt      0x08003538        0x0 CMakeFiles/DEV.elf.dir/Core/Src/adc.c.obj

.data           0x20000000      0x4b0 load address 0x08003538
                0x20000000                . = ALIGN (0x4)
                0x20000000                _sdata = .
 *(.data)
 *(.data*)
 .data.Conversion
                0x20000000        0x8 CMakeFiles/DEV.elf.dir/Core/Src/led.c.obj
                0x20000000                Conversion
 .data.digit_hundreds
                0x20000008        0x8 CMakeFiles/DEV.elf.dir/Core/Src/led.c.obj
                0x20000008                digit_hundreds
 .data.digit_tens
                0x20000010       0x1c CMakeFiles/DEV.elf.dir/Core/Src/led.c.obj
                0x20000010                digit_tens
 .data.digit_units
                0x2000002c       0x1c CMakeFiles/DEV.elf.dir/Core/Src/led.c.obj
                0x2000002c                digit_units
 .data.hot_temp
                0x20000048       0x10 CMakeFiles/DEV.elf.dir/Core/Src/led.c.obj
                0x20000048                hot_temp
 .data.last_state.0
                0x20000058        0x1 CMakeFiles/DEV.elf.dir/Core/Src/led.c.obj
 *fill*         0x20000059        0x3 
 .data.up       0x2000005c        0xc CMakeFiles/DEV.elf.dir/Core/Src/led.c.obj
                0x2000005c                up
 .data.NTC_B    0x20000068        0x4 CMakeFiles/DEV.elf.dir/Core/Src/ntc.c.obj
 .data.NTC_R0   0x2000006c        0x4 CMakeFiles/DEV.elf.dir/Core/Src/ntc.c.obj
 .data.NTC_R_fixed
                0x20000070        0x4 CMakeFiles/DEV.elf.dir/Core/Src/ntc.c.obj
 .data.NTC_Vref
                0x20000074        0x4 CMakeFiles/DEV.elf.dir/Core/Src/ntc.c.obj
 .data.SystemCoreClock
                0x20000078        0x4 CMakeFiles/DEV.elf.dir/Core/Src/system_stm32f1xx.c.obj
                0x20000078                SystemCoreClock
 .data.uwTickFreq
                0x2000007c        0x1 CMakeFiles/DEV.elf.dir/Drivers/STM32F1xx_HAL_Driver/Src/stm32f1xx_hal.c.obj
                0x2000007c                uwTickFreq
 *fill*         0x2000007d        0x3 
 .data.uwTickPrio
                0x20000080        0x4 CMakeFiles/DEV.elf.dir/Drivers/STM32F1xx_HAL_Driver/Src/stm32f1xx_hal.c.obj
                0x20000080                uwTickPrio
 .data._impure_ptr
                0x20000084        0x4 c:/users/shan_/documents/dev/gcc-arm-none-eabi/bin/../lib/gcc/arm-none-eabi/10.3.1/../../../../arm-none-eabi/lib/thumb/v7-m/nofp\libg.a(lib_a-impure.o)
                0x20000084                _impure_ptr
 .data.impure_data
                0x20000088      0x428 c:/users/shan_/documents/dev/gcc-arm-none-eabi/bin/../lib/gcc/arm-none-eabi/10.3.1/../../../../arm-none-eabi/lib/thumb/v7-m/nofp\libg.a(lib_a-impure.o)
 *(.RamFunc)
 *(.RamFunc*)
                0x200004b0                . = ALIGN (0x4)
                0x200004b0                _edata = .

.igot.plt       0x200004b0        0x0 load address 0x080039e8
 .igot.plt      0x200004b0        0x0 CMakeFiles/DEV.elf.dir/Core/Src/adc.c.obj
                0x200004b0                . = ALIGN (0x4)

.bss            0x200004b0       0x94 load address 0x080039e8
                0x200004b0                _sbss = .
                0x200004b0                __bss_start__ = _sbss
 *(.bss)
 *(.bss*)
 .bss.hadc2     0x200004b0       0x30 CMakeFiles/DEV.elf.dir/Core/Src/adc.c.obj
                0x200004b0                hadc2
 .bss.current_digit.1
                0x200004e0        0x1 CMakeFiles/DEV.elf.dir/Core/Src/led.c.obj
 *fill*         0x200004e1        0x1 
 .bss.current_number
                0x200004e2        0x2 CMakeFiles/DEV.elf.dir/Core/Src/led.c.obj
 .bss.display_celsius
                0x200004e4        0x1 CMakeFiles/DEV.elf.dir/Core/Src/led.c.obj
                0x200004e4                display_celsius
 *fill*         0x200004e5        0x3 
 .bss.last_temperature
                0x200004e8        0x4 CMakeFiles/DEV.elf.dir/Core/Src/led.c.obj
 .bss.last_time
                0x200004ec        0x4 CMakeFiles/DEV.elf.dir/Core/Src/led.c.obj
 .bss.last_update_time
                0x200004f0        0x4 CMakeFiles/DEV.elf.dir/Core/Src/led.c.obj
                0x200004f0                last_update_time
 .bss.led_state
                0x200004f4        0x1 CMakeFiles/DEV.elf.dir/Core/Src/led.c.obj
 .bss.level_bar_value
                0x200004f5        0x1 CMakeFiles/DEV.elf.dir/Core/Src/led.c.obj
 .bss.state     0x200004f6        0x1 CMakeFiles/DEV.elf.dir/Core/Src/led.c.obj
                0x200004f6                state
 *fill*         0x200004f7        0x1 
 .bss.htim2     0x200004f8       0x48 CMakeFiles/DEV.elf.dir/Core/Src/tim.c.obj
                0x200004f8                htim2
 .bss.uwTick    0x20000540        0x4 CMakeFiles/DEV.elf.dir/Drivers/STM32F1xx_HAL_Driver/Src/stm32f1xx_hal.c.obj
                0x20000540                uwTick
 *(COMMON)
                0x20000544                . = ALIGN (0x4)
                0x20000544                _ebss = .
                0x20000544                __bss_end__ = _ebss

._user_heap_stack
                0x20000544      0x604 load address 0x080039e8
                0x20000548                . = ALIGN (0x8)
 *fill*         0x20000544        0x4 
                [!provide]                PROVIDE (end = .)
                0x20000548                PROVIDE (_end = .)
                0x20000748                . = (. + _Min_Heap_Size)
 *fill*         0x20000548      0x200 
                0x20000b48                . = (. + _Min_Stack_Size)
 *fill*         0x20000748      0x400 
                0x20000b48                . = ALIGN (0x8)

/DISCARD/
 libc.a(*)
 libm.a(*)
 libgcc.a(*)

.ARM.attributes
                0x00000000       0x29
 *(.ARM.attributes)
 .ARM.attributes
                0x00000000       0x1d c:/users/shan_/documents/dev/gcc-arm-none-eabi/bin/../lib/gcc/arm-none-eabi/10.3.1/thumb/v7-m/nofp/crti.o
 .ARM.attributes
                0x0000001d       0x2d CMakeFiles/DEV.elf.dir/Core/Src/adc.c.obj
 .ARM.attributes
                0x0000004a       0x2d CMakeFiles/DEV.elf.dir/Core/Src/gpio.c.obj
 .ARM.attributes
                0x00000077       0x2d CMakeFiles/DEV.elf.dir/Core/Src/led.c.obj
 .ARM.attributes
                0x000000a4       0x2d CMakeFiles/DEV.elf.dir/Core/Src/main.c.obj
 .ARM.attributes
                0x000000d1       0x2d CMakeFiles/DEV.elf.dir/Core/Src/ntc.c.obj
 .ARM.attributes
                0x000000fe       0x2d CMakeFiles/DEV.elf.dir/Core/Src/stm32f1xx_hal_msp.c.obj
 .ARM.attributes
                0x0000012b       0x2d CMakeFiles/DEV.elf.dir/Core/Src/stm32f1xx_it.c.obj
 .ARM.attributes
                0x00000158       0x2d CMakeFiles/DEV.elf.dir/Core/Src/system_stm32f1xx.c.obj
 .ARM.attributes
                0x00000185       0x2d CMakeFiles/DEV.elf.dir/Core/Src/tim.c.obj
 .ARM.attributes
                0x000001b2       0x21 CMakeFiles/DEV.elf.dir/Core/Startup/startup_stm32f103c8tx.s.obj
 .ARM.attributes
                0x000001d3       0x2d CMakeFiles/DEV.elf.dir/Drivers/STM32F1xx_HAL_Driver/Src/stm32f1xx_hal.c.obj
 .ARM.attributes
                0x00000200       0x2d CMakeFiles/DEV.elf.dir/Drivers/STM32F1xx_HAL_Driver/Src/stm32f1xx_hal_adc.c.obj
 .ARM.attributes
                0x0000022d       0x2d CMakeFiles/DEV.elf.dir/Drivers/STM32F1xx_HAL_Driver/Src/stm32f1xx_hal_cortex.c.obj
 .ARM.attributes
                0x0000025a       0x2d CMakeFiles/DEV.elf.dir/Drivers/STM32F1xx_HAL_Driver/Src/stm32f1xx_hal_gpio.c.obj
 .ARM.attributes
                0x00000287       0x2d CMakeFiles/DEV.elf.dir/Drivers/STM32F1xx_HAL_Driver/Src/stm32f1xx_hal_rcc.c.obj
 .ARM.attributes
                0x000002b4       0x2d CMakeFiles/DEV.elf.dir/Drivers/STM32F1xx_HAL_Driver/Src/stm32f1xx_hal_rcc_ex.c.obj
 .ARM.attributes
                0x000002e1       0x2d CMakeFiles/DEV.elf.dir/Drivers/STM32F1xx_HAL_Driver/Src/stm32f1xx_hal_tim.c.obj
 .ARM.attributes
                0x0000030e       0x2d CMakeFiles/DEV.elf.dir/Drivers/STM32F1xx_HAL_Driver/Src/stm32f1xx_hal_tim_ex.c.obj
 .ARM.attributes
                0x0000033b       0x1d c:/users/shan_/documents/dev/gcc-arm-none-eabi/bin/../lib/gcc/arm-none-eabi/10.3.1/thumb/v7-m/nofp\libgcc.a(_arm_addsubdf3.o)
 .ARM.attributes
                0x00000358       0x1d c:/users/shan_/documents/dev/gcc-arm-none-eabi/bin/../lib/gcc/arm-none-eabi/10.3.1/thumb/v7-m/nofp\libgcc.a(_arm_muldivdf3.o)
 .ARM.attributes
                0x00000375       0x1d c:/users/shan_/documents/dev/gcc-arm-none-eabi/bin/../lib/gcc/arm-none-eabi/10.3.1/thumb/v7-m/nofp\libgcc.a(_arm_truncdfsf2.o)
 .ARM.attributes
                0x00000392       0x1d c:/users/shan_/documents/dev/gcc-arm-none-eabi/bin/../lib/gcc/arm-none-eabi/10.3.1/thumb/v7-m/nofp\libgcc.a(_arm_addsubsf3.o)
 .ARM.attributes
                0x000003af       0x1d c:/users/shan_/documents/dev/gcc-arm-none-eabi/bin/../lib/gcc/arm-none-eabi/10.3.1/thumb/v7-m/nofp\libgcc.a(_arm_muldivsf3.o)
 .ARM.attributes
                0x000003cc       0x1d c:/users/shan_/documents/dev/gcc-arm-none-eabi/bin/../lib/gcc/arm-none-eabi/10.3.1/thumb/v7-m/nofp\libgcc.a(_arm_cmpsf2.o)
 .ARM.attributes
                0x000003e9       0x1d c:/users/shan_/documents/dev/gcc-arm-none-eabi/bin/../lib/gcc/arm-none-eabi/10.3.1/thumb/v7-m/nofp\libgcc.a(_arm_fixunssfsi.o)
 .ARM.attributes
                0x00000406       0x2d c:/users/shan_/documents/dev/gcc-arm-none-eabi/bin/../lib/gcc/arm-none-eabi/10.3.1/../../../../arm-none-eabi/lib/thumb/v7-m/nofp\libg.a(lib_a-errno.o)
 .ARM.attributes
                0x00000433       0x2d c:/users/shan_/documents/dev/gcc-arm-none-eabi/bin/../lib/gcc/arm-none-eabi/10.3.1/../../../../arm-none-eabi/lib/thumb/v7-m/nofp\libg.a(lib_a-impure.o)
 .ARM.attributes
                0x00000460       0x2d c:/users/shan_/documents/dev/gcc-arm-none-eabi/bin/../lib/gcc/arm-none-eabi/10.3.1/../../../../arm-none-eabi/lib/thumb/v7-m/nofp\libg.a(lib_a-init.o)
 .ARM.attributes
                0x0000048d       0x2d c:/users/shan_/documents/dev/gcc-arm-none-eabi/bin/../lib/gcc/arm-none-eabi/10.3.1/../../../../arm-none-eabi/lib/thumb/v7-m/nofp\libg.a(lib_a-memset.o)
 .ARM.attributes
                0x000004ba       0x1d c:/users/shan_/documents/dev/gcc-arm-none-eabi/bin/../lib/gcc/arm-none-eabi/10.3.1/thumb/v7-m/nofp/crtn.o
OUTPUT(DEV.elf elf32-littlearm)
LOAD linker stubs
LOAD c:/users/shan_/documents/dev/gcc-arm-none-eabi/bin/../lib/gcc/arm-none-eabi/10.3.1/../../../../arm-none-eabi/lib/thumb/v7-m/nofp\libc.a
LOAD c:/users/shan_/documents/dev/gcc-arm-none-eabi/bin/../lib/gcc/arm-none-eabi/10.3.1/../../../../arm-none-eabi/lib/thumb/v7-m/nofp\libm.a
LOAD c:/users/shan_/documents/dev/gcc-arm-none-eabi/bin/../lib/gcc/arm-none-eabi/10.3.1/thumb/v7-m/nofp\libgcc.a

.debug_info     0x00000000     0xc1a0
 .debug_info    0x00000000      0x8fe CMakeFiles/DEV.elf.dir/Core/Src/adc.c.obj
 .debug_info    0x000008fe      0x34c CMakeFiles/DEV.elf.dir/Core/Src/gpio.c.obj
 .debug_info    0x00000c4a      0xbc9 CMakeFiles/DEV.elf.dir/Core/Src/led.c.obj
 .debug_info    0x00001813      0x3cd CMakeFiles/DEV.elf.dir/Core/Src/main.c.obj
 .debug_info    0x00001be0      0x2c8 CMakeFiles/DEV.elf.dir/Core/Src/ntc.c.obj
 .debug_info    0x00001ea8      0x235 CMakeFiles/DEV.elf.dir/Core/Src/stm32f1xx_hal_msp.c.obj
 .debug_info    0x000020dd      0x130 CMakeFiles/DEV.elf.dir/Core/Src/stm32f1xx_it.c.obj
 .debug_info    0x0000220d      0x248 CMakeFiles/DEV.elf.dir/Core/Src/system_stm32f1xx.c.obj
 .debug_info    0x00002455      0xb8e CMakeFiles/DEV.elf.dir/Core/Src/tim.c.obj
 .debug_info    0x00002fe3       0x22 CMakeFiles/DEV.elf.dir/Core/Startup/startup_stm32f103c8tx.s.obj
 .debug_info    0x00003005      0x7a8 CMakeFiles/DEV.elf.dir/Drivers/STM32F1xx_HAL_Driver/Src/stm32f1xx_hal.c.obj
 .debug_info    0x000037ad      0xf3f CMakeFiles/DEV.elf.dir/Drivers/STM32F1xx_HAL_Driver/Src/stm32f1xx_hal_adc.c.obj
 .debug_info    0x000046ec      0xd8a CMakeFiles/DEV.elf.dir/Drivers/STM32F1xx_HAL_Driver/Src/stm32f1xx_hal_cortex.c.obj
 .debug_info    0x00005476      0x66f CMakeFiles/DEV.elf.dir/Drivers/STM32F1xx_HAL_Driver/Src/stm32f1xx_hal_gpio.c.obj
 .debug_info    0x00005ae5      0xa3b CMakeFiles/DEV.elf.dir/Drivers/STM32F1xx_HAL_Driver/Src/stm32f1xx_hal_rcc.c.obj
 .debug_info    0x00006520      0x449 CMakeFiles/DEV.elf.dir/Drivers/STM32F1xx_HAL_Driver/Src/stm32f1xx_hal_rcc_ex.c.obj
 .debug_info    0x00006969     0x3d7c CMakeFiles/DEV.elf.dir/Drivers/STM32F1xx_HAL_Driver/Src/stm32f1xx_hal_tim.c.obj
 .debug_info    0x0000a6e5     0x1abb CMakeFiles/DEV.elf.dir/Drivers/STM32F1xx_HAL_Driver/Src/stm32f1xx_hal_tim_ex.c.obj

.debug_abbrev   0x00000000     0x1f8f
 .debug_abbrev  0x00000000      0x1f3 CMakeFiles/DEV.elf.dir/Core/Src/adc.c.obj
 .debug_abbrev  0x000001f3      0x13c CMakeFiles/DEV.elf.dir/Core/Src/gpio.c.obj
 .debug_abbrev  0x0000032f      0x2d9 CMakeFiles/DEV.elf.dir/Core/Src/led.c.obj
 .debug_abbrev  0x00000608      0x195 CMakeFiles/DEV.elf.dir/Core/Src/main.c.obj
 .debug_abbrev  0x0000079d      0x114 CMakeFiles/DEV.elf.dir/Core/Src/ntc.c.obj
 .debug_abbrev  0x000008b1      0x108 CMakeFiles/DEV.elf.dir/Core/Src/stm32f1xx_hal_msp.c.obj
 .debug_abbrev  0x000009b9       0x7e CMakeFiles/DEV.elf.dir/Core/Src/stm32f1xx_it.c.obj
 .debug_abbrev  0x00000a37      0x13e CMakeFiles/DEV.elf.dir/Core/Src/system_stm32f1xx.c.obj
 .debug_abbrev  0x00000b75      0x218 CMakeFiles/DEV.elf.dir/Core/Src/tim.c.obj
 .debug_abbrev  0x00000d8d       0x12 CMakeFiles/DEV.elf.dir/Core/Startup/startup_stm32f103c8tx.s.obj
 .debug_abbrev  0x00000d9f      0x1f4 CMakeFiles/DEV.elf.dir/Drivers/STM32F1xx_HAL_Driver/Src/stm32f1xx_hal.c.obj
 .debug_abbrev  0x00000f93      0x1fc CMakeFiles/DEV.elf.dir/Drivers/STM32F1xx_HAL_Driver/Src/stm32f1xx_hal_adc.c.obj
 .debug_abbrev  0x0000118f      0x341 CMakeFiles/DEV.elf.dir/Drivers/STM32F1xx_HAL_Driver/Src/stm32f1xx_hal_cortex.c.obj
 .debug_abbrev  0x000014d0      0x1e6 CMakeFiles/DEV.elf.dir/Drivers/STM32F1xx_HAL_Driver/Src/stm32f1xx_hal_gpio.c.obj
 .debug_abbrev  0x000016b6      0x27a CMakeFiles/DEV.elf.dir/Drivers/STM32F1xx_HAL_Driver/Src/stm32f1xx_hal_rcc.c.obj
 .debug_abbrev  0x00001930      0x1d2 CMakeFiles/DEV.elf.dir/Drivers/STM32F1xx_HAL_Driver/Src/stm32f1xx_hal_rcc_ex.c.obj
 .debug_abbrev  0x00001b02      0x245 CMakeFiles/DEV.elf.dir/Drivers/STM32F1xx_HAL_Driver/Src/stm32f1xx_hal_tim.c.obj
 .debug_abbrev  0x00001d47      0x248 CMakeFiles/DEV.elf.dir/Drivers/STM32F1xx_HAL_Driver/Src/stm32f1xx_hal_tim_ex.c.obj

.debug_loc      0x00000000     0x9e15
 .debug_loc     0x00000000       0x99 CMakeFiles/DEV.elf.dir/Core/Src/adc.c.obj
 .debug_loc     0x00000099      0xa31 CMakeFiles/DEV.elf.dir/Core/Src/led.c.obj
 .debug_loc     0x00000aca      0x121 CMakeFiles/DEV.elf.dir/Core/Src/ntc.c.obj
 .debug_loc     0x00000beb       0x15 CMakeFiles/DEV.elf.dir/Core/Src/stm32f1xx_hal_msp.c.obj
 .debug_loc     0x00000c00       0xff CMakeFiles/DEV.elf.dir/Core/Src/system_stm32f1xx.c.obj
 .debug_loc     0x00000cff      0x12a CMakeFiles/DEV.elf.dir/Core/Src/tim.c.obj
 .debug_loc     0x00000e29      0x141 CMakeFiles/DEV.elf.dir/Drivers/STM32F1xx_HAL_Driver/Src/stm32f1xx_hal.c.obj
 .debug_loc     0x00000f6a      0xb03 CMakeFiles/DEV.elf.dir/Drivers/STM32F1xx_HAL_Driver/Src/stm32f1xx_hal_adc.c.obj
 .debug_loc     0x00001a6d      0x71f CMakeFiles/DEV.elf.dir/Drivers/STM32F1xx_HAL_Driver/Src/stm32f1xx_hal_cortex.c.obj
 .debug_loc     0x0000218c      0x47d CMakeFiles/DEV.elf.dir/Drivers/STM32F1xx_HAL_Driver/Src/stm32f1xx_hal_gpio.c.obj
 .debug_loc     0x00002609      0x618 CMakeFiles/DEV.elf.dir/Drivers/STM32F1xx_HAL_Driver/Src/stm32f1xx_hal_rcc.c.obj
 .debug_loc     0x00002c21      0x43d CMakeFiles/DEV.elf.dir/Drivers/STM32F1xx_HAL_Driver/Src/stm32f1xx_hal_rcc_ex.c.obj
 .debug_loc     0x0000305e     0x5124 CMakeFiles/DEV.elf.dir/Drivers/STM32F1xx_HAL_Driver/Src/stm32f1xx_hal_tim.c.obj
 .debug_loc     0x00008182     0x1c93 CMakeFiles/DEV.elf.dir/Drivers/STM32F1xx_HAL_Driver/Src/stm32f1xx_hal_tim_ex.c.obj

.debug_aranges  0x00000000      0xb08
 .debug_aranges
                0x00000000       0x38 CMakeFiles/DEV.elf.dir/Core/Src/adc.c.obj
 .debug_aranges
                0x00000038       0x20 CMakeFiles/DEV.elf.dir/Core/Src/gpio.c.obj
 .debug_aranges
                0x00000058       0x98 CMakeFiles/DEV.elf.dir/Core/Src/led.c.obj
 .debug_aranges
                0x000000f0       0x30 CMakeFiles/DEV.elf.dir/Core/Src/main.c.obj
 .debug_aranges
                0x00000120       0x28 CMakeFiles/DEV.elf.dir/Core/Src/ntc.c.obj
 .debug_aranges
                0x00000148       0x20 CMakeFiles/DEV.elf.dir/Core/Src/stm32f1xx_hal_msp.c.obj
 .debug_aranges
                0x00000168       0x60 CMakeFiles/DEV.elf.dir/Core/Src/stm32f1xx_it.c.obj
 .debug_aranges
                0x000001c8       0x28 CMakeFiles/DEV.elf.dir/Core/Src/system_stm32f1xx.c.obj
 .debug_aranges
                0x000001f0       0x40 CMakeFiles/DEV.elf.dir/Core/Src/tim.c.obj
 .debug_aranges
                0x00000230       0x28 CMakeFiles/DEV.elf.dir/Core/Startup/startup_stm32f103c8tx.s.obj
 .debug_aranges
                0x00000258       0xe0 CMakeFiles/DEV.elf.dir/Drivers/STM32F1xx_HAL_Driver/Src/stm32f1xx_hal.c.obj
 .debug_aranges
                0x00000338       0xf0 CMakeFiles/DEV.elf.dir/Drivers/STM32F1xx_HAL_Driver/Src/stm32f1xx_hal_adc.c.obj
 .debug_aranges
                0x00000428       0x90 CMakeFiles/DEV.elf.dir/Drivers/STM32F1xx_HAL_Driver/Src/stm32f1xx_hal_cortex.c.obj
 .debug_aranges
                0x000004b8       0x58 CMakeFiles/DEV.elf.dir/Drivers/STM32F1xx_HAL_Driver/Src/stm32f1xx_hal_gpio.c.obj
 .debug_aranges
                0x00000510       0x90 CMakeFiles/DEV.elf.dir/Drivers/STM32F1xx_HAL_Driver/Src/stm32f1xx_hal_rcc.c.obj
 .debug_aranges
                0x000005a0       0x30 CMakeFiles/DEV.elf.dir/Drivers/STM32F1xx_HAL_Driver/Src/stm32f1xx_hal_rcc_ex.c.obj
 .debug_aranges
                0x000005d0      0x3d0 CMakeFiles/DEV.elf.dir/Drivers/STM32F1xx_HAL_Driver/Src/stm32f1xx_hal_tim.c.obj
 .debug_aranges
                0x000009a0      0x168 CMakeFiles/DEV.elf.dir/Drivers/STM32F1xx_HAL_Driver/Src/stm32f1xx_hal_tim_ex.c.obj

.debug_ranges   0x00000000      0xaa0
 .debug_ranges  0x00000000       0x28 CMakeFiles/DEV.elf.dir/Core/Src/adc.c.obj
 .debug_ranges  0x00000028       0x10 CMakeFiles/DEV.elf.dir/Core/Src/gpio.c.obj
 .debug_ranges  0x00000038       0xa0 CMakeFiles/DEV.elf.dir/Core/Src/led.c.obj
 .debug_ranges  0x000000d8       0x20 CMakeFiles/DEV.elf.dir/Core/Src/main.c.obj
 .debug_ranges  0x000000f8       0x18 CMakeFiles/DEV.elf.dir/Core/Src/ntc.c.obj
 .debug_ranges  0x00000110       0x10 CMakeFiles/DEV.elf.dir/Core/Src/stm32f1xx_hal_msp.c.obj
 .debug_ranges  0x00000120       0x50 CMakeFiles/DEV.elf.dir/Core/Src/stm32f1xx_it.c.obj
 .debug_ranges  0x00000170       0x18 CMakeFiles/DEV.elf.dir/Core/Src/system_stm32f1xx.c.obj
 .debug_ranges  0x00000188       0x30 CMakeFiles/DEV.elf.dir/Core/Src/tim.c.obj
 .debug_ranges  0x000001b8       0x20 CMakeFiles/DEV.elf.dir/Core/Startup/startup_stm32f103c8tx.s.obj
 .debug_ranges  0x000001d8       0xd0 CMakeFiles/DEV.elf.dir/Drivers/STM32F1xx_HAL_Driver/Src/stm32f1xx_hal.c.obj
 .debug_ranges  0x000002a8       0xe0 CMakeFiles/DEV.elf.dir/Drivers/STM32F1xx_HAL_Driver/Src/stm32f1xx_hal_adc.c.obj
 .debug_ranges  0x00000388       0xe0 CMakeFiles/DEV.elf.dir/Drivers/STM32F1xx_HAL_Driver/Src/stm32f1xx_hal_cortex.c.obj
 .debug_ranges  0x00000468       0x48 CMakeFiles/DEV.elf.dir/Drivers/STM32F1xx_HAL_Driver/Src/stm32f1xx_hal_gpio.c.obj
 .debug_ranges  0x000004b0       0xa0 CMakeFiles/DEV.elf.dir/Drivers/STM32F1xx_HAL_Driver/Src/stm32f1xx_hal_rcc.c.obj
 .debug_ranges  0x00000550       0x38 CMakeFiles/DEV.elf.dir/Drivers/STM32F1xx_HAL_Driver/Src/stm32f1xx_hal_rcc_ex.c.obj
 .debug_ranges  0x00000588      0x3c0 CMakeFiles/DEV.elf.dir/Drivers/STM32F1xx_HAL_Driver/Src/stm32f1xx_hal_tim.c.obj
 .debug_ranges  0x00000948      0x158 CMakeFiles/DEV.elf.dir/Drivers/STM32F1xx_HAL_Driver/Src/stm32f1xx_hal_tim_ex.c.obj

.debug_line     0x00000000     0xb881
 .debug_line    0x00000000      0x3d6 CMakeFiles/DEV.elf.dir/Core/Src/adc.c.obj
 .debug_line    0x000003d6      0x27c CMakeFiles/DEV.elf.dir/Core/Src/gpio.c.obj
 .debug_line    0x00000652      0x6f3 CMakeFiles/DEV.elf.dir/Core/Src/led.c.obj
 .debug_line    0x00000d45      0x3ae CMakeFiles/DEV.elf.dir/Core/Src/main.c.obj
 .debug_line    0x000010f3      0x213 CMakeFiles/DEV.elf.dir/Core/Src/ntc.c.obj
 .debug_line    0x00001306      0x22a CMakeFiles/DEV.elf.dir/Core/Src/stm32f1xx_hal_msp.c.obj
 .debug_line    0x00001530      0x1dd CMakeFiles/DEV.elf.dir/Core/Src/stm32f1xx_it.c.obj
 .debug_line    0x0000170d      0x286 CMakeFiles/DEV.elf.dir/Core/Src/system_stm32f1xx.c.obj
 .debug_line    0x00001993      0x45a CMakeFiles/DEV.elf.dir/Core/Src/tim.c.obj
 .debug_line    0x00001ded       0xb5 CMakeFiles/DEV.elf.dir/Core/Startup/startup_stm32f103c8tx.s.obj
 .debug_line    0x00001ea2      0x5d2 CMakeFiles/DEV.elf.dir/Drivers/STM32F1xx_HAL_Driver/Src/stm32f1xx_hal.c.obj
 .debug_line    0x00002474      0xf5f CMakeFiles/DEV.elf.dir/Drivers/STM32F1xx_HAL_Driver/Src/stm32f1xx_hal_adc.c.obj
 .debug_line    0x000033d3      0x6ab CMakeFiles/DEV.elf.dir/Drivers/STM32F1xx_HAL_Driver/Src/stm32f1xx_hal_cortex.c.obj
 .debug_line    0x00003a7e      0x653 CMakeFiles/DEV.elf.dir/Drivers/STM32F1xx_HAL_Driver/Src/stm32f1xx_hal_gpio.c.obj
 .debug_line    0x000040d1      0xc90 CMakeFiles/DEV.elf.dir/Drivers/STM32F1xx_HAL_Driver/Src/stm32f1xx_hal_rcc.c.obj
 .debug_line    0x00004d61      0x505 CMakeFiles/DEV.elf.dir/Drivers/STM32F1xx_HAL_Driver/Src/stm32f1xx_hal_rcc_ex.c.obj
 .debug_line    0x00005266     0x49de CMakeFiles/DEV.elf.dir/Drivers/STM32F1xx_HAL_Driver/Src/stm32f1xx_hal_tim.c.obj
 .debug_line    0x00009c44     0x1c3d CMakeFiles/DEV.elf.dir/Drivers/STM32F1xx_HAL_Driver/Src/stm32f1xx_hal_tim_ex.c.obj

.debug_str      0x00000000     0x390a
 .debug_str     0x00000000      0x640 CMakeFiles/DEV.elf.dir/Core/Src/adc.c.obj
                                0x6d1 (size before relaxing)
 .debug_str     0x00000640       0x7d CMakeFiles/DEV.elf.dir/Core/Src/gpio.c.obj
                                0x2df (size before relaxing)
 .debug_str     0x000006bd      0x310 CMakeFiles/DEV.elf.dir/Core/Src/led.c.obj
                                0x56c (size before relaxing)
 .debug_str     0x000009cd      0x251 CMakeFiles/DEV.elf.dir/Core/Src/main.c.obj
                                0x458 (size before relaxing)
 .debug_str     0x00000c1e       0xed CMakeFiles/DEV.elf.dir/Core/Src/ntc.c.obj
                                0x2ed (size before relaxing)
 .debug_str     0x00000d0b       0xa6 CMakeFiles/DEV.elf.dir/Core/Src/stm32f1xx_hal_msp.c.obj
                                0x29e (size before relaxing)
 .debug_str     0x00000db1       0xe6 CMakeFiles/DEV.elf.dir/Core/Src/stm32f1xx_it.c.obj
                                0x284 (size before relaxing)
 .debug_str     0x00000e97       0xad CMakeFiles/DEV.elf.dir/Core/Src/system_stm32f1xx.c.obj
                                0x2b6 (size before relaxing)
 .debug_str     0x00000f44      0x4e1 CMakeFiles/DEV.elf.dir/Core/Src/tim.c.obj
                                0x9cd (size before relaxing)
 .debug_str     0x00001425       0x65 CMakeFiles/DEV.elf.dir/Core/Startup/startup_stm32f103c8tx.s.obj
                                 0xaf (size before relaxing)
 .debug_str     0x0000148a      0x5f4 CMakeFiles/DEV.elf.dir/Drivers/STM32F1xx_HAL_Driver/Src/stm32f1xx_hal.c.obj
                                0x886 (size before relaxing)
 .debug_str     0x00001a7e      0x33d CMakeFiles/DEV.elf.dir/Drivers/STM32F1xx_HAL_Driver/Src/stm32f1xx_hal_adc.c.obj
                                0x93c (size before relaxing)
 .debug_str     0x00001dbb      0x3f4 CMakeFiles/DEV.elf.dir/Drivers/STM32F1xx_HAL_Driver/Src/stm32f1xx_hal_cortex.c.obj
                                0x935 (size before relaxing)
 .debug_str     0x000021af      0x133 CMakeFiles/DEV.elf.dir/Drivers/STM32F1xx_HAL_Driver/Src/stm32f1xx_hal_gpio.c.obj
                                0x462 (size before relaxing)
 .debug_str     0x000022e2      0x214 CMakeFiles/DEV.elf.dir/Drivers/STM32F1xx_HAL_Driver/Src/stm32f1xx_hal_rcc.c.obj
                                0x68d (size before relaxing)
 .debug_str     0x000024f6       0xb3 CMakeFiles/DEV.elf.dir/Drivers/STM32F1xx_HAL_Driver/Src/stm32f1xx_hal_rcc_ex.c.obj
                                0x435 (size before relaxing)
 .debug_str     0x000025a9      0xe0e CMakeFiles/DEV.elf.dir/Drivers/STM32F1xx_HAL_Driver/Src/stm32f1xx_hal_tim.c.obj
                               0x16b1 (size before relaxing)
 .debug_str     0x000033b7      0x553 CMakeFiles/DEV.elf.dir/Drivers/STM32F1xx_HAL_Driver/Src/stm32f1xx_hal_tim_ex.c.obj
                                0xea2 (size before relaxing)

.comment        0x00000000       0x49
 .comment       0x00000000       0x49 CMakeFiles/DEV.elf.dir/Core/Src/adc.c.obj
                                 0x4a (size before relaxing)
 .comment       0x00000049       0x4a CMakeFiles/DEV.elf.dir/Core/Src/gpio.c.obj
 .comment       0x00000049       0x4a CMakeFiles/DEV.elf.dir/Core/Src/led.c.obj
 .comment       0x00000049       0x4a CMakeFiles/DEV.elf.dir/Core/Src/main.c.obj
 .comment       0x00000049       0x4a CMakeFiles/DEV.elf.dir/Core/Src/ntc.c.obj
 .comment       0x00000049       0x4a CMakeFiles/DEV.elf.dir/Core/Src/stm32f1xx_hal_msp.c.obj
 .comment       0x00000049       0x4a CMakeFiles/DEV.elf.dir/Core/Src/stm32f1xx_it.c.obj
 .comment       0x00000049       0x4a CMakeFiles/DEV.elf.dir/Core/Src/system_stm32f1xx.c.obj
 .comment       0x00000049       0x4a CMakeFiles/DEV.elf.dir/Core/Src/tim.c.obj
 .comment       0x00000049       0x4a CMakeFiles/DEV.elf.dir/Drivers/STM32F1xx_HAL_Driver/Src/stm32f1xx_hal.c.obj
 .comment       0x00000049       0x4a CMakeFiles/DEV.elf.dir/Drivers/STM32F1xx_HAL_Driver/Src/stm32f1xx_hal_adc.c.obj
 .comment       0x00000049       0x4a CMakeFiles/DEV.elf.dir/Drivers/STM32F1xx_HAL_Driver/Src/stm32f1xx_hal_cortex.c.obj
 .comment       0x00000049       0x4a CMakeFiles/DEV.elf.dir/Drivers/STM32F1xx_HAL_Driver/Src/stm32f1xx_hal_gpio.c.obj
 .comment       0x00000049       0x4a CMakeFiles/DEV.elf.dir/Drivers/STM32F1xx_HAL_Driver/Src/stm32f1xx_hal_rcc.c.obj
 .comment       0x00000049       0x4a CMakeFiles/DEV.elf.dir/Drivers/STM32F1xx_HAL_Driver/Src/stm32f1xx_hal_rcc_ex.c.obj
 .comment       0x00000049       0x4a CMakeFiles/DEV.elf.dir/Drivers/STM32F1xx_HAL_Driver/Src/stm32f1xx_hal_tim.c.obj
 .comment       0x00000049       0x4a CMakeFiles/DEV.elf.dir/Drivers/STM32F1xx_HAL_Driver/Src/stm32f1xx_hal_tim_ex.c.obj

.debug_frame    0x00000000     0x1f24
 .debug_frame   0x00000000       0x80 CMakeFiles/DEV.elf.dir/Core/Src/adc.c.obj
 .debug_frame   0x00000080       0x30 CMakeFiles/DEV.elf.dir/Core/Src/gpio.c.obj
 .debug_frame   0x000000b0      0x198 CMakeFiles/DEV.elf.dir/Core/Src/led.c.obj
 .debug_frame   0x00000248       0x58 CMakeFiles/DEV.elf.dir/Core/Src/main.c.obj
 .debug_frame   0x000002a0       0x48 CMakeFiles/DEV.elf.dir/Core/Src/ntc.c.obj
 .debug_frame   0x000002e8       0x2c CMakeFiles/DEV.elf.dir/Core/Src/stm32f1xx_hal_msp.c.obj
 .debug_frame   0x00000314       0xa8 CMakeFiles/DEV.elf.dir/Core/Src/stm32f1xx_it.c.obj
 .debug_frame   0x000003bc       0x30 CMakeFiles/DEV.elf.dir/Core/Src/system_stm32f1xx.c.obj
 .debug_frame   0x000003ec       0x98 CMakeFiles/DEV.elf.dir/Core/Src/tim.c.obj
 .debug_frame   0x00000484      0x1cc CMakeFiles/DEV.elf.dir/Drivers/STM32F1xx_HAL_Driver/Src/stm32f1xx_hal.c.obj
 .debug_frame   0x00000650      0x2c8 CMakeFiles/DEV.elf.dir/Drivers/STM32F1xx_HAL_Driver/Src/stm32f1xx_hal_adc.c.obj
 .debug_frame   0x00000918      0x118 CMakeFiles/DEV.elf.dir/Drivers/STM32F1xx_HAL_Driver/Src/stm32f1xx_hal_cortex.c.obj
 .debug_frame   0x00000a30       0xe4 CMakeFiles/DEV.elf.dir/Drivers/STM32F1xx_HAL_Driver/Src/stm32f1xx_hal_gpio.c.obj
 .debug_frame   0x00000b14      0x184 CMakeFiles/DEV.elf.dir/Drivers/STM32F1xx_HAL_Driver/Src/stm32f1xx_hal_rcc.c.obj
 .debug_frame   0x00000c98       0x5c CMakeFiles/DEV.elf.dir/Drivers/STM32F1xx_HAL_Driver/Src/stm32f1xx_hal_rcc_ex.c.obj
 .debug_frame   0x00000cf4      0xb1c CMakeFiles/DEV.elf.dir/Drivers/STM32F1xx_HAL_Driver/Src/stm32f1xx_hal_tim.c.obj
 .debug_frame   0x00001810      0x40c CMakeFiles/DEV.elf.dir/Drivers/STM32F1xx_HAL_Driver/Src/stm32f1xx_hal_tim_ex.c.obj
 .debug_frame   0x00001c1c       0xac c:/users/shan_/documents/dev/gcc-arm-none-eabi/bin/../lib/gcc/arm-none-eabi/10.3.1/thumb/v7-m/nofp\libgcc.a(_arm_addsubdf3.o)
 .debug_frame   0x00001cc8       0x50 c:/users/shan_/documents/dev/gcc-arm-none-eabi/bin/../lib/gcc/arm-none-eabi/10.3.1/thumb/v7-m/nofp\libgcc.a(_arm_muldivdf3.o)
 .debug_frame   0x00001d18       0x24 c:/users/shan_/documents/dev/gcc-arm-none-eabi/bin/../lib/gcc/arm-none-eabi/10.3.1/thumb/v7-m/nofp\libgcc.a(_arm_truncdfsf2.o)
 .debug_frame   0x00001d3c       0x4c c:/users/shan_/documents/dev/gcc-arm-none-eabi/bin/../lib/gcc/arm-none-eabi/10.3.1/thumb/v7-m/nofp\libgcc.a(_arm_addsubsf3.o)
 .debug_frame   0x00001d88       0x38 c:/users/shan_/documents/dev/gcc-arm-none-eabi/bin/../lib/gcc/arm-none-eabi/10.3.1/thumb/v7-m/nofp\libgcc.a(_arm_muldivsf3.o)
 .debug_frame   0x00001dc0       0xc8 c:/users/shan_/documents/dev/gcc-arm-none-eabi/bin/../lib/gcc/arm-none-eabi/10.3.1/thumb/v7-m/nofp\libgcc.a(_arm_cmpsf2.o)
 .debug_frame   0x00001e88       0x24 c:/users/shan_/documents/dev/gcc-arm-none-eabi/bin/../lib/gcc/arm-none-eabi/10.3.1/thumb/v7-m/nofp\libgcc.a(_arm_fixunssfsi.o)
 .debug_frame   0x00001eac       0x20 c:/users/shan_/documents/dev/gcc-arm-none-eabi/bin/../lib/gcc/arm-none-eabi/10.3.1/../../../../arm-none-eabi/lib/thumb/v7-m/nofp\libg.a(lib_a-errno.o)
 .debug_frame   0x00001ecc       0x2c c:/users/shan_/documents/dev/gcc-arm-none-eabi/bin/../lib/gcc/arm-none-eabi/10.3.1/../../../../arm-none-eabi/lib/thumb/v7-m/nofp\libg.a(lib_a-init.o)
 .debug_frame   0x00001ef8       0x2c c:/users/shan_/documents/dev/gcc-arm-none-eabi/bin/../lib/gcc/arm-none-eabi/10.3.1/../../../../arm-none-eabi/lib/thumb/v7-m/nofp\libg.a(lib_a-memset.o)
