Archive member included to satisfy reference by file (symbol)

c:/users/shan_/documents/dev/gcc-arm-none-eabi/bin/../lib/gcc/arm-none-eabi/10.3.1/thumb/v7-m/nofp\libgcc.a(_arm_muldf3.o)
                              CMakeFiles/DEV.elf.dir/Core/Src/ntc.c.obj (__aeabi_dmul)
c:/users/shan_/documents/dev/gcc-arm-none-eabi/bin/../lib/gcc/arm-none-eabi/10.3.1/thumb/v7-m/nofp\libgcc.a(_arm_mulsf3.o)
                              CMakeFiles/DEV.elf.dir/Core/Src/ntc.c.obj (__aeabi_fmul)
c:/users/shan_/documents/dev/gcc-arm-none-eabi/bin/../lib/gcc/arm-none-eabi/10.3.1/thumb/v7-m/nofp\libgcc.a(_arm_addsubdf3.o)
                              CMakeFiles/DEV.elf.dir/Core/Src/ntc.c.obj (__aeabi_dadd)
c:/users/shan_/documents/dev/gcc-arm-none-eabi/bin/../lib/gcc/arm-none-eabi/10.3.1/thumb/v7-m/nofp\libgcc.a(_arm_muldivdf3.o)
                              CMakeFiles/DEV.elf.dir/Core/Src/ntc.c.obj (__aeabi_ddiv)
c:/users/shan_/documents/dev/gcc-arm-none-eabi/bin/../lib/gcc/arm-none-eabi/10.3.1/thumb/v7-m/nofp\libgcc.a(_arm_truncdfsf2.o)
                              CMakeFiles/DEV.elf.dir/Core/Src/ntc.c.obj (__aeabi_d2f)
c:/users/shan_/documents/dev/gcc-arm-none-eabi/bin/../lib/gcc/arm-none-eabi/10.3.1/thumb/v7-m/nofp\libgcc.a(_arm_addsubsf3.o)
                              CMakeFiles/DEV.elf.dir/Core/Src/ntc.c.obj (__aeabi_fsub)
c:/users/shan_/documents/dev/gcc-arm-none-eabi/bin/../lib/gcc/arm-none-eabi/10.3.1/thumb/v7-m/nofp\libgcc.a(_arm_muldivsf3.o)
                              CMakeFiles/DEV.elf.dir/Core/Src/ntc.c.obj (__aeabi_fdiv)
c:/users/shan_/documents/dev/gcc-arm-none-eabi/bin/../lib/gcc/arm-none-eabi/10.3.1/../../../../arm-none-eabi/lib/thumb/v7-m/nofp\libg.a(lib_a-errno.o)
                              CMakeFiles/DEV.elf.dir/Core/Src/syscalls.c.obj (__errno)
c:/users/shan_/documents/dev/gcc-arm-none-eabi/bin/../lib/gcc/arm-none-eabi/10.3.1/../../../../arm-none-eabi/lib/thumb/v7-m/nofp\libg.a(lib_a-exit.o)
                              c:/users/shan_/documents/dev/gcc-arm-none-eabi/bin/../lib/gcc/arm-none-eabi/10.3.1/../../../../arm-none-eabi/lib/thumb/v7-m/nofp/crt0.o (exit)
c:/users/shan_/documents/dev/gcc-arm-none-eabi/bin/../lib/gcc/arm-none-eabi/10.3.1/../../../../arm-none-eabi/lib/thumb/v7-m/nofp\libg.a(lib_a-impure.o)
                              c:/users/shan_/documents/dev/gcc-arm-none-eabi/bin/../lib/gcc/arm-none-eabi/10.3.1/../../../../arm-none-eabi/lib/thumb/v7-m/nofp\libg.a(lib_a-exit.o) (_global_impure_ptr)
c:/users/shan_/documents/dev/gcc-arm-none-eabi/bin/../lib/gcc/arm-none-eabi/10.3.1/../../../../arm-none-eabi/lib/thumb/v7-m/nofp\libg.a(lib_a-init.o)
                              c:/users/shan_/documents/dev/gcc-arm-none-eabi/bin/../lib/gcc/arm-none-eabi/10.3.1/../../../../arm-none-eabi/lib/thumb/v7-m/nofp/crt0.o (__libc_init_array)
c:/users/shan_/documents/dev/gcc-arm-none-eabi/bin/../lib/gcc/arm-none-eabi/10.3.1/../../../../arm-none-eabi/lib/thumb/v7-m/nofp\libg.a(lib_a-memset.o)
                              c:/users/shan_/documents/dev/gcc-arm-none-eabi/bin/../lib/gcc/arm-none-eabi/10.3.1/../../../../arm-none-eabi/lib/thumb/v7-m/nofp/crt0.o (memset)
c:/users/shan_/documents/dev/gcc-arm-none-eabi/bin/../lib/gcc/arm-none-eabi/10.3.1/../../../../arm-none-eabi/lib/thumb/v7-m/nofp\libg.a(lib_a-__call_atexit.o)
                              c:/users/shan_/documents/dev/gcc-arm-none-eabi/bin/../lib/gcc/arm-none-eabi/10.3.1/../../../../arm-none-eabi/lib/thumb/v7-m/nofp\libg.a(lib_a-exit.o) (__call_exitprocs)
c:/users/shan_/documents/dev/gcc-arm-none-eabi/bin/../lib/gcc/arm-none-eabi/10.3.1/../../../../arm-none-eabi/lib/thumb/v7-m/nofp\libg.a(lib_a-atexit.o)
                              c:/users/shan_/documents/dev/gcc-arm-none-eabi/bin/../lib/gcc/arm-none-eabi/10.3.1/../../../../arm-none-eabi/lib/thumb/v7-m/nofp\libg.a(lib_a-__call_atexit.o) (atexit)
c:/users/shan_/documents/dev/gcc-arm-none-eabi/bin/../lib/gcc/arm-none-eabi/10.3.1/../../../../arm-none-eabi/lib/thumb/v7-m/nofp\libg.a(lib_a-fini.o)
                              c:/users/shan_/documents/dev/gcc-arm-none-eabi/bin/../lib/gcc/arm-none-eabi/10.3.1/../../../../arm-none-eabi/lib/thumb/v7-m/nofp\libg.a(lib_a-__call_atexit.o) (__libc_fini_array)
c:/users/shan_/documents/dev/gcc-arm-none-eabi/bin/../lib/gcc/arm-none-eabi/10.3.1/../../../../arm-none-eabi/lib/thumb/v7-m/nofp\libg.a(lib_a-lock.o)
                              c:/users/shan_/documents/dev/gcc-arm-none-eabi/bin/../lib/gcc/arm-none-eabi/10.3.1/../../../../arm-none-eabi/lib/thumb/v7-m/nofp\libg.a(lib_a-__call_atexit.o) (__retarget_lock_acquire_recursive)
c:/users/shan_/documents/dev/gcc-arm-none-eabi/bin/../lib/gcc/arm-none-eabi/10.3.1/../../../../arm-none-eabi/lib/thumb/v7-m/nofp\libg.a(lib_a-__atexit.o)
                              c:/users/shan_/documents/dev/gcc-arm-none-eabi/bin/../lib/gcc/arm-none-eabi/10.3.1/../../../../arm-none-eabi/lib/thumb/v7-m/nofp\libg.a(lib_a-atexit.o) (__register_exitproc)
[...]
Memory Configuration

Name             Origin             Length             Attributes
RAM              0x20000000         0x00005000         xrw
FLASH            0x08000000         0x00010000         xr
*default*        0x00000000         0xffffffff

Linker script and memory map

LOAD c:/users/shan_/documents/dev/gcc-arm-none-eabi/bin/../lib/gcc/arm-none-eabi/10.3.1/thumb/v7-m/nofp/crti.o
LOAD c:/users/shan_/documents/dev/gcc-arm-none-eabi/bin/../lib/gcc/arm-none-eabi/10.3.1/thumb/v7-m/nofp/crtbegin.o
LOAD c:/users/shan_/documents/dev/gcc-arm-none-eabi/bin/../lib/gcc/arm-none-eabi/10.3.1/../../../../arm-none-eabi/lib/thumb/v7-m/nofp/crt0.o
LOAD CMakeFiles/DEV.elf.dir/Core/Src/adc.c.obj
LOAD CMakeFiles/DEV.elf.dir/Core/Src/gpio.c.obj
LOAD CMakeFiles/DEV.elf.dir/Core/Src/led.c.obj
LOAD CMakeFiles/DEV.elf.dir/Core/Src/main.c.obj
LOAD CMakeFiles/DEV.elf.dir/Core/Src/ntc.c.obj
LOAD CMakeFiles/DEV.elf.dir/Core/Src/stm32f1xx_hal_msp.c.obj
LOAD CMakeFiles/DEV.elf.dir/Core/Src/stm32f1xx_it.c.obj
LOAD CMakeFiles/DEV.elf.dir/Core/Src/syscalls.c.obj
LOAD CMakeFiles/DEV.elf.dir/Core/Src/sysmem.c.obj
LOAD CMakeFiles/DEV.elf.dir/Core/Src/system_stm32f1xx.c.obj
LOAD CMakeFiles/DEV.elf.dir/Core/Src/tim.c.obj
LOAD CMakeFiles/DEV.elf.dir/Core/Startup/startup_stm32f103c8tx.s.obj
LOAD CMakeFiles/DEV.elf.dir/Drivers/STM32F1xx_HAL_Driver/Src/stm32f1xx_hal.c.obj
LOAD CMakeFiles/DEV.elf.dir/Drivers/STM32F1xx_HAL_Driver/Src/stm32f1xx_hal_adc.c.obj
LOAD CMakeFiles/DEV.elf.dir/Drivers/STM32F1xx_HAL_Driver/Src/stm32f1xx_hal_adc_ex.c.obj
LOAD CMakeFiles/DEV.elf.dir/Drivers/STM32F1xx_HAL_Driver/Src/stm32f1xx_hal_cortex.c.obj
LOAD CMakeFiles/DEV.elf.dir/Drivers/STM32F1xx_HAL_Driver/Src/stm32f1xx_hal_dma.c.obj
LOAD CMakeFiles/DEV.elf.dir/Drivers/STM32F1xx_HAL_Driver/Src/stm32f1xx_hal_exti.c.obj
LOAD CMakeFiles/DEV.elf.dir/Drivers/STM32F1xx_HAL_Driver/Src/stm32f1xx_hal_flash.c.obj
LOAD CMakeFiles/DEV.elf.dir/Drivers/STM32F1xx_HAL_Driver/Src/stm32f1xx_hal_flash_ex.c.obj
LOAD CMakeFiles/DEV.elf.dir/Drivers/STM32F1xx_HAL_Driver/Src/stm32f1xx_hal_gpio.c.obj
LOAD CMakeFiles/DEV.elf.dir/Drivers/STM32F1xx_HAL_Driver/Src/stm32f1xx_hal_gpio_ex.c.obj
LOAD CMakeFiles/DEV.elf.dir/Drivers/STM32F1xx_HAL_Driver/Src/stm32f1xx_hal_pwr.c.obj
LOAD CMakeFiles/DEV.elf.dir/Drivers/STM32F1xx_HAL_Driver/Src/stm32f1xx_hal_rcc.c.obj
LOAD CMakeFiles/DEV.elf.dir/Drivers/STM32F1xx_HAL_Driver/Src/stm32f1xx_hal_rcc_ex.c.obj
LOAD CMakeFiles/DEV.elf.dir/Drivers/STM32F1xx_HAL_Driver/Src/stm32f1xx_hal_tim.c.obj
LOAD CMakeFiles/DEV.elf.dir/Drivers/STM32F1xx_HAL_Driver/Src/stm32f1xx_hal_tim_ex.c.obj
START GROUP
LOAD c:/users/shan_/documents/dev/gcc-arm-none-eabi/bin/../lib/gcc/arm-none-eabi/10.3.1/thumb/v7-m/nofp\libgcc.a
LOAD c:/users/shan_/documents/dev/gcc-arm-none-eabi/bin/../lib/gcc/arm-none-eabi/10.3.1/../../../../arm-none-eabi/lib/thumb/v7-m/nofp\libg.a
LOAD c:/users/shan_/documents/dev/gcc-arm-none-eabi/bin/../lib/gcc/arm-none-eabi/10.3.1/../../../../arm-none-eabi/lib/thumb/v7-m/nofp\libc.a
END GROUP
LOAD c:/users/shan_/documents/dev/gcc-arm-none-eabi/bin/../lib/gcc/arm-none-eabi/10.3.1/thumb/v7-m/nofp/crtend.o
LOAD c:/users/shan_/documents/dev/gcc-arm-none-eabi/bin/../lib/gcc/arm-none-eabi/10.3.1/thumb/v7-m/nofp/crtn.o
                0x20005000                _estack = (ORIGIN (RAM) + LENGTH (RAM))
                0x00000200                _Min_Heap_Size = 0x200
                0x00000400                _Min_Stack_Size = 0x400

.isr_vector     0x08000000      0x10c
                0x08000000                . = ALIGN (0x4)
 *(.isr_vector)
 .isr_vector    0x08000000      0x10c CMakeFiles/DEV.elf.dir/Core/Startup/startup_stm32f103c8tx.s.obj
                0x08000000                g_pfnVectors
                0x0800010c                . = ALIGN (0x4)

.text           0x0800010c     0x1bd8
                0x0800010c                . = ALIGN (0x4)
 *(.text)
 *(.text*)
 .text.MX_ADC2_Init
                0x0800010c       0x5c CMakeFiles/DEV.elf.dir/Core/Src/adc.c.obj
                0x0800010c                MX_ADC2_Init
 .text.HAL_ADC_MspInit
                0x08000168       0x60 CMakeFiles/DEV.elf.dir/Core/Src/adc.c.obj
                0x08000168                HAL_ADC_MspInit
 .text.Read_Temperature
                0x080001c8       0x24 CMakeFiles/DEV.elf.dir/Core/Src/adc.c.obj
                0x080001c8                Read_Temperature
 .text.MX_GPIO_Init
                0x080001ec       0x78 CMakeFiles/DEV.elf.dir/Core/Src/gpio.c.obj
                0x080001ec                MX_GPIO_Init
 .text.LED_Init
                0x08000264       0x58 CMakeFiles/DEV.elf.dir/Core/Src/led.c.obj
                0x08000264                LED_Init
 .text.DisplayNumber
                0x080002bc       0x4c CMakeFiles/DEV.elf.dir/Core/Src/led.c.obj
                0x080002bc                DisplayNumber
 .text.Error_Handler
                0x08000308        0x4 CMakeFiles/DEV.elf.dir/Core/Src/main.c.obj
                0x08000308                Error_Handler
 .text.SystemClock_Config
                0x0800030c       0x84 CMakeFiles/DEV.elf.dir/Core/Src/main.c.obj
                0x0800030c                SystemClock_Config
 .text.main     0x08000390       0x38 CMakeFiles/DEV.elf.dir/Core/Src/main.c.obj
                0x08000390                main
 .text.HAL_MspInit
                0x080003c8       0x44 CMakeFiles/DEV.elf.dir/Core/Src/stm32f1xx_hal_msp.c.obj
                0x080003c8                HAL_MspInit
 .text.NMI_Handler
                0x0800040c        0x2 CMakeFiles/DEV.elf.dir/Core/Src/stm32f1xx_it.c.obj
                0x0800040c                NMI_Handler
 .text.HardFault_Handler
                0x0800040e        0x2 CMakeFiles/DEV.elf.dir/Core/Src/stm32f1xx_it.c.obj
                0x0800040e                HardFault_Handler
 .text.MemManage_Handler
                0x08000410        0x2 CMakeFiles/DEV.elf.dir/Core/Src/stm32f1xx_it.c.obj
                0x08000410                MemManage_Handler
 .text.BusFault_Handler
                0x08000412        0x2 CMakeFiles/DEV.elf.dir/Core/Src/stm32f1xx_it.c.obj
                0x08000412                BusFault_Handler
 .text.UsageFault_Handler
                0x08000414        0x2 CMakeFiles/DEV.elf.dir/Core/Src/stm32f1xx_it.c.obj
                0x08000414                UsageFault_Handler
 .text.SVC_Handler
                0x08000416        0x2 CMakeFiles/DEV.elf.dir/Core/Src/stm32f1xx_it.c.obj
                0x08000416                SVC_Handler
 .text.DebugMon_Handler
                0x08000418        0x2 CMakeFiles/DEV.elf.dir/Core/Src/stm32f1xx_it.c.obj
                0x08000418                DebugMon_Handler
 .text.PendSV_Handler
                0x0800041a        0x2 CMakeFiles/DEV.elf.dir/Core/Src/stm32f1xx_it.c.obj
                0x0800041a                PendSV_Handler
 .text.SysTick_Handler
                0x0800041c        0x8 CMakeFiles/DEV.elf.dir/Core/Src/stm32f1xx_it.c.obj
                0x0800041c                SysTick_Handler
 .text.SystemInit
                0x08000424        0x2 CMakeFiles/DEV.elf.dir/Core/Src/system_stm32f1xx.c.obj
                0x08000424                SystemInit
 *fill*         0x08000426        0x2 
 .text.MX_TIM2_Init
                0x08000428       0xa0 CMakeFiles/DEV.elf.dir/Core/Src/tim.c.obj
                0x08000428                MX_TIM2_Init
 .text.HAL_TIM_Base_MspInit
                0x080004c8       0x58 CMakeFiles/DEV.elf.dir/Core/Src/tim.c.obj
                0x080004c8                HAL_TIM_Base_MspInit
 .text.Reset_Handler
                0x08000520       0x48 CMakeFiles/DEV.elf.dir/Core/Startup/startup_stm32f103c8tx.s.obj
                0x08000520                Reset_Handler
 .text.Default_Handler
                0x08000568        0x2 CMakeFiles/DEV.elf.dir/Core/Startup/startup_stm32f103c8tx.s.obj
                0x08000568                RTC_Alarm_IRQHandler
                0x08000568                EXTI2_IRQHandler
                0x08000568                TIM1_CC_IRQHandler
                0x08000568                PVD_IRQHandler
                0x08000568                EXTI3_IRQHandler
                0x08000568                EXTI0_IRQHandler
                0x08000568                I2C2_EV_IRQHandler
                0x08000568                ADC1_2_IRQHandler
                0x08000568                SPI1_IRQHandler
                0x08000568                TAMPER_IRQHandler
                0x08000568                DMA1_Channel4_IRQHandler
                0x08000568                USART3_IRQHandler
                0x08000568                RTC_IRQHandler
                0x08000568                DMA1_Channel7_IRQHandler
                0x08000568                CAN1_RX1_IRQHandler
                0x08000568                TIM4_IRQHandler
                0x08000568                I2C1_EV_IRQHandler
                0x08000568                DMA1_Channel6_IRQHandler
                0x08000568                TIM3_IRQHandler
                0x08000568                RCC_IRQHandler
                0x08000568                TIM1_TRG_COM_IRQHandler
                0x08000568                DMA1_Channel1_IRQHandler
                0x08000568                Default_Handler
                0x08000568                EXTI15_10_IRQHandler
                0x08000568                EXTI9_5_IRQHandler
                0x08000568                SPI2_IRQHandler
                0x08000568                DMA1_Channel5_IRQHandler
                0x08000568                EXTI4_IRQHandler
                0x08000568                USB_LP_CAN1_RX0_IRQHandler
                0x08000568                USB_HP_CAN1_TX_IRQHandler
                0x08000568                DMA1_Channel3_IRQHandler
                0x08000568                TIM1_UP_IRQHandler
                0x08000568                WWDG_IRQHandler
                0x08000568                TIM2_IRQHandler
                0x08000568                TIM1_BRK_IRQHandler
                0x08000568                EXTI1_IRQHandler
                0x08000568                USART2_IRQHandler
                0x08000568                I2C2_ER_IRQHandler
                0x08000568                DMA1_Channel2_IRQHandler
                0x08000568                CAN1_SCE_IRQHandler
                0x08000568                FLASH_IRQHandler
                0x08000568                USART1_IRQHandler
                0x08000568                I2C1_ER_IRQHandler
                0x08000568                USBWakeUp_IRQHandler
 *fill*         0x0800056a        0x2 
 .text.HAL_InitTick
                0x0800056c       0x4c CMakeFiles/DEV.elf.dir/Drivers/STM32F1xx_HAL_Driver/Src/stm32f1xx_hal.c.obj
                0x0800056c                HAL_InitTick
 .text.HAL_Init
                0x080005b8       0x24 CMakeFiles/DEV.elf.dir/Drivers/STM32F1xx_HAL_Driver/Src/stm32f1xx_hal.c.obj
                0x080005b8                HAL_Init
 .text.HAL_IncTick
                0x080005dc       0x18 CMakeFiles/DEV.elf.dir/Drivers/STM32F1xx_HAL_Driver/Src/stm32f1xx_hal.c.obj
                0x080005dc                HAL_IncTick
 .text.HAL_GetTick
                0x080005f4        0xc CMakeFiles/DEV.elf.dir/Drivers/STM32F1xx_HAL_Driver/Src/stm32f1xx_hal.c.obj
                0x080005f4                HAL_GetTick
 .text.HAL_ADC_PollForConversion
                0x08000600      0x184 CMakeFiles/DEV.elf.dir/Drivers/STM32F1xx_HAL_Driver/Src/stm32f1xx_hal_adc.c.obj
                0x08000600                HAL_ADC_PollForConversion
 .text.HAL_ADC_GetValue
                0x08000784        0x6 CMakeFiles/DEV.elf.dir/Drivers/STM32F1xx_HAL_Driver/Src/stm32f1xx_hal_adc.c.obj
                0x08000784                HAL_ADC_GetValue
 *fill*         0x0800078a        0x2 
 .text.HAL_ADC_ConfigChannel
                0x0800078c      0x144 CMakeFiles/DEV.elf.dir/Drivers/STM32F1xx_HAL_Driver/Src/stm32f1xx_hal_adc.c.obj
                0x0800078c                HAL_ADC_ConfigChannel
 .text.ADC_Enable
                0x080008d0       0x88 CMakeFiles/DEV.elf.dir/Drivers/STM32F1xx_HAL_Driver/Src/stm32f1xx_hal_adc.c.obj
                0x080008d0                ADC_Enable
 .text.HAL_ADC_Start
                0x08000958       0xe8 CMakeFiles/DEV.elf.dir/Drivers/STM32F1xx_HAL_Driver/Src/stm32f1xx_hal_adc.c.obj
                0x08000958                HAL_ADC_Start
 .text.ADC_ConversionStop_Disable
                0x08000a40       0x56 CMakeFiles/DEV.elf.dir/Drivers/STM32F1xx_HAL_Driver/Src/stm32f1xx_hal_adc.c.obj
                0x08000a40                ADC_ConversionStop_Disable
 *fill*         0x08000a96        0x2 
 .text.HAL_ADC_Init
                0x08000a98      0x108 CMakeFiles/DEV.elf.dir/Drivers/STM32F1xx_HAL_Driver/Src/stm32f1xx_hal_adc.c.obj
                0x08000a98                HAL_ADC_Init
 .text.HAL_NVIC_SetPriorityGrouping
                0x08000ba0       0x24 CMakeFiles/DEV.elf.dir/Drivers/STM32F1xx_HAL_Driver/Src/stm32f1xx_hal_cortex.c.obj
                0x08000ba0                HAL_NVIC_SetPriorityGrouping
 .text.HAL_NVIC_SetPriority
                0x08000bc4       0x70 CMakeFiles/DEV.elf.dir/Drivers/STM32F1xx_HAL_Driver/Src/stm32f1xx_hal_cortex.c.obj
                0x08000bc4                HAL_NVIC_SetPriority
 .text.HAL_SYSTICK_Config
                0x08000c34       0x28 CMakeFiles/DEV.elf.dir/Drivers/STM32F1xx_HAL_Driver/Src/stm32f1xx_hal_cortex.c.obj
                0x08000c34                HAL_SYSTICK_Config
 .text.HAL_GPIO_Init
                0x08000c5c      0x224 CMakeFiles/DEV.elf.dir/Drivers/STM32F1xx_HAL_Driver/Src/stm32f1xx_hal_gpio.c.obj
                0x08000c5c                HAL_GPIO_Init
 .text.HAL_GPIO_WritePin
                0x08000e80        0xc CMakeFiles/DEV.elf.dir/Drivers/STM32F1xx_HAL_Driver/Src/stm32f1xx_hal_gpio.c.obj
                0x08000e80                HAL_GPIO_WritePin
 .text.RCC_Delay
                0x08000e8c       0x2c CMakeFiles/DEV.elf.dir/Drivers/STM32F1xx_HAL_Driver/Src/stm32f1xx_hal_rcc.c.obj
 .text.HAL_RCC_OscConfig
                0x08000eb8      0x410 CMakeFiles/DEV.elf.dir/Drivers/STM32F1xx_HAL_Driver/Src/stm32f1xx_hal_rcc.c.obj
                0x08000eb8                HAL_RCC_OscConfig
 .text.HAL_RCC_GetSysClockFreq
                0x080012c8       0x54 CMakeFiles/DEV.elf.dir/Drivers/STM32F1xx_HAL_Driver/Src/stm32f1xx_hal_rcc.c.obj
                0x080012c8                HAL_RCC_GetSysClockFreq
 .text.HAL_RCC_ClockConfig
                0x0800131c      0x16c CMakeFiles/DEV.elf.dir/Drivers/STM32F1xx_HAL_Driver/Src/stm32f1xx_hal_rcc.c.obj
                0x0800131c                HAL_RCC_ClockConfig
 .text.HAL_RCC_GetHCLKFreq
                0x08001488        0xc CMakeFiles/DEV.elf.dir/Drivers/STM32F1xx_HAL_Driver/Src/stm32f1xx_hal_rcc.c.obj
                0x08001488                HAL_RCC_GetHCLKFreq
 .text.HAL_RCC_GetPCLK2Freq
                0x08001494       0x20 CMakeFiles/DEV.elf.dir/Drivers/STM32F1xx_HAL_Driver/Src/stm32f1xx_hal_rcc.c.obj
                0x08001494                HAL_RCC_GetPCLK2Freq
 .text.HAL_RCCEx_PeriphCLKConfig
                0x080014b4      0x118 CMakeFiles/DEV.elf.dir/Drivers/STM32F1xx_HAL_Driver/Src/stm32f1xx_hal_rcc_ex.c.obj
                0x080014b4                HAL_RCCEx_PeriphCLKConfig
 .text.HAL_RCCEx_GetPeriphCLKFreq
                0x080015cc       0xd8 CMakeFiles/DEV.elf.dir/Drivers/STM32F1xx_HAL_Driver/Src/stm32f1xx_hal_rcc_ex.c.obj
                0x080015cc                HAL_RCCEx_GetPeriphCLKFreq
 .text.TIM_TI1_ConfigInputStage
                0x080016a4       0x24 CMakeFiles/DEV.elf.dir/Drivers/STM32F1xx_HAL_Driver/Src/stm32f1xx_hal_tim.c.obj
 .text.TIM_TI2_SetConfig
                0x080016c8       0x36 CMakeFiles/DEV.elf.dir/Drivers/STM32F1xx_HAL_Driver/Src/stm32f1xx_hal_tim.c.obj
 .text.TIM_TI2_ConfigInputStage
                0x080016fe       0x26 CMakeFiles/DEV.elf.dir/Drivers/STM32F1xx_HAL_Driver/Src/stm32f1xx_hal_tim.c.obj
 .text.TIM_TI3_SetConfig
                0x08001724       0x36 CMakeFiles/DEV.elf.dir/Drivers/STM32F1xx_HAL_Driver/Src/stm32f1xx_hal_tim.c.obj
 .text.TIM_TI4_SetConfig
                0x0800175a       0x36 CMakeFiles/DEV.elf.dir/Drivers/STM32F1xx_HAL_Driver/Src/stm32f1xx_hal_tim.c.obj
 .text.TIM_ITRx_SetConfig
                0x08001790       0x10 CMakeFiles/DEV.elf.dir/Drivers/STM32F1xx_HAL_Driver/Src/stm32f1xx_hal_tim.c.obj
 .text.HAL_TIM_Base_Start_IT
                0x080017a0       0x68 CMakeFiles/DEV.elf.dir/Drivers/STM32F1xx_HAL_Driver/Src/stm32f1xx_hal_tim.c.obj
                0x080017a0                HAL_TIM_Base_Start_IT
 .text.HAL_TIM_IC_MspInit
                0x08001808        0x2 CMakeFiles/DEV.elf.dir/Drivers/STM32F1xx_HAL_Driver/Src/stm32f1xx_hal_tim.c.obj
                0x08001808                HAL_TIM_IC_MspInit
 *fill*         0x0800180a        0x2 
 .text.TIM_Base_SetConfig
                0x0800180c       0x84 CMakeFiles/DEV.elf.dir/Drivers/STM32F1xx_HAL_Driver/Src/stm32f1xx_hal_tim.c.obj
                0x0800180c                TIM_Base_SetConfig
 .text.HAL_TIM_Base_Init
                0x08001890       0x58 CMakeFiles/DEV.elf.dir/Drivers/STM32F1xx_HAL_Driver/Src/stm32f1xx_hal_tim.c.obj
                0x08001890                HAL_TIM_Base_Init
 .text.HAL_TIM_IC_Init
                0x080018e8       0x58 CMakeFiles/DEV.elf.dir/Drivers/STM32F1xx_HAL_Driver/Src/stm32f1xx_hal_tim.c.obj
                0x080018e8                HAL_TIM_IC_Init
 .text.TIM_TI1_SetConfig
                0x08001940       0x58 CMakeFiles/DEV.elf.dir/Drivers/STM32F1xx_HAL_Driver/Src/stm32f1xx_hal_tim.c.obj
                0x08001940                TIM_TI1_SetConfig
 .text.HAL_TIM_IC_ConfigChannel
                0x08001998       0xc4 CMakeFiles/DEV.elf.dir/Drivers/STM32F1xx_HAL_Driver/Src/stm32f1xx_hal_tim.c.obj
                0x08001998                HAL_TIM_IC_ConfigChannel
 .text.TIM_ETR_SetConfig
                0x08001a5c       0x18 CMakeFiles/DEV.elf.dir/Drivers/STM32F1xx_HAL_Driver/Src/stm32f1xx_hal_tim.c.obj
                0x08001a5c                TIM_ETR_SetConfig
 .text.HAL_TIM_ConfigClockSource
                0x08001a74       0xfe CMakeFiles/DEV.elf.dir/Drivers/STM32F1xx_HAL_Driver/Src/stm32f1xx_hal_tim.c.obj
                0x08001a74                HAL_TIM_ConfigClockSource
 *fill*         0x08001b72        0x2 
 .text.HAL_TIMEx_MasterConfigSynchronization
                0x08001b74       0x6c CMakeFiles/DEV.elf.dir/Drivers/STM32F1xx_HAL_Driver/Src/stm32f1xx_hal_tim_ex.c.obj
                0x08001b74                HAL_TIMEx_MasterConfigSynchronization
 .text.__libc_init_array
                0x08001be0       0x48 c:/users/shan_/documents/dev/gcc-arm-none-eabi/bin/../lib/gcc/arm-none-eabi/10.3.1/../../../../arm-none-eabi/lib/thumb/v7-m/nofp\libg.a(lib_a-init.o)
                0x08001be0                __libc_init_array
 .text.memset   0x08001c28       0xa4 c:/users/shan_/documents/dev/gcc-arm-none-eabi/bin/../lib/gcc/arm-none-eabi/10.3.1/../../../../arm-none-eabi/lib/thumb/v7-m/nofp\libg.a(lib_a-memset.o)
                0x08001c28                memset
 *(.glue_7)
 .glue_7        0x08001ccc        0x0 linker stubs
 *(.glue_7t)
 .glue_7t       0x08001ccc        0x0 linker stubs
 *(.eh_frame)
 *(.init)
 .init          0x08001ccc        0x4 c:/users/shan_/documents/dev/gcc-arm-none-eabi/bin/../lib/gcc/arm-none-eabi/10.3.1/thumb/v7-m/nofp/crti.o
                0x08001ccc                _init
 .init          0x08001cd0        0x8 c:/users/shan_/documents/dev/gcc-arm-none-eabi/bin/../lib/gcc/arm-none-eabi/10.3.1/thumb/v7-m/nofp/crtn.o
 *(.fini)
 .fini          0x08001cd8        0x4 c:/users/shan_/documents/dev/gcc-arm-none-eabi/bin/../lib/gcc/arm-none-eabi/10.3.1/thumb/v7-m/nofp/crti.o
                0x08001cd8                _fini
 .fini          0x08001cdc        0x8 c:/users/shan_/documents/dev/gcc-arm-none-eabi/bin/../lib/gcc/arm-none-eabi/10.3.1/thumb/v7-m/nofp/crtn.o
                0x08001ce4                . = ALIGN (0x4)
                0x08001ce4                _etext = .

.vfp11_veneer   0x08001ce4        0x0
 .vfp11_veneer  0x08001ce4        0x0 linker stubs

.v4_bx          0x08001ce4        0x0
 .v4_bx         0x08001ce4        0x0 linker stubs

.iplt           0x08001ce4        0x0
 .iplt          0x08001ce4        0x0 CMakeFiles/DEV.elf.dir/Core/Src/adc.c.obj

.rodata         0x08001ce4       0x40
                0x08001ce4                . = ALIGN (0x4)
 *(.rodata)
 *(.rodata*)
 .rodata.AHBPrescTable
                0x08001ce4       0x10 CMakeFiles/DEV.elf.dir/Core/Src/system_stm32f1xx.c.obj
                0x08001ce4                AHBPrescTable
 .rodata.APBPrescTable
                0x08001cf4        0x8 CMakeFiles/DEV.elf.dir/Core/Src/system_stm32f1xx.c.obj
                0x08001cf4                APBPrescTable
 .rodata.aPLLMULFactorTable.1
                0x08001cfc       0x10 CMakeFiles/DEV.elf.dir/Drivers/STM32F1xx_HAL_Driver/Src/stm32f1xx_hal_rcc.c.obj
 .rodata.aPredivFactorTable.0
                0x08001d0c        0x2 CMakeFiles/DEV.elf.dir/Drivers/STM32F1xx_HAL_Driver/Src/stm32f1xx_hal_rcc.c.obj
 *fill*         0x08001d0e        0x2 
 .rodata.aPLLMULFactorTable.1
                0x08001d10       0x10 CMakeFiles/DEV.elf.dir/Drivers/STM32F1xx_HAL_Driver/Src/stm32f1xx_hal_rcc_ex.c.obj
 .rodata.aPredivFactorTable.0
                0x08001d20        0x2 CMakeFiles/DEV.elf.dir/Drivers/STM32F1xx_HAL_Driver/Src/stm32f1xx_hal_rcc_ex.c.obj
                0x08001d24                . = ALIGN (0x4)
 *fill*         0x08001d22        0x2 
                0x08001d24                _sidata = LOADADDR (.data)

.rel.dyn        0x08001d24        0x0
 .rel.iplt      0x08001d24        0x0 CMakeFiles/DEV.elf.dir/Core/Src/adc.c.obj

.data           0x20000000        0xc load address 0x08001d24
                0x20000000                . = ALIGN (0x4)
                0x20000000                _sdata = .
 *(.data)
 *(.data*)
 .data.SystemCoreClock
                0x20000000        0x4 CMakeFiles/DEV.elf.dir/Core/Src/system_stm32f1xx.c.obj
                0x20000000                SystemCoreClock
 .data.uwTickFreq
                0x20000004        0x1 CMakeFiles/DEV.elf.dir/Drivers/STM32F1xx_HAL_Driver/Src/stm32f1xx_hal.c.obj
                0x20000004                uwTickFreq
 *fill*         0x20000005        0x3 
 .data.uwTickPrio
                0x20000008        0x4 CMakeFiles/DEV.elf.dir/Drivers/STM32F1xx_HAL_Driver/Src/stm32f1xx_hal.c.obj
                0x20000008                uwTickPrio
 *(.RamFunc)
 *(.RamFunc*)
                0x2000000c                . = ALIGN (0x4)
                0x2000000c                _edata = .

.igot.plt       0x2000000c        0x0 load address 0x08001d30
 .igot.plt      0x2000000c        0x0 CMakeFiles/DEV.elf.dir/Core/Src/adc.c.obj
                0x2000000c                . = ALIGN (0x4)

.bss            0x2000000c       0x84 load address 0x08001d30
                0x2000000c                _sbss = .
                0x2000000c                __bss_start__ = _sbss
 *(.bss)
 *(.bss*)
 .bss.hadc2     0x2000000c       0x30 CMakeFiles/DEV.elf.dir/Core/Src/adc.c.obj
                0x2000000c                hadc2
 .bss.current_number
                0x2000003c        0x2 CMakeFiles/DEV.elf.dir/Core/Src/led.c.obj
 *fill*         0x2000003e        0x2 
 .bss.digits    0x20000040        0x3 CMakeFiles/DEV.elf.dir/Core/Src/led.c.obj
 *fill*         0x20000043        0x1 
 .bss.htim2     0x20000044       0x48 CMakeFiles/DEV.elf.dir/Core/Src/tim.c.obj
                0x20000044                htim2
 .bss.uwTick    0x2000008c        0x4 CMakeFiles/DEV.elf.dir/Drivers/STM32F1xx_HAL_Driver/Src/stm32f1xx_hal.c.obj
                0x2000008c                uwTick
 *(COMMON)
                0x20000090                . = ALIGN (0x4)
                0x20000090                _ebss = .
                0x20000090                __bss_end__ = _ebss

._user_heap_stack
                0x20000090      0x600 load address 0x08001d30
                0x20000090                . = ALIGN (0x8)
                [!provide]                PROVIDE (end = .)
                0x20000090                PROVIDE (_end = .)
                0x20000290                . = (. + _Min_Heap_Size)
 *fill*         0x20000090      0x200 
                0x20000690                . = (. + _Min_Stack_Size)
 *fill*         0x20000290      0x400 
                0x20000690                . = ALIGN (0x8)

/DISCARD/
 libc.a(*)
 libm.a(*)
 libgcc.a(*)

.ARM.attributes
                0x00000000       0x29
 *(.ARM.attributes)
 .ARM.attributes
                0x00000000       0x1d c:/users/shan_/documents/dev/gcc-arm-none-eabi/bin/../lib/gcc/arm-none-eabi/10.3.1/thumb/v7-m/nofp/crti.o
 .ARM.attributes
                0x0000001d       0x2d CMakeFiles/DEV.elf.dir/Core/Src/adc.c.obj
 .ARM.attributes
                0x0000004a       0x2d CMakeFiles/DEV.elf.dir/Core/Src/gpio.c.obj
 .ARM.attributes
                0x00000077       0x2d CMakeFiles/DEV.elf.dir/Core/Src/led.c.obj
 .ARM.attributes
                0x000000a4       0x2d CMakeFiles/DEV.elf.dir/Core/Src/main.c.obj
 .ARM.attributes
                0x000000d1       0x2d CMakeFiles/DEV.elf.dir/Core/Src/stm32f1xx_hal_msp.c.obj
 .ARM.attributes
                0x000000fe       0x2d CMakeFiles/DEV.elf.dir/Core/Src/stm32f1xx_it.c.obj
 .ARM.attributes
                0x0000012b       0x2d CMakeFiles/DEV.elf.dir/Core/Src/system_stm32f1xx.c.obj
 .ARM.attributes
                0x00000158       0x2d CMakeFiles/DEV.elf.dir/Core/Src/tim.c.obj
 .ARM.attributes
                0x00000185       0x21 CMakeFiles/DEV.elf.dir/Core/Startup/startup_stm32f103c8tx.s.obj
 .ARM.attributes
                0x000001a6       0x2d CMakeFiles/DEV.elf.dir/Drivers/STM32F1xx_HAL_Driver/Src/stm32f1xx_hal.c.obj
 .ARM.attributes
                0x000001d3       0x2d CMakeFiles/DEV.elf.dir/Drivers/STM32F1xx_HAL_Driver/Src/stm32f1xx_hal_adc.c.obj
 .ARM.attributes
                0x00000200       0x2d CMakeFiles/DEV.elf.dir/Drivers/STM32F1xx_HAL_Driver/Src/stm32f1xx_hal_cortex.c.obj
 .ARM.attributes
                0x0000022d       0x2d CMakeFiles/DEV.elf.dir/Drivers/STM32F1xx_HAL_Driver/Src/stm32f1xx_hal_gpio.c.obj
 .ARM.attributes
                0x0000025a       0x2d CMakeFiles/DEV.elf.dir/Drivers/STM32F1xx_HAL_Driver/Src/stm32f1xx_hal_rcc.c.obj
 .ARM.attributes
                0x00000287       0x2d CMakeFiles/DEV.elf.dir/Drivers/STM32F1xx_HAL_Driver/Src/stm32f1xx_hal_rcc_ex.c.obj
 .ARM.attributes
                0x000002b4       0x2d CMakeFiles/DEV.elf.dir/Drivers/STM32F1xx_HAL_Driver/Src/stm32f1xx_hal_tim.c.obj
 .ARM.attributes
                0x000002e1       0x2d CMakeFiles/DEV.elf.dir/Drivers/STM32F1xx_HAL_Driver/Src/stm32f1xx_hal_tim_ex.c.obj
 .ARM.attributes
                0x0000030e       0x2d c:/users/shan_/documents/dev/gcc-arm-none-eabi/bin/../lib/gcc/arm-none-eabi/10.3.1/../../../../arm-none-eabi/lib/thumb/v7-m/nofp\libg.a(lib_a-init.o)
 .ARM.attributes
                0x0000033b       0x2d c:/users/shan_/documents/dev/gcc-arm-none-eabi/bin/../lib/gcc/arm-none-eabi/10.3.1/../../../../arm-none-eabi/lib/thumb/v7-m/nofp\libg.a(lib_a-memset.o)
 .ARM.attributes
                0x00000368       0x1d c:/users/shan_/documents/dev/gcc-arm-none-eabi/bin/../lib/gcc/arm-none-eabi/10.3.1/thumb/v7-m/nofp/crtn.o
OUTPUT(DEV.elf elf32-littlearm)
LOAD linker stubs
LOAD c:/users/shan_/documents/dev/gcc-arm-none-eabi/bin/../lib/gcc/arm-none-eabi/10.3.1/../../../../arm-none-eabi/lib/thumb/v7-m/nofp\libc.a
LOAD c:/users/shan_/documents/dev/gcc-arm-none-eabi/bin/../lib/gcc/arm-none-eabi/10.3.1/../../../../arm-none-eabi/lib/thumb/v7-m/nofp\libm.a
LOAD c:/users/shan_/documents/dev/gcc-arm-none-eabi/bin/../lib/gcc/arm-none-eabi/10.3.1/thumb/v7-m/nofp\libgcc.a

.debug_info     0x00000000     0xbd5d
 .debug_info    0x00000000      0x913 CMakeFiles/DEV.elf.dir/Core/Src/adc.c.obj
 .debug_info    0x00000913      0x2f5 CMakeFiles/DEV.elf.dir/Core/Src/gpio.c.obj
 .debug_info    0x00000c08      0x4a9 CMakeFiles/DEV.elf.dir/Core/Src/led.c.obj
 .debug_info    0x000010b1      0x9d8 CMakeFiles/DEV.elf.dir/Core/Src/main.c.obj
 .debug_info    0x00001a89      0x211 CMakeFiles/DEV.elf.dir/Core/Src/stm32f1xx_hal_msp.c.obj
 .debug_info    0x00001c9a      0x130 CMakeFiles/DEV.elf.dir/Core/Src/stm32f1xx_it.c.obj
 .debug_info    0x00001dca      0x248 CMakeFiles/DEV.elf.dir/Core/Src/system_stm32f1xx.c.obj
 .debug_info    0x00002012      0xb8e CMakeFiles/DEV.elf.dir/Core/Src/tim.c.obj
 .debug_info    0x00002ba0       0x22 CMakeFiles/DEV.elf.dir/Core/Startup/startup_stm32f103c8tx.s.obj
 .debug_info    0x00002bc2      0x7a8 CMakeFiles/DEV.elf.dir/Drivers/STM32F1xx_HAL_Driver/Src/stm32f1xx_hal.c.obj
 .debug_info    0x0000336a      0xf3f CMakeFiles/DEV.elf.dir/Drivers/STM32F1xx_HAL_Driver/Src/stm32f1xx_hal_adc.c.obj
 .debug_info    0x000042a9      0xd8a CMakeFiles/DEV.elf.dir/Drivers/STM32F1xx_HAL_Driver/Src/stm32f1xx_hal_cortex.c.obj
 .debug_info    0x00005033      0x66f CMakeFiles/DEV.elf.dir/Drivers/STM32F1xx_HAL_Driver/Src/stm32f1xx_hal_gpio.c.obj
 .debug_info    0x000056a2      0xa3b CMakeFiles/DEV.elf.dir/Drivers/STM32F1xx_HAL_Driver/Src/stm32f1xx_hal_rcc.c.obj
 .debug_info    0x000060dd      0x449 CMakeFiles/DEV.elf.dir/Drivers/STM32F1xx_HAL_Driver/Src/stm32f1xx_hal_rcc_ex.c.obj
 .debug_info    0x00006526     0x3d7c CMakeFiles/DEV.elf.dir/Drivers/STM32F1xx_HAL_Driver/Src/stm32f1xx_hal_tim.c.obj
 .debug_info    0x0000a2a2     0x1abb CMakeFiles/DEV.elf.dir/Drivers/STM32F1xx_HAL_Driver/Src/stm32f1xx_hal_tim_ex.c.obj

.debug_abbrev   0x00000000     0x1da8
 .debug_abbrev  0x00000000      0x1f3 CMakeFiles/DEV.elf.dir/Core/Src/adc.c.obj
 .debug_abbrev  0x000001f3      0x13c CMakeFiles/DEV.elf.dir/Core/Src/gpio.c.obj
 .debug_abbrev  0x0000032f      0x185 CMakeFiles/DEV.elf.dir/Core/Src/led.c.obj
 .debug_abbrev  0x000004b4      0x239 CMakeFiles/DEV.elf.dir/Core/Src/main.c.obj
 .debug_abbrev  0x000006ed       0xe5 CMakeFiles/DEV.elf.dir/Core/Src/stm32f1xx_hal_msp.c.obj
 .debug_abbrev  0x000007d2       0x7e CMakeFiles/DEV.elf.dir/Core/Src/stm32f1xx_it.c.obj
 .debug_abbrev  0x00000850      0x13e CMakeFiles/DEV.elf.dir/Core/Src/system_stm32f1xx.c.obj
 .debug_abbrev  0x0000098e      0x218 CMakeFiles/DEV.elf.dir/Core/Src/tim.c.obj
 .debug_abbrev  0x00000ba6       0x12 CMakeFiles/DEV.elf.dir/Core/Startup/startup_stm32f103c8tx.s.obj
 .debug_abbrev  0x00000bb8      0x1f4 CMakeFiles/DEV.elf.dir/Drivers/STM32F1xx_HAL_Driver/Src/stm32f1xx_hal.c.obj
 .debug_abbrev  0x00000dac      0x1fc CMakeFiles/DEV.elf.dir/Drivers/STM32F1xx_HAL_Driver/Src/stm32f1xx_hal_adc.c.obj
 .debug_abbrev  0x00000fa8      0x341 CMakeFiles/DEV.elf.dir/Drivers/STM32F1xx_HAL_Driver/Src/stm32f1xx_hal_cortex.c.obj
 .debug_abbrev  0x000012e9      0x1e6 CMakeFiles/DEV.elf.dir/Drivers/STM32F1xx_HAL_Driver/Src/stm32f1xx_hal_gpio.c.obj
 .debug_abbrev  0x000014cf      0x27a CMakeFiles/DEV.elf.dir/Drivers/STM32F1xx_HAL_Driver/Src/stm32f1xx_hal_rcc.c.obj
 .debug_abbrev  0x00001749      0x1d2 CMakeFiles/DEV.elf.dir/Drivers/STM32F1xx_HAL_Driver/Src/stm32f1xx_hal_rcc_ex.c.obj
 .debug_abbrev  0x0000191b      0x245 CMakeFiles/DEV.elf.dir/Drivers/STM32F1xx_HAL_Driver/Src/stm32f1xx_hal_tim.c.obj
 .debug_abbrev  0x00001b60      0x248 CMakeFiles/DEV.elf.dir/Drivers/STM32F1xx_HAL_Driver/Src/stm32f1xx_hal_tim_ex.c.obj

.debug_loc      0x00000000     0x936e
 .debug_loc     0x00000000       0x99 CMakeFiles/DEV.elf.dir/Core/Src/adc.c.obj
 .debug_loc     0x00000099       0xab CMakeFiles/DEV.elf.dir/Core/Src/led.c.obj
 .debug_loc     0x00000144       0x15 CMakeFiles/DEV.elf.dir/Core/Src/stm32f1xx_hal_msp.c.obj
 .debug_loc     0x00000159       0xff CMakeFiles/DEV.elf.dir/Core/Src/system_stm32f1xx.c.obj
 .debug_loc     0x00000258      0x12a CMakeFiles/DEV.elf.dir/Core/Src/tim.c.obj
 .debug_loc     0x00000382      0x141 CMakeFiles/DEV.elf.dir/Drivers/STM32F1xx_HAL_Driver/Src/stm32f1xx_hal.c.obj
 .debug_loc     0x000004c3      0xb03 CMakeFiles/DEV.elf.dir/Drivers/STM32F1xx_HAL_Driver/Src/stm32f1xx_hal_adc.c.obj
 .debug_loc     0x00000fc6      0x71f CMakeFiles/DEV.elf.dir/Drivers/STM32F1xx_HAL_Driver/Src/stm32f1xx_hal_cortex.c.obj
 .debug_loc     0x000016e5      0x47d CMakeFiles/DEV.elf.dir/Drivers/STM32F1xx_HAL_Driver/Src/stm32f1xx_hal_gpio.c.obj
 .debug_loc     0x00001b62      0x618 CMakeFiles/DEV.elf.dir/Drivers/STM32F1xx_HAL_Driver/Src/stm32f1xx_hal_rcc.c.obj
 .debug_loc     0x0000217a      0x43d CMakeFiles/DEV.elf.dir/Drivers/STM32F1xx_HAL_Driver/Src/stm32f1xx_hal_rcc_ex.c.obj
 .debug_loc     0x000025b7     0x5124 CMakeFiles/DEV.elf.dir/Drivers/STM32F1xx_HAL_Driver/Src/stm32f1xx_hal_tim.c.obj
 .debug_loc     0x000076db     0x1c93 CMakeFiles/DEV.elf.dir/Drivers/STM32F1xx_HAL_Driver/Src/stm32f1xx_hal_tim_ex.c.obj

.debug_aranges  0x00000000      0xa78
 .debug_aranges
                0x00000000       0x38 CMakeFiles/DEV.elf.dir/Core/Src/adc.c.obj
 .debug_aranges
                0x00000038       0x20 CMakeFiles/DEV.elf.dir/Core/Src/gpio.c.obj
 .debug_aranges
                0x00000058       0x30 CMakeFiles/DEV.elf.dir/Core/Src/led.c.obj
 .debug_aranges
                0x00000088       0x30 CMakeFiles/DEV.elf.dir/Core/Src/main.c.obj
 .debug_aranges
                0x000000b8       0x20 CMakeFiles/DEV.elf.dir/Core/Src/stm32f1xx_hal_msp.c.obj
 .debug_aranges
                0x000000d8       0x60 CMakeFiles/DEV.elf.dir/Core/Src/stm32f1xx_it.c.obj
 .debug_aranges
                0x00000138       0x28 CMakeFiles/DEV.elf.dir/Core/Src/system_stm32f1xx.c.obj
 .debug_aranges
                0x00000160       0x40 CMakeFiles/DEV.elf.dir/Core/Src/tim.c.obj
 .debug_aranges
                0x000001a0       0x28 CMakeFiles/DEV.elf.dir/Core/Startup/startup_stm32f103c8tx.s.obj
 .debug_aranges
                0x000001c8       0xe0 CMakeFiles/DEV.elf.dir/Drivers/STM32F1xx_HAL_Driver/Src/stm32f1xx_hal.c.obj
 .debug_aranges
                0x000002a8       0xf0 CMakeFiles/DEV.elf.dir/Drivers/STM32F1xx_HAL_Driver/Src/stm32f1xx_hal_adc.c.obj
 .debug_aranges
                0x00000398       0x90 CMakeFiles/DEV.elf.dir/Drivers/STM32F1xx_HAL_Driver/Src/stm32f1xx_hal_cortex.c.obj
 .debug_aranges
                0x00000428       0x58 CMakeFiles/DEV.elf.dir/Drivers/STM32F1xx_HAL_Driver/Src/stm32f1xx_hal_gpio.c.obj
 .debug_aranges
                0x00000480       0x90 CMakeFiles/DEV.elf.dir/Drivers/STM32F1xx_HAL_Driver/Src/stm32f1xx_hal_rcc.c.obj
 .debug_aranges
                0x00000510       0x30 CMakeFiles/DEV.elf.dir/Drivers/STM32F1xx_HAL_Driver/Src/stm32f1xx_hal_rcc_ex.c.obj
 .debug_aranges
                0x00000540      0x3d0 CMakeFiles/DEV.elf.dir/Drivers/STM32F1xx_HAL_Driver/Src/stm32f1xx_hal_tim.c.obj
 .debug_aranges
                0x00000910      0x168 CMakeFiles/DEV.elf.dir/Drivers/STM32F1xx_HAL_Driver/Src/stm32f1xx_hal_tim_ex.c.obj

.debug_ranges   0x00000000      0xa08
 .debug_ranges  0x00000000       0x28 CMakeFiles/DEV.elf.dir/Core/Src/adc.c.obj
 .debug_ranges  0x00000028       0x10 CMakeFiles/DEV.elf.dir/Core/Src/gpio.c.obj
 .debug_ranges  0x00000038       0x20 CMakeFiles/DEV.elf.dir/Core/Src/led.c.obj
 .debug_ranges  0x00000058       0x20 CMakeFiles/DEV.elf.dir/Core/Src/main.c.obj
 .debug_ranges  0x00000078       0x10 CMakeFiles/DEV.elf.dir/Core/Src/stm32f1xx_hal_msp.c.obj
 .debug_ranges  0x00000088       0x50 CMakeFiles/DEV.elf.dir/Core/Src/stm32f1xx_it.c.obj
 .debug_ranges  0x000000d8       0x18 CMakeFiles/DEV.elf.dir/Core/Src/system_stm32f1xx.c.obj
 .debug_ranges  0x000000f0       0x30 CMakeFiles/DEV.elf.dir/Core/Src/tim.c.obj
 .debug_ranges  0x00000120       0x20 CMakeFiles/DEV.elf.dir/Core/Startup/startup_stm32f103c8tx.s.obj
 .debug_ranges  0x00000140       0xd0 CMakeFiles/DEV.elf.dir/Drivers/STM32F1xx_HAL_Driver/Src/stm32f1xx_hal.c.obj
 .debug_ranges  0x00000210       0xe0 CMakeFiles/DEV.elf.dir/Drivers/STM32F1xx_HAL_Driver/Src/stm32f1xx_hal_adc.c.obj
 .debug_ranges  0x000002f0       0xe0 CMakeFiles/DEV.elf.dir/Drivers/STM32F1xx_HAL_Driver/Src/stm32f1xx_hal_cortex.c.obj
 .debug_ranges  0x000003d0       0x48 CMakeFiles/DEV.elf.dir/Drivers/STM32F1xx_HAL_Driver/Src/stm32f1xx_hal_gpio.c.obj
 .debug_ranges  0x00000418       0xa0 CMakeFiles/DEV.elf.dir/Drivers/STM32F1xx_HAL_Driver/Src/stm32f1xx_hal_rcc.c.obj
 .debug_ranges  0x000004b8       0x38 CMakeFiles/DEV.elf.dir/Drivers/STM32F1xx_HAL_Driver/Src/stm32f1xx_hal_rcc_ex.c.obj
 .debug_ranges  0x000004f0      0x3c0 CMakeFiles/DEV.elf.dir/Drivers/STM32F1xx_HAL_Driver/Src/stm32f1xx_hal_tim.c.obj
 .debug_ranges  0x000008b0      0x158 CMakeFiles/DEV.elf.dir/Drivers/STM32F1xx_HAL_Driver/Src/stm32f1xx_hal_tim_ex.c.obj

.debug_line     0x00000000     0xb276
 .debug_line    0x00000000      0x3d6 CMakeFiles/DEV.elf.dir/Core/Src/adc.c.obj
 .debug_line    0x000003d6      0x246 CMakeFiles/DEV.elf.dir/Core/Src/gpio.c.obj
 .debug_line    0x0000061c      0x2ec CMakeFiles/DEV.elf.dir/Core/Src/led.c.obj
 .debug_line    0x00000908      0x461 CMakeFiles/DEV.elf.dir/Core/Src/main.c.obj
 .debug_line    0x00000d69      0x1bc CMakeFiles/DEV.elf.dir/Core/Src/stm32f1xx_hal_msp.c.obj
 .debug_line    0x00000f25      0x1dd CMakeFiles/DEV.elf.dir/Core/Src/stm32f1xx_it.c.obj
 .debug_line    0x00001102      0x286 CMakeFiles/DEV.elf.dir/Core/Src/system_stm32f1xx.c.obj
 .debug_line    0x00001388      0x45a CMakeFiles/DEV.elf.dir/Core/Src/tim.c.obj
 .debug_line    0x000017e2       0xb5 CMakeFiles/DEV.elf.dir/Core/Startup/startup_stm32f103c8tx.s.obj
 .debug_line    0x00001897      0x5d2 CMakeFiles/DEV.elf.dir/Drivers/STM32F1xx_HAL_Driver/Src/stm32f1xx_hal.c.obj
 .debug_line    0x00001e69      0xf5f CMakeFiles/DEV.elf.dir/Drivers/STM32F1xx_HAL_Driver/Src/stm32f1xx_hal_adc.c.obj
 .debug_line    0x00002dc8      0x6ab CMakeFiles/DEV.elf.dir/Drivers/STM32F1xx_HAL_Driver/Src/stm32f1xx_hal_cortex.c.obj
 .debug_line    0x00003473      0x653 CMakeFiles/DEV.elf.dir/Drivers/STM32F1xx_HAL_Driver/Src/stm32f1xx_hal_gpio.c.obj
 .debug_line    0x00003ac6      0xc90 CMakeFiles/DEV.elf.dir/Drivers/STM32F1xx_HAL_Driver/Src/stm32f1xx_hal_rcc.c.obj
 .debug_line    0x00004756      0x505 CMakeFiles/DEV.elf.dir/Drivers/STM32F1xx_HAL_Driver/Src/stm32f1xx_hal_rcc_ex.c.obj
 .debug_line    0x00004c5b     0x49de CMakeFiles/DEV.elf.dir/Drivers/STM32F1xx_HAL_Driver/Src/stm32f1xx_hal_tim.c.obj
 .debug_line    0x00009639     0x1c3d CMakeFiles/DEV.elf.dir/Drivers/STM32F1xx_HAL_Driver/Src/stm32f1xx_hal_tim_ex.c.obj

.debug_str      0x00000000     0x35f6
 .debug_str     0x00000000      0x646 CMakeFiles/DEV.elf.dir/Core/Src/adc.c.obj
                                0x6e3 (size before relaxing)
 .debug_str     0x00000646       0x7d CMakeFiles/DEV.elf.dir/Core/Src/gpio.c.obj
                                0x2df (size before relaxing)
 .debug_str     0x000006c3       0xbc CMakeFiles/DEV.elf.dir/Core/Src/led.c.obj
                                0x30e (size before relaxing)
 .debug_str     0x0000077f      0x51d CMakeFiles/DEV.elf.dir/Core/Src/main.c.obj
                                0x95e (size before relaxing)
 .debug_str     0x00000c9c       0x89 CMakeFiles/DEV.elf.dir/Core/Src/stm32f1xx_hal_msp.c.obj
                                0x281 (size before relaxing)
 .debug_str     0x00000d25       0xe6 CMakeFiles/DEV.elf.dir/Core/Src/stm32f1xx_it.c.obj
                                0x284 (size before relaxing)
 .debug_str     0x00000e0b       0xad CMakeFiles/DEV.elf.dir/Core/Src/system_stm32f1xx.c.obj
                                0x2b6 (size before relaxing)
 .debug_str     0x00000eb8      0x226 CMakeFiles/DEV.elf.dir/Core/Src/tim.c.obj
                                0x9cd (size before relaxing)
 .debug_str     0x000010de       0x65 CMakeFiles/DEV.elf.dir/Core/Startup/startup_stm32f103c8tx.s.obj
                                 0xaf (size before relaxing)
 .debug_str     0x00001143      0x627 CMakeFiles/DEV.elf.dir/Drivers/STM32F1xx_HAL_Driver/Src/stm32f1xx_hal.c.obj
                                0x886 (size before relaxing)
 .debug_str     0x0000176a      0x33d CMakeFiles/DEV.elf.dir/Drivers/STM32F1xx_HAL_Driver/Src/stm32f1xx_hal_adc.c.obj
                                0x93c (size before relaxing)
 .debug_str     0x00001aa7      0x3f4 CMakeFiles/DEV.elf.dir/Drivers/STM32F1xx_HAL_Driver/Src/stm32f1xx_hal_cortex.c.obj
                                0x935 (size before relaxing)
 .debug_str     0x00001e9b      0x149 CMakeFiles/DEV.elf.dir/Drivers/STM32F1xx_HAL_Driver/Src/stm32f1xx_hal_gpio.c.obj
                                0x462 (size before relaxing)
 .debug_str     0x00001fe4      0x214 CMakeFiles/DEV.elf.dir/Drivers/STM32F1xx_HAL_Driver/Src/stm32f1xx_hal_rcc.c.obj
                                0x68d (size before relaxing)
 .debug_str     0x000021f8       0xb3 CMakeFiles/DEV.elf.dir/Drivers/STM32F1xx_HAL_Driver/Src/stm32f1xx_hal_rcc_ex.c.obj
                                0x435 (size before relaxing)
 .debug_str     0x000022ab      0xdf8 CMakeFiles/DEV.elf.dir/Drivers/STM32F1xx_HAL_Driver/Src/stm32f1xx_hal_tim.c.obj
                               0x16b1 (size before relaxing)
 .debug_str     0x000030a3      0x553 CMakeFiles/DEV.elf.dir/Drivers/STM32F1xx_HAL_Driver/Src/stm32f1xx_hal_tim_ex.c.obj
                                0xea2 (size before relaxing)

.comment        0x00000000       0x49
 .comment       0x00000000       0x49 CMakeFiles/DEV.elf.dir/Core/Src/adc.c.obj
                                 0x4a (size before relaxing)
 .comment       0x00000049       0x4a CMakeFiles/DEV.elf.dir/Core/Src/gpio.c.obj
 .comment       0x00000049       0x4a CMakeFiles/DEV.elf.dir/Core/Src/led.c.obj
 .comment       0x00000049       0x4a CMakeFiles/DEV.elf.dir/Core/Src/main.c.obj
 .comment       0x00000049       0x4a CMakeFiles/DEV.elf.dir/Core/Src/stm32f1xx_hal_msp.c.obj
 .comment       0x00000049       0x4a CMakeFiles/DEV.elf.dir/Core/Src/stm32f1xx_it.c.obj
 .comment       0x00000049       0x4a CMakeFiles/DEV.elf.dir/Core/Src/system_stm32f1xx.c.obj
 .comment       0x00000049       0x4a CMakeFiles/DEV.elf.dir/Core/Src/tim.c.obj
 .comment       0x00000049       0x4a CMakeFiles/DEV.elf.dir/Drivers/STM32F1xx_HAL_Driver/Src/stm32f1xx_hal.c.obj
 .comment       0x00000049       0x4a CMakeFiles/DEV.elf.dir/Drivers/STM32F1xx_HAL_Driver/Src/stm32f1xx_hal_adc.c.obj
 .comment       0x00000049       0x4a CMakeFiles/DEV.elf.dir/Drivers/STM32F1xx_HAL_Driver/Src/stm32f1xx_hal_cortex.c.obj
 .comment       0x00000049       0x4a CMakeFiles/DEV.elf.dir/Drivers/STM32F1xx_HAL_Driver/Src/stm32f1xx_hal_gpio.c.obj
 .comment       0x00000049       0x4a CMakeFiles/DEV.elf.dir/Drivers/STM32F1xx_HAL_Driver/Src/stm32f1xx_hal_rcc.c.obj
 .comment       0x00000049       0x4a CMakeFiles/DEV.elf.dir/Drivers/STM32F1xx_HAL_Driver/Src/stm32f1xx_hal_rcc_ex.c.obj
 .comment       0x00000049       0x4a CMakeFiles/DEV.elf.dir/Drivers/STM32F1xx_HAL_Driver/Src/stm32f1xx_hal_tim.c.obj
 .comment       0x00000049       0x4a CMakeFiles/DEV.elf.dir/Drivers/STM32F1xx_HAL_Driver/Src/stm32f1xx_hal_tim_ex.c.obj

.debug_frame    0x00000000     0x1af4
 .debug_frame   0x00000000       0x80 CMakeFiles/DEV.elf.dir/Core/Src/adc.c.obj
 .debug_frame   0x00000080       0x30 CMakeFiles/DEV.elf.dir/Core/Src/gpio.c.obj
 .debug_frame   0x000000b0       0x64 CMakeFiles/DEV.elf.dir/Core/Src/led.c.obj
 .debug_frame   0x00000114       0x58 CMakeFiles/DEV.elf.dir/Core/Src/main.c.obj
 .debug_frame   0x0000016c       0x28 CMakeFiles/DEV.elf.dir/Core/Src/stm32f1xx_hal_msp.c.obj
 .debug_frame   0x00000194       0xa8 CMakeFiles/DEV.elf.dir/Core/Src/stm32f1xx_it.c.obj
 .debug_frame   0x0000023c       0x30 CMakeFiles/DEV.elf.dir/Core/Src/system_stm32f1xx.c.obj
 .debug_frame   0x0000026c       0x98 CMakeFiles/DEV.elf.dir/Core/Src/tim.c.obj
 .debug_frame   0x00000304      0x1cc CMakeFiles/DEV.elf.dir/Drivers/STM32F1xx_HAL_Driver/Src/stm32f1xx_hal.c.obj
 .debug_frame   0x000004d0      0x2c8 CMakeFiles/DEV.elf.dir/Drivers/STM32F1xx_HAL_Driver/Src/stm32f1xx_hal_adc.c.obj
 .debug_frame   0x00000798      0x118 CMakeFiles/DEV.elf.dir/Drivers/STM32F1xx_HAL_Driver/Src/stm32f1xx_hal_cortex.c.obj
 .debug_frame   0x000008b0       0xe4 CMakeFiles/DEV.elf.dir/Drivers/STM32F1xx_HAL_Driver/Src/stm32f1xx_hal_gpio.c.obj
 .debug_frame   0x00000994      0x184 CMakeFiles/DEV.elf.dir/Drivers/STM32F1xx_HAL_Driver/Src/stm32f1xx_hal_rcc.c.obj
 .debug_frame   0x00000b18       0x5c CMakeFiles/DEV.elf.dir/Drivers/STM32F1xx_HAL_Driver/Src/stm32f1xx_hal_rcc_ex.c.obj
 .debug_frame   0x00000b74      0xb1c CMakeFiles/DEV.elf.dir/Drivers/STM32F1xx_HAL_Driver/Src/stm32f1xx_hal_tim.c.obj
 .debug_frame   0x00001690      0x40c CMakeFiles/DEV.elf.dir/Drivers/STM32F1xx_HAL_Driver/Src/stm32f1xx_hal_tim_ex.c.obj
 .debug_frame   0x00001a9c       0x2c c:/users/shan_/documents/dev/gcc-arm-none-eabi/bin/../lib/gcc/arm-none-eabi/10.3.1/../../../../arm-none-eabi/lib/thumb/v7-m/nofp\libg.a(lib_a-init.o)
 .debug_frame   0x00001ac8       0x2c c:/users/shan_/documents/dev/gcc-arm-none-eabi/bin/../lib/gcc/arm-none-eabi/10.3.1/../../../../arm-none-eabi/lib/thumb/v7-m/nofp\libg.a(lib_a-memset.o)
