Archive member included to satisfy reference by file (symbol)

d:/dev/qrs/gcc-arm-none-eabi-10.3-2021.10-win32/gcc-arm-none-eabi-10.3-2021.10/bin/../lib/gcc/arm-none-eabi/10.3.1/../../../../arm-none-eabi/lib/thumb/v7-m/nofp\libg.a(lib_a-errno.o)
                              CMakeFiles/DEV.elf.dir/Core/Src/syscalls.c.obj (__errno)
d:/dev/qrs/gcc-arm-none-eabi-10.3-2021.10-win32/gcc-arm-none-eabi-10.3-2021.10/bin/../lib/gcc/arm-none-eabi/10.3.1/../../../../arm-none-eabi/lib/thumb/v7-m/nofp\libg.a(lib_a-exit.o)
                              d:/dev/qrs/gcc-arm-none-eabi-10.3-2021.10-win32/gcc-arm-none-eabi-10.3-2021.10/bin/../lib/gcc/arm-none-eabi/10.3.1/../../../../arm-none-eabi/lib/thumb/v7-m/nofp/crt0.o (exit)
d:/dev/qrs/gcc-arm-none-eabi-10.3-2021.10-win32/gcc-arm-none-eabi-10.3-2021.10/bin/../lib/gcc/arm-none-eabi/10.3.1/../../../../arm-none-eabi/lib/thumb/v7-m/nofp\libg.a(lib_a-impure.o)
                              d:/dev/qrs/gcc-arm-none-eabi-10.3-2021.10-win32/gcc-arm-none-eabi-10.3-2021.10/bin/../lib/gcc/arm-none-eabi/10.3.1/../../../../arm-none-eabi/lib/thumb/v7-m/nofp\libg.a(lib_a-exit.o) (_global_impure_ptr)
d:/dev/qrs/gcc-arm-none-eabi-10.3-2021.10-win32/gcc-arm-none-eabi-10.3-2021.10/bin/../lib/gcc/arm-none-eabi/10.3.1/../../../../arm-none-eabi/lib/thumb/v7-m/nofp\libg.a(lib_a-init.o)
                              d:/dev/qrs/gcc-arm-none-eabi-10.3-2021.10-win32/gcc-arm-none-eabi-10.3-2021.10/bin/../lib/gcc/arm-none-eabi/10.3.1/../../../../arm-none-eabi/lib/thumb/v7-m/nofp/crt0.o (__libc_init_array)
d:/dev/qrs/gcc-arm-none-eabi-10.3-2021.10-win32/gcc-arm-none-eabi-10.3-2021.10/bin/../lib/gcc/arm-none-eabi/10.3.1/../../../../arm-none-eabi/lib/thumb/v7-m/nofp\libg.a(lib_a-memset.o)
                              d:/dev/qrs/gcc-arm-none-eabi-10.3-2021.10-win32/gcc-arm-none-eabi-10.3-2021.10/bin/../lib/gcc/arm-none-eabi/10.3.1/../../../../arm-none-eabi/lib/thumb/v7-m/nofp/crt0.o (memset)
d:/dev/qrs/gcc-arm-none-eabi-10.3-2021.10-win32/gcc-arm-none-eabi-10.3-2021.10/bin/../lib/gcc/arm-none-eabi/10.3.1/../../../../arm-none-eabi/lib/thumb/v7-m/nofp\libg.a(lib_a-__call_atexit.o)
                              d:/dev/qrs/gcc-arm-none-eabi-10.3-2021.10-win32/gcc-arm-none-eabi-10.3-2021.10/bin/../lib/gcc/arm-none-eabi/10.3.1/../../../../arm-none-eabi/lib/thumb/v7-m/nofp\libg.a(lib_a-exit.o) (__call_exitprocs)
d:/dev/qrs/gcc-arm-none-eabi-10.3-2021.10-win32/gcc-arm-none-eabi-10.3-2021.10/bin/../lib/gcc/arm-none-eabi/10.3.1/../../../../arm-none-eabi/lib/thumb/v7-m/nofp\libg.a(lib_a-atexit.o)
                              d:/dev/qrs/gcc-arm-none-eabi-10.3-2021.10-win32/gcc-arm-none-eabi-10.3-2021.10/bin/../lib/gcc/arm-none-eabi/10.3.1/../../../../arm-none-eabi/lib/thumb/v7-m/nofp\libg.a(lib_a-__call_atexit.o) (atexit)
d:/dev/qrs/gcc-arm-none-eabi-10.3-2021.10-win32/gcc-arm-none-eabi-10.3-2021.10/bin/../lib/gcc/arm-none-eabi/10.3.1/../../../../arm-none-eabi/lib/thumb/v7-m/nofp\libg.a(lib_a-fini.o)
                              d:/dev/qrs/gcc-arm-none-eabi-10.3-2021.10-win32/gcc-arm-none-eabi-10.3-2021.10/bin/../lib/gcc/arm-none-eabi/10.3.1/../../../../arm-none-eabi/lib/thumb/v7-m/nofp\libg.a(lib_a-__call_atexit.o) (__libc_fini_array)
d:/dev/qrs/gcc-arm-none-eabi-10.3-2021.10-win32/gcc-arm-none-eabi-10.3-2021.10/bin/../lib/gcc/arm-none-eabi/10.3.1/../../../../arm-none-eabi/lib/thumb/v7-m/nofp\libg.a(lib_a-lock.o)
                              d:/dev/qrs/gcc-arm-none-eabi-10.3-2021.10-win32/gcc-arm-none-eabi-10.3-2021.10/bin/../lib/gcc/arm-none-eabi/10.3.1/../../../../arm-none-eabi/lib/thumb/v7-m/nofp\libg.a(lib_a-__call_atexit.o) (__retarget_lock_acquire_recursive)
d:/dev/qrs/gcc-arm-none-eabi-10.3-2021.10-win32/gcc-arm-none-eabi-10.3-2021.10/bin/../lib/gcc/arm-none-eabi/10.3.1/../../../../arm-none-eabi/lib/thumb/v7-m/nofp\libg.a(lib_a-__atexit.o)
                              d:/dev/qrs/gcc-arm-none-eabi-10.3-2021.10-win32/gcc-arm-none-eabi-10.3-2021.10/bin/../lib/gcc/arm-none-eabi/10.3.1/../../../../arm-none-eabi/lib/thumb/v7-m/nofp\libg.a(lib_a-atexit.o) (__register_exitproc)

Discarded input sections

 .text          0x00000000        0x0 d:/dev/qrs/gcc-arm-none-eabi-10.3-2021.10-win32/gcc-arm-none-eabi-10.3-2021.10/bin/../lib/gcc/arm-none-eabi/10.3.1/thumb/v7-m/nofp/crti.o
 .data          0x00000000        0x0 d:/dev/qrs/gcc-arm-none-eabi-10.3-2021.10-win32/gcc-arm-none-eabi-10.3-2021.10/bin/../lib/gcc/arm-none-eabi/10.3.1/thumb/v7-m/nofp/crti.o
 .bss           0x00000000        0x0 d:/dev/qrs/gcc-arm-none-eabi-10.3-2021.10-win32/gcc-arm-none-eabi-10.3-2021.10/bin/../lib/gcc/arm-none-eabi/10.3.1/thumb/v7-m/nofp/crti.o
 .text          0x00000000       0x40 d:/dev/qrs/gcc-arm-none-eabi-10.3-2021.10-win32/gcc-arm-none-eabi-10.3-2021.10/bin/../lib/gcc/arm-none-eabi/10.3.1/thumb/v7-m/nofp/crtbegin.o
 .data          0x00000000        0x4 d:/dev/qrs/gcc-arm-none-eabi-10.3-2021.10-win32/gcc-arm-none-eabi-10.3-2021.10/bin/../lib/gcc/arm-none-eabi/10.3.1/thumb/v7-m/nofp/crtbegin.o
[...]
Memory Configuration

Name             Origin             Length             Attributes
RAM              0x20000000         0x00005000         xrw
FLASH            0x08000000         0x00010000         xr
*default*        0x00000000         0xffffffff

Linker script and memory map

LOAD d:/dev/qrs/gcc-arm-none-eabi-10.3-2021.10-win32/gcc-arm-none-eabi-10.3-2021.10/bin/../lib/gcc/arm-none-eabi/10.3.1/thumb/v7-m/nofp/crti.o
LOAD d:/dev/qrs/gcc-arm-none-eabi-10.3-2021.10-win32/gcc-arm-none-eabi-10.3-2021.10/bin/../lib/gcc/arm-none-eabi/10.3.1/thumb/v7-m/nofp/crtbegin.o
LOAD d:/dev/qrs/gcc-arm-none-eabi-10.3-2021.10-win32/gcc-arm-none-eabi-10.3-2021.10/bin/../lib/gcc/arm-none-eabi/10.3.1/../../../../arm-none-eabi/lib/thumb/v7-m/nofp/crt0.o
LOAD CMakeFiles/DEV.elf.dir/Core/Src/adc.c.obj
LOAD CMakeFiles/DEV.elf.dir/Core/Src/gpio.c.obj
LOAD CMakeFiles/DEV.elf.dir/Core/Src/main.c.obj
LOAD CMakeFiles/DEV.elf.dir/Core/Src/stm32f1xx_hal_msp.c.obj
LOAD CMakeFiles/DEV.elf.dir/Core/Src/stm32f1xx_it.c.obj
LOAD CMakeFiles/DEV.elf.dir/Core/Src/syscalls.c.obj
LOAD CMakeFiles/DEV.elf.dir/Core/Src/sysmem.c.obj
LOAD CMakeFiles/DEV.elf.dir/Core/Src/system_stm32f1xx.c.obj
LOAD CMakeFiles/DEV.elf.dir/Core/Src/tim.c.obj
LOAD CMakeFiles/DEV.elf.dir/Core/Startup/startup_stm32f103c8tx.s.obj
LOAD CMakeFiles/DEV.elf.dir/Drivers/STM32F1xx_HAL_Driver/Src/stm32f1xx_hal.c.obj
LOAD CMakeFiles/DEV.elf.dir/Drivers/STM32F1xx_HAL_Driver/Src/stm32f1xx_hal_adc.c.obj
LOAD CMakeFiles/DEV.elf.dir/Drivers/STM32F1xx_HAL_Driver/Src/stm32f1xx_hal_adc_ex.c.obj
LOAD CMakeFiles/DEV.elf.dir/Drivers/STM32F1xx_HAL_Driver/Src/stm32f1xx_hal_cortex.c.obj
LOAD CMakeFiles/DEV.elf.dir/Drivers/STM32F1xx_HAL_Driver/Src/stm32f1xx_hal_dma.c.obj
LOAD CMakeFiles/DEV.elf.dir/Drivers/STM32F1xx_HAL_Driver/Src/stm32f1xx_hal_exti.c.obj
LOAD CMakeFiles/DEV.elf.dir/Drivers/STM32F1xx_HAL_Driver/Src/stm32f1xx_hal_flash.c.obj
LOAD CMakeFiles/DEV.elf.dir/Drivers/STM32F1xx_HAL_Driver/Src/stm32f1xx_hal_flash_ex.c.obj
LOAD CMakeFiles/DEV.elf.dir/Drivers/STM32F1xx_HAL_Driver/Src/stm32f1xx_hal_gpio.c.obj
LOAD CMakeFiles/DEV.elf.dir/Drivers/STM32F1xx_HAL_Driver/Src/stm32f1xx_hal_gpio_ex.c.obj
LOAD CMakeFiles/DEV.elf.dir/Drivers/STM32F1xx_HAL_Driver/Src/stm32f1xx_hal_pwr.c.obj
LOAD CMakeFiles/DEV.elf.dir/Drivers/STM32F1xx_HAL_Driver/Src/stm32f1xx_hal_rcc.c.obj
LOAD CMakeFiles/DEV.elf.dir/Drivers/STM32F1xx_HAL_Driver/Src/stm32f1xx_hal_rcc_ex.c.obj
LOAD CMakeFiles/DEV.elf.dir/Drivers/STM32F1xx_HAL_Driver/Src/stm32f1xx_hal_tim.c.obj
LOAD CMakeFiles/DEV.elf.dir/Drivers/STM32F1xx_HAL_Driver/Src/stm32f1xx_hal_tim_ex.c.obj
START GROUP
LOAD d:/dev/qrs/gcc-arm-none-eabi-10.3-2021.10-win32/gcc-arm-none-eabi-10.3-2021.10/bin/../lib/gcc/arm-none-eabi/10.3.1/thumb/v7-m/nofp\libgcc.a
LOAD d:/dev/qrs/gcc-arm-none-eabi-10.3-2021.10-win32/gcc-arm-none-eabi-10.3-2021.10/bin/../lib/gcc/arm-none-eabi/10.3.1/../../../../arm-none-eabi/lib/thumb/v7-m/nofp\libg.a
LOAD d:/dev/qrs/gcc-arm-none-eabi-10.3-2021.10-win32/gcc-arm-none-eabi-10.3-2021.10/bin/../lib/gcc/arm-none-eabi/10.3.1/../../../../arm-none-eabi/lib/thumb/v7-m/nofp\libc.a
END GROUP
LOAD d:/dev/qrs/gcc-arm-none-eabi-10.3-2021.10-win32/gcc-arm-none-eabi-10.3-2021.10/bin/../lib/gcc/arm-none-eabi/10.3.1/thumb/v7-m/nofp/crtend.o
LOAD d:/dev/qrs/gcc-arm-none-eabi-10.3-2021.10-win32/gcc-arm-none-eabi-10.3-2021.10/bin/../lib/gcc/arm-none-eabi/10.3.1/thumb/v7-m/nofp/crtn.o
                0x20005000                _estack = (ORIGIN (RAM) + LENGTH (RAM))
                0x00000200                _Min_Heap_Size = 0x200
                0x00000400                _Min_Stack_Size = 0x400

.isr_vector     0x08000000      0x10c
                0x08000000                . = ALIGN (0x4)
 *(.isr_vector)
 .isr_vector    0x08000000      0x10c CMakeFiles/DEV.elf.dir/Core/Startup/startup_stm32f103c8tx.s.obj
                0x08000000                g_pfnVectors
                0x0800010c                . = ALIGN (0x4)

.text           0x0800010c     0x1688
                0x0800010c                . = ALIGN (0x4)
 *(.text)
 *(.text*)
 .text.MX_ADC2_Init
                0x0800010c       0x5c CMakeFiles/DEV.elf.dir/Core/Src/adc.c.obj
                0x0800010c                MX_ADC2_Init
 .text.HAL_ADC_MspInit
                0x08000168       0x60 CMakeFiles/DEV.elf.dir/Core/Src/adc.c.obj
                0x08000168                HAL_ADC_MspInit
 .text.MX_GPIO_Init
                0x080001c8       0x78 CMakeFiles/DEV.elf.dir/Core/Src/gpio.c.obj
                0x080001c8                MX_GPIO_Init
 .text.Error_Handler
                0x08000240        0x4 CMakeFiles/DEV.elf.dir/Core/Src/main.c.obj
                0x08000240                Error_Handler
 .text.SystemClock_Config
                0x08000244       0x84 CMakeFiles/DEV.elf.dir/Core/Src/main.c.obj
                0x08000244                SystemClock_Config
 .text.main     0x080002c8       0x18 CMakeFiles/DEV.elf.dir/Core/Src/main.c.obj
                0x080002c8                main
 .text.HAL_MspInit
                0x080002e0       0x44 CMakeFiles/DEV.elf.dir/Core/Src/stm32f1xx_hal_msp.c.obj
                0x080002e0                HAL_MspInit
 .text.NMI_Handler
                0x08000324        0x2 CMakeFiles/DEV.elf.dir/Core/Src/stm32f1xx_it.c.obj
                0x08000324                NMI_Handler
 .text.HardFault_Handler
                0x08000326        0x2 CMakeFiles/DEV.elf.dir/Core/Src/stm32f1xx_it.c.obj
                0x08000326                HardFault_Handler
 .text.MemManage_Handler
                0x08000328        0x2 CMakeFiles/DEV.elf.dir/Core/Src/stm32f1xx_it.c.obj
                0x08000328                MemManage_Handler
 .text.BusFault_Handler
                0x0800032a        0x2 CMakeFiles/DEV.elf.dir/Core/Src/stm32f1xx_it.c.obj
                0x0800032a                BusFault_Handler
 .text.UsageFault_Handler
                0x0800032c        0x2 CMakeFiles/DEV.elf.dir/Core/Src/stm32f1xx_it.c.obj
                0x0800032c                UsageFault_Handler
 .text.SVC_Handler
                0x0800032e        0x2 CMakeFiles/DEV.elf.dir/Core/Src/stm32f1xx_it.c.obj
                0x0800032e                SVC_Handler
 .text.DebugMon_Handler
                0x08000330        0x2 CMakeFiles/DEV.elf.dir/Core/Src/stm32f1xx_it.c.obj
                0x08000330                DebugMon_Handler
 .text.PendSV_Handler
                0x08000332        0x2 CMakeFiles/DEV.elf.dir/Core/Src/stm32f1xx_it.c.obj
                0x08000332                PendSV_Handler
 .text.SysTick_Handler
                0x08000334        0x8 CMakeFiles/DEV.elf.dir/Core/Src/stm32f1xx_it.c.obj
                0x08000334                SysTick_Handler
 .text.SystemInit
                0x0800033c        0x2 CMakeFiles/DEV.elf.dir/Core/Src/system_stm32f1xx.c.obj
                0x0800033c                SystemInit
 *fill*         0x0800033e        0x2 
 .text.MX_TIM2_Init
                0x08000340       0xa0 CMakeFiles/DEV.elf.dir/Core/Src/tim.c.obj
                0x08000340                MX_TIM2_Init
 .text.HAL_TIM_Base_MspInit
                0x080003e0       0x58 CMakeFiles/DEV.elf.dir/Core/Src/tim.c.obj
                0x080003e0                HAL_TIM_Base_MspInit
 .text.Reset_Handler
                0x08000438       0x48 CMakeFiles/DEV.elf.dir/Core/Startup/startup_stm32f103c8tx.s.obj
                0x08000438                Reset_Handler
 .text.Default_Handler
                0x08000480        0x2 CMakeFiles/DEV.elf.dir/Core/Startup/startup_stm32f103c8tx.s.obj
                0x08000480                RTC_Alarm_IRQHandler
                0x08000480                EXTI2_IRQHandler
                0x08000480                TIM1_CC_IRQHandler
                0x08000480                PVD_IRQHandler
                0x08000480                EXTI3_IRQHandler
                0x08000480                EXTI0_IRQHandler
                0x08000480                I2C2_EV_IRQHandler
                0x08000480                ADC1_2_IRQHandler
                0x08000480                SPI1_IRQHandler
                0x08000480                TAMPER_IRQHandler
                0x08000480                DMA1_Channel4_IRQHandler
                0x08000480                USART3_IRQHandler
                0x08000480                RTC_IRQHandler
                0x08000480                DMA1_Channel7_IRQHandler
                0x08000480                CAN1_RX1_IRQHandler
                0x08000480                TIM4_IRQHandler
                0x08000480                I2C1_EV_IRQHandler
                0x08000480                DMA1_Channel6_IRQHandler
                0x08000480                TIM3_IRQHandler
                0x08000480                RCC_IRQHandler
                0x08000480                TIM1_TRG_COM_IRQHandler
                0x08000480                DMA1_Channel1_IRQHandler
                0x08000480                Default_Handler
                0x08000480                EXTI15_10_IRQHandler
                0x08000480                EXTI9_5_IRQHandler
                0x08000480                SPI2_IRQHandler
                0x08000480                DMA1_Channel5_IRQHandler
                0x08000480                EXTI4_IRQHandler
                0x08000480                USB_LP_CAN1_RX0_IRQHandler
                0x08000480                USB_HP_CAN1_TX_IRQHandler
                0x08000480                DMA1_Channel3_IRQHandler
                0x08000480                TIM1_UP_IRQHandler
                0x08000480                WWDG_IRQHandler
                0x08000480                TIM2_IRQHandler
                0x08000480                TIM1_BRK_IRQHandler
                0x08000480                EXTI1_IRQHandler
                0x08000480                USART2_IRQHandler
                0x08000480                I2C2_ER_IRQHandler
                0x08000480                DMA1_Channel2_IRQHandler
                0x08000480                CAN1_SCE_IRQHandler
                0x08000480                FLASH_IRQHandler
                0x08000480                USART1_IRQHandler
                0x08000480                I2C1_ER_IRQHandler
                0x08000480                USBWakeUp_IRQHandler
 *fill*         0x08000482        0x2 
 .text.HAL_InitTick
                0x08000484       0x4c CMakeFiles/DEV.elf.dir/Drivers/STM32F1xx_HAL_Driver/Src/stm32f1xx_hal.c.obj
                0x08000484                HAL_InitTick
 .text.HAL_Init
                0x080004d0       0x24 CMakeFiles/DEV.elf.dir/Drivers/STM32F1xx_HAL_Driver/Src/stm32f1xx_hal.c.obj
                0x080004d0                HAL_Init
 .text.HAL_IncTick
                0x080004f4       0x18 CMakeFiles/DEV.elf.dir/Drivers/STM32F1xx_HAL_Driver/Src/stm32f1xx_hal.c.obj
                0x080004f4                HAL_IncTick
 .text.HAL_GetTick
                0x0800050c        0xc CMakeFiles/DEV.elf.dir/Drivers/STM32F1xx_HAL_Driver/Src/stm32f1xx_hal.c.obj
                0x0800050c                HAL_GetTick
 .text.HAL_ADC_ConfigChannel
                0x08000518      0x144 CMakeFiles/DEV.elf.dir/Drivers/STM32F1xx_HAL_Driver/Src/stm32f1xx_hal_adc.c.obj
                0x08000518                HAL_ADC_ConfigChannel
 .text.ADC_ConversionStop_Disable
                0x0800065c       0x56 CMakeFiles/DEV.elf.dir/Drivers/STM32F1xx_HAL_Driver/Src/stm32f1xx_hal_adc.c.obj
                0x0800065c                ADC_ConversionStop_Disable
 *fill*         0x080006b2        0x2 
 .text.HAL_ADC_Init
                0x080006b4      0x108 CMakeFiles/DEV.elf.dir/Drivers/STM32F1xx_HAL_Driver/Src/stm32f1xx_hal_adc.c.obj
                0x080006b4                HAL_ADC_Init
 .text.HAL_NVIC_SetPriorityGrouping
                0x080007bc       0x24 CMakeFiles/DEV.elf.dir/Drivers/STM32F1xx_HAL_Driver/Src/stm32f1xx_hal_cortex.c.obj
                0x080007bc                HAL_NVIC_SetPriorityGrouping
 .text.HAL_NVIC_SetPriority
                0x080007e0       0x70 CMakeFiles/DEV.elf.dir/Drivers/STM32F1xx_HAL_Driver/Src/stm32f1xx_hal_cortex.c.obj
                0x080007e0                HAL_NVIC_SetPriority
 .text.HAL_SYSTICK_Config
                0x08000850       0x28 CMakeFiles/DEV.elf.dir/Drivers/STM32F1xx_HAL_Driver/Src/stm32f1xx_hal_cortex.c.obj
                0x08000850                HAL_SYSTICK_Config
 .text.HAL_GPIO_Init
                0x08000878      0x224 CMakeFiles/DEV.elf.dir/Drivers/STM32F1xx_HAL_Driver/Src/stm32f1xx_hal_gpio.c.obj
                0x08000878                HAL_GPIO_Init
 .text.HAL_GPIO_WritePin
                0x08000a9c        0xc CMakeFiles/DEV.elf.dir/Drivers/STM32F1xx_HAL_Driver/Src/stm32f1xx_hal_gpio.c.obj
                0x08000a9c                HAL_GPIO_WritePin
 .text.RCC_Delay
                0x08000aa8       0x2c CMakeFiles/DEV.elf.dir/Drivers/STM32F1xx_HAL_Driver/Src/stm32f1xx_hal_rcc.c.obj
 .text.HAL_RCC_OscConfig
                0x08000ad4      0x410 CMakeFiles/DEV.elf.dir/Drivers/STM32F1xx_HAL_Driver/Src/stm32f1xx_hal_rcc.c.obj
                0x08000ad4                HAL_RCC_OscConfig
 .text.HAL_RCC_GetSysClockFreq
                0x08000ee4       0x54 CMakeFiles/DEV.elf.dir/Drivers/STM32F1xx_HAL_Driver/Src/stm32f1xx_hal_rcc.c.obj
                0x08000ee4                HAL_RCC_GetSysClockFreq
 .text.HAL_RCC_ClockConfig
                0x08000f38      0x16c CMakeFiles/DEV.elf.dir/Drivers/STM32F1xx_HAL_Driver/Src/stm32f1xx_hal_rcc.c.obj
                0x08000f38                HAL_RCC_ClockConfig
 .text.HAL_RCCEx_PeriphCLKConfig
                0x080010a4      0x118 CMakeFiles/DEV.elf.dir/Drivers/STM32F1xx_HAL_Driver/Src/stm32f1xx_hal_rcc_ex.c.obj
                0x080010a4                HAL_RCCEx_PeriphCLKConfig
 .text.TIM_TI1_ConfigInputStage
                0x080011bc       0x24 CMakeFiles/DEV.elf.dir/Drivers/STM32F1xx_HAL_Driver/Src/stm32f1xx_hal_tim.c.obj
 .text.TIM_TI2_SetConfig
                0x080011e0       0x36 CMakeFiles/DEV.elf.dir/Drivers/STM32F1xx_HAL_Driver/Src/stm32f1xx_hal_tim.c.obj
 .text.TIM_TI2_ConfigInputStage
                0x08001216       0x26 CMakeFiles/DEV.elf.dir/Drivers/STM32F1xx_HAL_Driver/Src/stm32f1xx_hal_tim.c.obj
 .text.TIM_TI3_SetConfig
                0x0800123c       0x36 CMakeFiles/DEV.elf.dir/Drivers/STM32F1xx_HAL_Driver/Src/stm32f1xx_hal_tim.c.obj
 .text.TIM_TI4_SetConfig
                0x08001272       0x36 CMakeFiles/DEV.elf.dir/Drivers/STM32F1xx_HAL_Driver/Src/stm32f1xx_hal_tim.c.obj
 .text.TIM_ITRx_SetConfig
                0x080012a8       0x10 CMakeFiles/DEV.elf.dir/Drivers/STM32F1xx_HAL_Driver/Src/stm32f1xx_hal_tim.c.obj
 .text.HAL_TIM_IC_MspInit
                0x080012b8        0x2 CMakeFiles/DEV.elf.dir/Drivers/STM32F1xx_HAL_Driver/Src/stm32f1xx_hal_tim.c.obj
                0x080012b8                HAL_TIM_IC_MspInit
 *fill*         0x080012ba        0x2 
 .text.TIM_Base_SetConfig
                0x080012bc       0x84 CMakeFiles/DEV.elf.dir/Drivers/STM32F1xx_HAL_Driver/Src/stm32f1xx_hal_tim.c.obj
                0x080012bc                TIM_Base_SetConfig
 .text.HAL_TIM_Base_Init
                0x08001340       0x58 CMakeFiles/DEV.elf.dir/Drivers/STM32F1xx_HAL_Driver/Src/stm32f1xx_hal_tim.c.obj
                0x08001340                HAL_TIM_Base_Init
 .text.HAL_TIM_IC_Init
                0x08001398       0x58 CMakeFiles/DEV.elf.dir/Drivers/STM32F1xx_HAL_Driver/Src/stm32f1xx_hal_tim.c.obj
                0x08001398                HAL_TIM_IC_Init
 .text.TIM_TI1_SetConfig
                0x080013f0       0x58 CMakeFiles/DEV.elf.dir/Drivers/STM32F1xx_HAL_Driver/Src/stm32f1xx_hal_tim.c.obj
                0x080013f0                TIM_TI1_SetConfig
 .text.HAL_TIM_IC_ConfigChannel
                0x08001448       0xc4 CMakeFiles/DEV.elf.dir/Drivers/STM32F1xx_HAL_Driver/Src/stm32f1xx_hal_tim.c.obj
                0x08001448                HAL_TIM_IC_ConfigChannel
 .text.TIM_ETR_SetConfig
                0x0800150c       0x18 CMakeFiles/DEV.elf.dir/Drivers/STM32F1xx_HAL_Driver/Src/stm32f1xx_hal_tim.c.obj
                0x0800150c                TIM_ETR_SetConfig
 .text.HAL_TIM_ConfigClockSource
                0x08001524       0xfe CMakeFiles/DEV.elf.dir/Drivers/STM32F1xx_HAL_Driver/Src/stm32f1xx_hal_tim.c.obj
                0x08001524                HAL_TIM_ConfigClockSource
 *fill*         0x08001622        0x2 
 .text.HAL_TIMEx_MasterConfigSynchronization
                0x08001624       0x6c CMakeFiles/DEV.elf.dir/Drivers/STM32F1xx_HAL_Driver/Src/stm32f1xx_hal_tim_ex.c.obj
                0x08001624                HAL_TIMEx_MasterConfigSynchronization
 .text.__libc_init_array
                0x08001690       0x48 d:/dev/qrs/gcc-arm-none-eabi-10.3-2021.10-win32/gcc-arm-none-eabi-10.3-2021.10/bin/../lib/gcc/arm-none-eabi/10.3.1/../../../../arm-none-eabi/lib/thumb/v7-m/nofp\libg.a(lib_a-init.o)
                0x08001690                __libc_init_array
 .text.memset   0x080016d8       0xa4 d:/dev/qrs/gcc-arm-none-eabi-10.3-2021.10-win32/gcc-arm-none-eabi-10.3-2021.10/bin/../lib/gcc/arm-none-eabi/10.3.1/../../../../arm-none-eabi/lib/thumb/v7-m/nofp\libg.a(lib_a-memset.o)
                0x080016d8                memset
 *(.glue_7)
 .glue_7        0x0800177c        0x0 linker stubs
 *(.glue_7t)
 .glue_7t       0x0800177c        0x0 linker stubs
 *(.eh_frame)
 *(.init)
 .init          0x0800177c        0x4 d:/dev/qrs/gcc-arm-none-eabi-10.3-2021.10-win32/gcc-arm-none-eabi-10.3-2021.10/bin/../lib/gcc/arm-none-eabi/10.3.1/thumb/v7-m/nofp/crti.o
                0x0800177c                _init
 .init          0x08001780        0x8 d:/dev/qrs/gcc-arm-none-eabi-10.3-2021.10-win32/gcc-arm-none-eabi-10.3-2021.10/bin/../lib/gcc/arm-none-eabi/10.3.1/thumb/v7-m/nofp/crtn.o
 *(.fini)
 .fini          0x08001788        0x4 d:/dev/qrs/gcc-arm-none-eabi-10.3-2021.10-win32/gcc-arm-none-eabi-10.3-2021.10/bin/../lib/gcc/arm-none-eabi/10.3.1/thumb/v7-m/nofp/crti.o
                0x08001788                _fini
 .fini          0x0800178c        0x8 d:/dev/qrs/gcc-arm-none-eabi-10.3-2021.10-win32/gcc-arm-none-eabi-10.3-2021.10/bin/../lib/gcc/arm-none-eabi/10.3.1/thumb/v7-m/nofp/crtn.o
                0x08001794                . = ALIGN (0x4)
                0x08001794                _etext = .

.vfp11_veneer   0x08001794        0x0
 .vfp11_veneer  0x08001794        0x0 linker stubs

.v4_bx          0x08001794        0x0
 .v4_bx         0x08001794        0x0 linker stubs

.iplt           0x08001794        0x0
 .iplt          0x08001794        0x0 CMakeFiles/DEV.elf.dir/Core/Src/adc.c.obj

.rodata         0x08001794       0x24
                0x08001794                . = ALIGN (0x4)
 *(.rodata)
 *(.rodata*)
 .rodata.AHBPrescTable
                0x08001794       0x10 CMakeFiles/DEV.elf.dir/Core/Src/system_stm32f1xx.c.obj
                0x08001794                AHBPrescTable
 .rodata.aPLLMULFactorTable.1
                0x080017a4       0x10 CMakeFiles/DEV.elf.dir/Drivers/STM32F1xx_HAL_Driver/Src/stm32f1xx_hal_rcc.c.obj
 .rodata.aPredivFactorTable.0
                0x080017b4        0x2 CMakeFiles/DEV.elf.dir/Drivers/STM32F1xx_HAL_Driver/Src/stm32f1xx_hal_rcc.c.obj
                0x080017b8                . = ALIGN (0x4)
 *fill*         0x080017b6        0x2 
                0x080017b8                _sidata = LOADADDR (.data)

.rel.dyn        0x080017b8        0x0
 .rel.iplt      0x080017b8        0x0 CMakeFiles/DEV.elf.dir/Core/Src/adc.c.obj

.data           0x20000000        0xc load address 0x080017b8
                0x20000000                . = ALIGN (0x4)
                0x20000000                _sdata = .
 *(.data)
 *(.data*)
 .data.SystemCoreClock
                0x20000000        0x4 CMakeFiles/DEV.elf.dir/Core/Src/system_stm32f1xx.c.obj
                0x20000000                SystemCoreClock
 .data.uwTickFreq
                0x20000004        0x1 CMakeFiles/DEV.elf.dir/Drivers/STM32F1xx_HAL_Driver/Src/stm32f1xx_hal.c.obj
                0x20000004                uwTickFreq
 *fill*         0x20000005        0x3 
 .data.uwTickPrio
                0x20000008        0x4 CMakeFiles/DEV.elf.dir/Drivers/STM32F1xx_HAL_Driver/Src/stm32f1xx_hal.c.obj
                0x20000008                uwTickPrio
 *(.RamFunc)
 *(.RamFunc*)
                0x2000000c                . = ALIGN (0x4)
                0x2000000c                _edata = .

.igot.plt       0x2000000c        0x0 load address 0x080017c4
 .igot.plt      0x2000000c        0x0 CMakeFiles/DEV.elf.dir/Core/Src/adc.c.obj
                0x2000000c                . = ALIGN (0x4)

.bss            0x2000000c       0x7c load address 0x080017c4
                0x2000000c                _sbss = .
                0x2000000c                __bss_start__ = _sbss
 *(.bss)
 *(.bss*)
 .bss.hadc2     0x2000000c       0x30 CMakeFiles/DEV.elf.dir/Core/Src/adc.c.obj
                0x2000000c                hadc2
 .bss.htim2     0x2000003c       0x48 CMakeFiles/DEV.elf.dir/Core/Src/tim.c.obj
                0x2000003c                htim2
 .bss.uwTick    0x20000084        0x4 CMakeFiles/DEV.elf.dir/Drivers/STM32F1xx_HAL_Driver/Src/stm32f1xx_hal.c.obj
                0x20000084                uwTick
 *(COMMON)
                0x20000088                . = ALIGN (0x4)
                0x20000088                _ebss = .
                0x20000088                __bss_end__ = _ebss

._user_heap_stack
                0x20000088      0x600 load address 0x080017c4
                0x20000088                . = ALIGN (0x8)
                [!provide]                PROVIDE (end = .)
                0x20000088                PROVIDE (_end = .)
                0x20000288                . = (. + _Min_Heap_Size)
 *fill*         0x20000088      0x200 
                0x20000688                . = (. + _Min_Stack_Size)
 *fill*         0x20000288      0x400 
                0x20000688                . = ALIGN (0x8)

/DISCARD/
 libc.a(*)
 libm.a(*)
 libgcc.a(*)

.ARM.attributes
                0x00000000       0x29
 *(.ARM.attributes)
 .ARM.attributes
                0x00000000       0x1d d:/dev/qrs/gcc-arm-none-eabi-10.3-2021.10-win32/gcc-arm-none-eabi-10.3-2021.10/bin/../lib/gcc/arm-none-eabi/10.3.1/thumb/v7-m/nofp/crti.o
 .ARM.attributes
                0x0000001d       0x2d CMakeFiles/DEV.elf.dir/Core/Src/adc.c.obj
 .ARM.attributes
                0x0000004a       0x2d CMakeFiles/DEV.elf.dir/Core/Src/gpio.c.obj
 .ARM.attributes
                0x00000077       0x2d CMakeFiles/DEV.elf.dir/Core/Src/main.c.obj
 .ARM.attributes
                0x000000a4       0x2d CMakeFiles/DEV.elf.dir/Core/Src/stm32f1xx_hal_msp.c.obj
 .ARM.attributes
                0x000000d1       0x2d CMakeFiles/DEV.elf.dir/Core/Src/stm32f1xx_it.c.obj
 .ARM.attributes
                0x000000fe       0x2d CMakeFiles/DEV.elf.dir/Core/Src/system_stm32f1xx.c.obj
 .ARM.attributes
                0x0000012b       0x2d CMakeFiles/DEV.elf.dir/Core/Src/tim.c.obj
 .ARM.attributes
                0x00000158       0x21 CMakeFiles/DEV.elf.dir/Core/Startup/startup_stm32f103c8tx.s.obj
 .ARM.attributes
                0x00000179       0x2d CMakeFiles/DEV.elf.dir/Drivers/STM32F1xx_HAL_Driver/Src/stm32f1xx_hal.c.obj
 .ARM.attributes
                0x000001a6       0x2d CMakeFiles/DEV.elf.dir/Drivers/STM32F1xx_HAL_Driver/Src/stm32f1xx_hal_adc.c.obj
 .ARM.attributes
                0x000001d3       0x2d CMakeFiles/DEV.elf.dir/Drivers/STM32F1xx_HAL_Driver/Src/stm32f1xx_hal_cortex.c.obj
 .ARM.attributes
                0x00000200       0x2d CMakeFiles/DEV.elf.dir/Drivers/STM32F1xx_HAL_Driver/Src/stm32f1xx_hal_gpio.c.obj
 .ARM.attributes
                0x0000022d       0x2d CMakeFiles/DEV.elf.dir/Drivers/STM32F1xx_HAL_Driver/Src/stm32f1xx_hal_rcc.c.obj
 .ARM.attributes
                0x0000025a       0x2d CMakeFiles/DEV.elf.dir/Drivers/STM32F1xx_HAL_Driver/Src/stm32f1xx_hal_rcc_ex.c.obj
 .ARM.attributes
                0x00000287       0x2d CMakeFiles/DEV.elf.dir/Drivers/STM32F1xx_HAL_Driver/Src/stm32f1xx_hal_tim.c.obj
 .ARM.attributes
                0x000002b4       0x2d CMakeFiles/DEV.elf.dir/Drivers/STM32F1xx_HAL_Driver/Src/stm32f1xx_hal_tim_ex.c.obj
 .ARM.attributes
                0x000002e1       0x2d d:/dev/qrs/gcc-arm-none-eabi-10.3-2021.10-win32/gcc-arm-none-eabi-10.3-2021.10/bin/../lib/gcc/arm-none-eabi/10.3.1/../../../../arm-none-eabi/lib/thumb/v7-m/nofp\libg.a(lib_a-init.o)
 .ARM.attributes
                0x0000030e       0x2d d:/dev/qrs/gcc-arm-none-eabi-10.3-2021.10-win32/gcc-arm-none-eabi-10.3-2021.10/bin/../lib/gcc/arm-none-eabi/10.3.1/../../../../arm-none-eabi/lib/thumb/v7-m/nofp\libg.a(lib_a-memset.o)
 .ARM.attributes
                0x0000033b       0x1d d:/dev/qrs/gcc-arm-none-eabi-10.3-2021.10-win32/gcc-arm-none-eabi-10.3-2021.10/bin/../lib/gcc/arm-none-eabi/10.3.1/thumb/v7-m/nofp/crtn.o
OUTPUT(DEV.elf elf32-littlearm)
LOAD linker stubs
LOAD d:/dev/qrs/gcc-arm-none-eabi-10.3-2021.10-win32/gcc-arm-none-eabi-10.3-2021.10/bin/../lib/gcc/arm-none-eabi/10.3.1/../../../../arm-none-eabi/lib/thumb/v7-m/nofp\libc.a
LOAD d:/dev/qrs/gcc-arm-none-eabi-10.3-2021.10-win32/gcc-arm-none-eabi-10.3-2021.10/bin/../lib/gcc/arm-none-eabi/10.3.1/../../../../arm-none-eabi/lib/thumb/v7-m/nofp\libm.a
LOAD d:/dev/qrs/gcc-arm-none-eabi-10.3-2021.10-win32/gcc-arm-none-eabi-10.3-2021.10/bin/../lib/gcc/arm-none-eabi/10.3.1/thumb/v7-m/nofp\libgcc.a

.debug_info     0x00000000     0xb125
 .debug_info    0x00000000      0x860 CMakeFiles/DEV.elf.dir/Core/Src/adc.c.obj
 .debug_info    0x00000860      0x2f5 CMakeFiles/DEV.elf.dir/Core/Src/gpio.c.obj
 .debug_info    0x00000b55      0x3c8 CMakeFiles/DEV.elf.dir/Core/Src/main.c.obj
 .debug_info    0x00000f1d      0x211 CMakeFiles/DEV.elf.dir/Core/Src/stm32f1xx_hal_msp.c.obj
 .debug_info    0x0000112e      0x130 CMakeFiles/DEV.elf.dir/Core/Src/stm32f1xx_it.c.obj
 .debug_info    0x0000125e      0x248 CMakeFiles/DEV.elf.dir/Core/Src/system_stm32f1xx.c.obj
 .debug_info    0x000014a6      0xac2 CMakeFiles/DEV.elf.dir/Core/Src/tim.c.obj
 .debug_info    0x00001f68       0x22 CMakeFiles/DEV.elf.dir/Core/Startup/startup_stm32f103c8tx.s.obj
 .debug_info    0x00001f8a      0x7a8 CMakeFiles/DEV.elf.dir/Drivers/STM32F1xx_HAL_Driver/Src/stm32f1xx_hal.c.obj
 .debug_info    0x00002732      0xf3f CMakeFiles/DEV.elf.dir/Drivers/STM32F1xx_HAL_Driver/Src/stm32f1xx_hal_adc.c.obj
 .debug_info    0x00003671      0xd8a CMakeFiles/DEV.elf.dir/Drivers/STM32F1xx_HAL_Driver/Src/stm32f1xx_hal_cortex.c.obj
 .debug_info    0x000043fb      0x66f CMakeFiles/DEV.elf.dir/Drivers/STM32F1xx_HAL_Driver/Src/stm32f1xx_hal_gpio.c.obj
 .debug_info    0x00004a6a      0xa3b CMakeFiles/DEV.elf.dir/Drivers/STM32F1xx_HAL_Driver/Src/stm32f1xx_hal_rcc.c.obj
 .debug_info    0x000054a5      0x449 CMakeFiles/DEV.elf.dir/Drivers/STM32F1xx_HAL_Driver/Src/stm32f1xx_hal_rcc_ex.c.obj
 .debug_info    0x000058ee     0x3d7c CMakeFiles/DEV.elf.dir/Drivers/STM32F1xx_HAL_Driver/Src/stm32f1xx_hal_tim.c.obj
 .debug_info    0x0000966a     0x1abb CMakeFiles/DEV.elf.dir/Drivers/STM32F1xx_HAL_Driver/Src/stm32f1xx_hal_tim_ex.c.obj

.debug_abbrev   0x00000000     0x1b1e
 .debug_abbrev  0x00000000      0x1c1 CMakeFiles/DEV.elf.dir/Core/Src/adc.c.obj
 .debug_abbrev  0x000001c1      0x13c CMakeFiles/DEV.elf.dir/Core/Src/gpio.c.obj
 .debug_abbrev  0x000002fd      0x198 CMakeFiles/DEV.elf.dir/Core/Src/main.c.obj
 .debug_abbrev  0x00000495       0xe5 CMakeFiles/DEV.elf.dir/Core/Src/stm32f1xx_hal_msp.c.obj
 .debug_abbrev  0x0000057a       0x7e CMakeFiles/DEV.elf.dir/Core/Src/stm32f1xx_it.c.obj
 .debug_abbrev  0x000005f8      0x13e CMakeFiles/DEV.elf.dir/Core/Src/system_stm32f1xx.c.obj
 .debug_abbrev  0x00000736      0x1e6 CMakeFiles/DEV.elf.dir/Core/Src/tim.c.obj
 .debug_abbrev  0x0000091c       0x12 CMakeFiles/DEV.elf.dir/Core/Startup/startup_stm32f103c8tx.s.obj
 .debug_abbrev  0x0000092e      0x1f4 CMakeFiles/DEV.elf.dir/Drivers/STM32F1xx_HAL_Driver/Src/stm32f1xx_hal.c.obj
 .debug_abbrev  0x00000b22      0x1fc CMakeFiles/DEV.elf.dir/Drivers/STM32F1xx_HAL_Driver/Src/stm32f1xx_hal_adc.c.obj
 .debug_abbrev  0x00000d1e      0x341 CMakeFiles/DEV.elf.dir/Drivers/STM32F1xx_HAL_Driver/Src/stm32f1xx_hal_cortex.c.obj
 .debug_abbrev  0x0000105f      0x1e6 CMakeFiles/DEV.elf.dir/Drivers/STM32F1xx_HAL_Driver/Src/stm32f1xx_hal_gpio.c.obj
 .debug_abbrev  0x00001245      0x27a CMakeFiles/DEV.elf.dir/Drivers/STM32F1xx_HAL_Driver/Src/stm32f1xx_hal_rcc.c.obj
 .debug_abbrev  0x000014bf      0x1d2 CMakeFiles/DEV.elf.dir/Drivers/STM32F1xx_HAL_Driver/Src/stm32f1xx_hal_rcc_ex.c.obj
 .debug_abbrev  0x00001691      0x245 CMakeFiles/DEV.elf.dir/Drivers/STM32F1xx_HAL_Driver/Src/stm32f1xx_hal_tim.c.obj
 .debug_abbrev  0x000018d6      0x248 CMakeFiles/DEV.elf.dir/Drivers/STM32F1xx_HAL_Driver/Src/stm32f1xx_hal_tim_ex.c.obj

.debug_loc      0x00000000     0x9208
 .debug_loc     0x00000000       0x84 CMakeFiles/DEV.elf.dir/Core/Src/adc.c.obj
 .debug_loc     0x00000084       0x15 CMakeFiles/DEV.elf.dir/Core/Src/stm32f1xx_hal_msp.c.obj
 .debug_loc     0x00000099       0xff CMakeFiles/DEV.elf.dir/Core/Src/system_stm32f1xx.c.obj
 .debug_loc     0x00000198       0x84 CMakeFiles/DEV.elf.dir/Core/Src/tim.c.obj
 .debug_loc     0x0000021c      0x141 CMakeFiles/DEV.elf.dir/Drivers/STM32F1xx_HAL_Driver/Src/stm32f1xx_hal.c.obj
 .debug_loc     0x0000035d      0xb03 CMakeFiles/DEV.elf.dir/Drivers/STM32F1xx_HAL_Driver/Src/stm32f1xx_hal_adc.c.obj
 .debug_loc     0x00000e60      0x71f CMakeFiles/DEV.elf.dir/Drivers/STM32F1xx_HAL_Driver/Src/stm32f1xx_hal_cortex.c.obj
 .debug_loc     0x0000157f      0x47d CMakeFiles/DEV.elf.dir/Drivers/STM32F1xx_HAL_Driver/Src/stm32f1xx_hal_gpio.c.obj
 .debug_loc     0x000019fc      0x618 CMakeFiles/DEV.elf.dir/Drivers/STM32F1xx_HAL_Driver/Src/stm32f1xx_hal_rcc.c.obj
 .debug_loc     0x00002014      0x43d CMakeFiles/DEV.elf.dir/Drivers/STM32F1xx_HAL_Driver/Src/stm32f1xx_hal_rcc_ex.c.obj
 .debug_loc     0x00002451     0x5124 CMakeFiles/DEV.elf.dir/Drivers/STM32F1xx_HAL_Driver/Src/stm32f1xx_hal_tim.c.obj
 .debug_loc     0x00007575     0x1c93 CMakeFiles/DEV.elf.dir/Drivers/STM32F1xx_HAL_Driver/Src/stm32f1xx_hal_tim_ex.c.obj

.debug_aranges  0x00000000      0xa30
 .debug_aranges
                0x00000000       0x30 CMakeFiles/DEV.elf.dir/Core/Src/adc.c.obj
 .debug_aranges
                0x00000030       0x20 CMakeFiles/DEV.elf.dir/Core/Src/gpio.c.obj
 .debug_aranges
                0x00000050       0x30 CMakeFiles/DEV.elf.dir/Core/Src/main.c.obj
 .debug_aranges
                0x00000080       0x20 CMakeFiles/DEV.elf.dir/Core/Src/stm32f1xx_hal_msp.c.obj
 .debug_aranges
                0x000000a0       0x60 CMakeFiles/DEV.elf.dir/Core/Src/stm32f1xx_it.c.obj
 .debug_aranges
                0x00000100       0x28 CMakeFiles/DEV.elf.dir/Core/Src/system_stm32f1xx.c.obj
 .debug_aranges
                0x00000128       0x30 CMakeFiles/DEV.elf.dir/Core/Src/tim.c.obj
 .debug_aranges
                0x00000158       0x28 CMakeFiles/DEV.elf.dir/Core/Startup/startup_stm32f103c8tx.s.obj
 .debug_aranges
                0x00000180       0xe0 CMakeFiles/DEV.elf.dir/Drivers/STM32F1xx_HAL_Driver/Src/stm32f1xx_hal.c.obj
 .debug_aranges
                0x00000260       0xf0 CMakeFiles/DEV.elf.dir/Drivers/STM32F1xx_HAL_Driver/Src/stm32f1xx_hal_adc.c.obj
 .debug_aranges
                0x00000350       0x90 CMakeFiles/DEV.elf.dir/Drivers/STM32F1xx_HAL_Driver/Src/stm32f1xx_hal_cortex.c.obj
 .debug_aranges
                0x000003e0       0x58 CMakeFiles/DEV.elf.dir/Drivers/STM32F1xx_HAL_Driver/Src/stm32f1xx_hal_gpio.c.obj
 .debug_aranges
                0x00000438       0x90 CMakeFiles/DEV.elf.dir/Drivers/STM32F1xx_HAL_Driver/Src/stm32f1xx_hal_rcc.c.obj
 .debug_aranges
                0x000004c8       0x30 CMakeFiles/DEV.elf.dir/Drivers/STM32F1xx_HAL_Driver/Src/stm32f1xx_hal_rcc_ex.c.obj
 .debug_aranges
                0x000004f8      0x3d0 CMakeFiles/DEV.elf.dir/Drivers/STM32F1xx_HAL_Driver/Src/stm32f1xx_hal_tim.c.obj
 .debug_aranges
                0x000008c8      0x168 CMakeFiles/DEV.elf.dir/Drivers/STM32F1xx_HAL_Driver/Src/stm32f1xx_hal_tim_ex.c.obj

.debug_ranges   0x00000000      0x9d0
 .debug_ranges  0x00000000       0x20 CMakeFiles/DEV.elf.dir/Core/Src/adc.c.obj
 .debug_ranges  0x00000020       0x10 CMakeFiles/DEV.elf.dir/Core/Src/gpio.c.obj
 .debug_ranges  0x00000030       0x20 CMakeFiles/DEV.elf.dir/Core/Src/main.c.obj
 .debug_ranges  0x00000050       0x10 CMakeFiles/DEV.elf.dir/Core/Src/stm32f1xx_hal_msp.c.obj
 .debug_ranges  0x00000060       0x50 CMakeFiles/DEV.elf.dir/Core/Src/stm32f1xx_it.c.obj
 .debug_ranges  0x000000b0       0x18 CMakeFiles/DEV.elf.dir/Core/Src/system_stm32f1xx.c.obj
 .debug_ranges  0x000000c8       0x20 CMakeFiles/DEV.elf.dir/Core/Src/tim.c.obj
 .debug_ranges  0x000000e8       0x20 CMakeFiles/DEV.elf.dir/Core/Startup/startup_stm32f103c8tx.s.obj
 .debug_ranges  0x00000108       0xd0 CMakeFiles/DEV.elf.dir/Drivers/STM32F1xx_HAL_Driver/Src/stm32f1xx_hal.c.obj
 .debug_ranges  0x000001d8       0xe0 CMakeFiles/DEV.elf.dir/Drivers/STM32F1xx_HAL_Driver/Src/stm32f1xx_hal_adc.c.obj
 .debug_ranges  0x000002b8       0xe0 CMakeFiles/DEV.elf.dir/Drivers/STM32F1xx_HAL_Driver/Src/stm32f1xx_hal_cortex.c.obj
 .debug_ranges  0x00000398       0x48 CMakeFiles/DEV.elf.dir/Drivers/STM32F1xx_HAL_Driver/Src/stm32f1xx_hal_gpio.c.obj
 .debug_ranges  0x000003e0       0xa0 CMakeFiles/DEV.elf.dir/Drivers/STM32F1xx_HAL_Driver/Src/stm32f1xx_hal_rcc.c.obj
 .debug_ranges  0x00000480       0x38 CMakeFiles/DEV.elf.dir/Drivers/STM32F1xx_HAL_Driver/Src/stm32f1xx_hal_rcc_ex.c.obj
 .debug_ranges  0x000004b8      0x3c0 CMakeFiles/DEV.elf.dir/Drivers/STM32F1xx_HAL_Driver/Src/stm32f1xx_hal_tim.c.obj
 .debug_ranges  0x00000878      0x158 CMakeFiles/DEV.elf.dir/Drivers/STM32F1xx_HAL_Driver/Src/stm32f1xx_hal_tim_ex.c.obj

.debug_line     0x00000000     0xab46
 .debug_line    0x00000000      0x357 CMakeFiles/DEV.elf.dir/Core/Src/adc.c.obj
 .debug_line    0x00000357      0x21d CMakeFiles/DEV.elf.dir/Core/Src/gpio.c.obj
 .debug_line    0x00000574      0x359 CMakeFiles/DEV.elf.dir/Core/Src/main.c.obj
 .debug_line    0x000008cd      0x1b6 CMakeFiles/DEV.elf.dir/Core/Src/stm32f1xx_hal_msp.c.obj
 .debug_line    0x00000a83      0x197 CMakeFiles/DEV.elf.dir/Core/Src/stm32f1xx_it.c.obj
 .debug_line    0x00000c1a      0x280 CMakeFiles/DEV.elf.dir/Core/Src/system_stm32f1xx.c.obj
 .debug_line    0x00000e9a      0x3a6 CMakeFiles/DEV.elf.dir/Core/Src/tim.c.obj
 .debug_line    0x00001240       0x92 CMakeFiles/DEV.elf.dir/Core/Startup/startup_stm32f103c8tx.s.obj
 .debug_line    0x000012d2      0x586 CMakeFiles/DEV.elf.dir/Drivers/STM32F1xx_HAL_Driver/Src/stm32f1xx_hal.c.obj
 .debug_line    0x00001858      0xf36 CMakeFiles/DEV.elf.dir/Drivers/STM32F1xx_HAL_Driver/Src/stm32f1xx_hal_adc.c.obj
 .debug_line    0x0000278e      0x682 CMakeFiles/DEV.elf.dir/Drivers/STM32F1xx_HAL_Driver/Src/stm32f1xx_hal_cortex.c.obj
 .debug_line    0x00002e10      0x62a CMakeFiles/DEV.elf.dir/Drivers/STM32F1xx_HAL_Driver/Src/stm32f1xx_hal_gpio.c.obj
 .debug_line    0x0000343a      0xc67 CMakeFiles/DEV.elf.dir/Drivers/STM32F1xx_HAL_Driver/Src/stm32f1xx_hal_rcc.c.obj
 .debug_line    0x000040a1      0x4dc CMakeFiles/DEV.elf.dir/Drivers/STM32F1xx_HAL_Driver/Src/stm32f1xx_hal_rcc_ex.c.obj
 .debug_line    0x0000457d     0x49b5 CMakeFiles/DEV.elf.dir/Drivers/STM32F1xx_HAL_Driver/Src/stm32f1xx_hal_tim.c.obj
 .debug_line    0x00008f32     0x1c14 CMakeFiles/DEV.elf.dir/Drivers/STM32F1xx_HAL_Driver/Src/stm32f1xx_hal_tim_ex.c.obj

.debug_str      0x00000000     0x32ae
 .debug_str     0x00000000      0x5aa CMakeFiles/DEV.elf.dir/Core/Src/adc.c.obj
                                0x635 (size before relaxing)
 .debug_str     0x000005aa       0x5a CMakeFiles/DEV.elf.dir/Core/Src/gpio.c.obj
                                0x293 (size before relaxing)
 .debug_str     0x00000604      0x22e CMakeFiles/DEV.elf.dir/Core/Src/main.c.obj
                                0x40c (size before relaxing)
 .debug_str     0x00000832       0x66 CMakeFiles/DEV.elf.dir/Core/Src/stm32f1xx_hal_msp.c.obj
                                0x235 (size before relaxing)
 .debug_str     0x00000898       0xc3 CMakeFiles/DEV.elf.dir/Core/Src/stm32f1xx_it.c.obj
                                0x238 (size before relaxing)
 .debug_str     0x0000095b       0x94 CMakeFiles/DEV.elf.dir/Core/Src/system_stm32f1xx.c.obj
                                0x26a (size before relaxing)
 .debug_str     0x000009ef      0x442 CMakeFiles/DEV.elf.dir/Core/Src/tim.c.obj
                                0x905 (size before relaxing)
 .debug_str     0x00000e31       0x42 CMakeFiles/DEV.elf.dir/Core/Startup/startup_stm32f103c8tx.s.obj
                                 0x63 (size before relaxing)
 .debug_str     0x00000e73      0x604 CMakeFiles/DEV.elf.dir/Drivers/STM32F1xx_HAL_Driver/Src/stm32f1xx_hal.c.obj
                                0x83a (size before relaxing)
 .debug_str     0x00001477      0x353 CMakeFiles/DEV.elf.dir/Drivers/STM32F1xx_HAL_Driver/Src/stm32f1xx_hal_adc.c.obj
                                0x8f0 (size before relaxing)
 .debug_str     0x000017ca      0x3d1 CMakeFiles/DEV.elf.dir/Drivers/STM32F1xx_HAL_Driver/Src/stm32f1xx_hal_cortex.c.obj
                                0x8e9 (size before relaxing)
 .debug_str     0x00001b9b      0x126 CMakeFiles/DEV.elf.dir/Drivers/STM32F1xx_HAL_Driver/Src/stm32f1xx_hal_gpio.c.obj
                                0x416 (size before relaxing)
 .debug_str     0x00001cc1      0x1f1 CMakeFiles/DEV.elf.dir/Drivers/STM32F1xx_HAL_Driver/Src/stm32f1xx_hal_rcc.c.obj
                                0x641 (size before relaxing)
 .debug_str     0x00001eb2       0x90 CMakeFiles/DEV.elf.dir/Drivers/STM32F1xx_HAL_Driver/Src/stm32f1xx_hal_rcc_ex.c.obj
                                0x3e9 (size before relaxing)
 .debug_str     0x00001f42      0xe3c CMakeFiles/DEV.elf.dir/Drivers/STM32F1xx_HAL_Driver/Src/stm32f1xx_hal_tim.c.obj
                               0x1665 (size before relaxing)
 .debug_str     0x00002d7e      0x530 CMakeFiles/DEV.elf.dir/Drivers/STM32F1xx_HAL_Driver/Src/stm32f1xx_hal_tim_ex.c.obj
                                0xe56 (size before relaxing)

.comment        0x00000000       0x49
 .comment       0x00000000       0x49 CMakeFiles/DEV.elf.dir/Core/Src/adc.c.obj
                                 0x4a (size before relaxing)
 .comment       0x00000049       0x4a CMakeFiles/DEV.elf.dir/Core/Src/gpio.c.obj
 .comment       0x00000049       0x4a CMakeFiles/DEV.elf.dir/Core/Src/main.c.obj
 .comment       0x00000049       0x4a CMakeFiles/DEV.elf.dir/Core/Src/stm32f1xx_hal_msp.c.obj
 .comment       0x00000049       0x4a CMakeFiles/DEV.elf.dir/Core/Src/stm32f1xx_it.c.obj
 .comment       0x00000049       0x4a CMakeFiles/DEV.elf.dir/Core/Src/system_stm32f1xx.c.obj
 .comment       0x00000049       0x4a CMakeFiles/DEV.elf.dir/Core/Src/tim.c.obj
 .comment       0x00000049       0x4a CMakeFiles/DEV.elf.dir/Drivers/STM32F1xx_HAL_Driver/Src/stm32f1xx_hal.c.obj
 .comment       0x00000049       0x4a CMakeFiles/DEV.elf.dir/Drivers/STM32F1xx_HAL_Driver/Src/stm32f1xx_hal_adc.c.obj
 .comment       0x00000049       0x4a CMakeFiles/DEV.elf.dir/Drivers/STM32F1xx_HAL_Driver/Src/stm32f1xx_hal_cortex.c.obj
 .comment       0x00000049       0x4a CMakeFiles/DEV.elf.dir/Drivers/STM32F1xx_HAL_Driver/Src/stm32f1xx_hal_gpio.c.obj
 .comment       0x00000049       0x4a CMakeFiles/DEV.elf.dir/Drivers/STM32F1xx_HAL_Driver/Src/stm32f1xx_hal_rcc.c.obj
 .comment       0x00000049       0x4a CMakeFiles/DEV.elf.dir/Drivers/STM32F1xx_HAL_Driver/Src/stm32f1xx_hal_rcc_ex.c.obj
 .comment       0x00000049       0x4a CMakeFiles/DEV.elf.dir/Drivers/STM32F1xx_HAL_Driver/Src/stm32f1xx_hal_tim.c.obj
 .comment       0x00000049       0x4a CMakeFiles/DEV.elf.dir/Drivers/STM32F1xx_HAL_Driver/Src/stm32f1xx_hal_tim_ex.c.obj

.debug_frame    0x00000000     0x1a48
 .debug_frame   0x00000000       0x68 CMakeFiles/DEV.elf.dir/Core/Src/adc.c.obj
 .debug_frame   0x00000068       0x30 CMakeFiles/DEV.elf.dir/Core/Src/gpio.c.obj
 .debug_frame   0x00000098       0x58 CMakeFiles/DEV.elf.dir/Core/Src/main.c.obj
 .debug_frame   0x000000f0       0x28 CMakeFiles/DEV.elf.dir/Core/Src/stm32f1xx_hal_msp.c.obj
 .debug_frame   0x00000118       0xa8 CMakeFiles/DEV.elf.dir/Core/Src/stm32f1xx_it.c.obj
 .debug_frame   0x000001c0       0x30 CMakeFiles/DEV.elf.dir/Core/Src/system_stm32f1xx.c.obj
 .debug_frame   0x000001f0       0x68 CMakeFiles/DEV.elf.dir/Core/Src/tim.c.obj
 .debug_frame   0x00000258      0x1cc CMakeFiles/DEV.elf.dir/Drivers/STM32F1xx_HAL_Driver/Src/stm32f1xx_hal.c.obj
 .debug_frame   0x00000424      0x2c8 CMakeFiles/DEV.elf.dir/Drivers/STM32F1xx_HAL_Driver/Src/stm32f1xx_hal_adc.c.obj
 .debug_frame   0x000006ec      0x118 CMakeFiles/DEV.elf.dir/Drivers/STM32F1xx_HAL_Driver/Src/stm32f1xx_hal_cortex.c.obj
 .debug_frame   0x00000804       0xe4 CMakeFiles/DEV.elf.dir/Drivers/STM32F1xx_HAL_Driver/Src/stm32f1xx_hal_gpio.c.obj
 .debug_frame   0x000008e8      0x184 CMakeFiles/DEV.elf.dir/Drivers/STM32F1xx_HAL_Driver/Src/stm32f1xx_hal_rcc.c.obj
 .debug_frame   0x00000a6c       0x5c CMakeFiles/DEV.elf.dir/Drivers/STM32F1xx_HAL_Driver/Src/stm32f1xx_hal_rcc_ex.c.obj
 .debug_frame   0x00000ac8      0xb1c CMakeFiles/DEV.elf.dir/Drivers/STM32F1xx_HAL_Driver/Src/stm32f1xx_hal_tim.c.obj
 .debug_frame   0x000015e4      0x40c CMakeFiles/DEV.elf.dir/Drivers/STM32F1xx_HAL_Driver/Src/stm32f1xx_hal_tim_ex.c.obj
 .debug_frame   0x000019f0       0x2c d:/dev/qrs/gcc-arm-none-eabi-10.3-2021.10-win32/gcc-arm-none-eabi-10.3-2021.10/bin/../lib/gcc/arm-none-eabi/10.3.1/../../../../arm-none-eabi/lib/thumb/v7-m/nofp\libg.a(lib_a-init.o)
 .debug_frame   0x00001a1c       0x2c d:/dev/qrs/gcc-arm-none-eabi-10.3-2021.10-win32/gcc-arm-none-eabi-10.3-2021.10/bin/../lib/gcc/arm-none-eabi/10.3.1/../../../../arm-none-eabi/lib/thumb/v7-m/nofp\libg.a(lib_a-memset.o)
